Archive member included to satisfy reference by file (symbol)

build/waf.bootloader-NoOS-MurataType1LD/libraries/App_WICED_Bootloader_MurataType1LD.a(bootloader.o)
                              build/waf.bootloader-NoOS-MurataType1LD/Modules/./WICED/platform/MCU/STM32F4xx/../../ARM_CM4/crt0_GCC.o (main)
build/waf.bootloader-NoOS-MurataType1LD/libraries/Platform_MurataType1LD.a(platform.o)
                              build/waf.bootloader-NoOS-MurataType1LD/Modules/./WICED/platform/MCU/STM32F4xx/../../ARM_CM4/crt0_GCC.o (platform_init_external_devices)
build/waf.bootloader-NoOS-MurataType1LD/libraries/WWD_NoOS_Interface.a(wwd_rtos.o)
                              build/waf.bootloader-NoOS-MurataType1LD/Modules/WICED/platform/GCC/time_newlib.o (host_rtos_get_time)
build/waf.bootloader-NoOS-MurataType1LD/libraries/WWD_NoOS_Interface.a(noos.o)
                              build/waf.bootloader-NoOS-MurataType1LD/libraries/App_WICED_Bootloader_MurataType1LD.a(bootloader.o) (NoOS_setup_timing)
build/waf.bootloader-NoOS-MurataType1LD/libraries/STM32F4xx.a(platform_stdio.o)
                              build/waf.bootloader-NoOS-MurataType1LD/Modules/WICED/platform/GCC/stdio_newlib.o (platform_stdio_write)
build/waf.bootloader-NoOS-MurataType1LD/libraries/STM32F4xx.a(wiced_waf_common.o)
                              build/waf.bootloader-NoOS-MurataType1LD/libraries/App_WICED_Bootloader_MurataType1LD.a(bootloader.o) (wiced_waf_app_set_boot)
build/waf.bootloader-NoOS-MurataType1LD/libraries/STM32F4xx.a(platform_init.o)
                              build/waf.bootloader-NoOS-MurataType1LD/libraries/STM32F4xx.a(wiced_waf_common.o) (platform_mcu_reset)
build/waf.bootloader-NoOS-MurataType1LD/libraries/STM32F4xx.a(platform_unhandled_isr.o)
                              build/waf.bootloader-NoOS-MurataType1LD/Modules/./WICED/platform/MCU/STM32F4xx/platform_vector_table.o (UnhandledInterrupt)
build/waf.bootloader-NoOS-MurataType1LD/libraries/STM32F4xx.a(waf_platform.o)
                              build/waf.bootloader-NoOS-MurataType1LD/libraries/STM32F4xx.a(wiced_waf_common.o) (platform_start_app)
build/waf.bootloader-NoOS-MurataType1LD/libraries/STM32F4xx.a(wiced_dct_internal_common.o)
                              build/waf.bootloader-NoOS-MurataType1LD/libraries/App_WICED_Bootloader_MurataType1LD.a(bootloader.o) (wiced_dct_read_with_copy)
build/waf.bootloader-NoOS-MurataType1LD/libraries/STM32F4xx.a(wiced_dct_update.o)
                              build/waf.bootloader-NoOS-MurataType1LD/libraries/STM32F4xx.a(wiced_dct_internal_common.o) (wiced_dct_minimal_check_dct_header)
build/waf.bootloader-NoOS-MurataType1LD/libraries/STM32F4xx.a(wwd_platform_separate_mcu.o)
                              build/waf.bootloader-NoOS-MurataType1LD/libraries/STM32F4xx.a(platform_init.o) (host_platform_init)
build/waf.bootloader-NoOS-MurataType1LD/libraries/STM32F4xx.a(wiced_apps_common.o)
                              build/waf.bootloader-NoOS-MurataType1LD/libraries/STM32F4xx.a(wiced_waf_common.o) (wiced_apps_get_size)
build/waf.bootloader-NoOS-MurataType1LD/libraries/STM32F4xx.a(platform_filesystem.o)
                              build/waf.bootloader-NoOS-MurataType1LD/libraries/STM32F4xx.a(wwd_platform_separate_mcu.o) (platform_filesystem_init)
build/waf.bootloader-NoOS-MurataType1LD/libraries/STM32F4xx_Peripheral_Drivers.a(platform_gpio.o)
                              build/waf.bootloader-NoOS-MurataType1LD/libraries/Platform_MurataType1LD.a(platform.o) (platform_gpio_deinit)
build/waf.bootloader-NoOS-MurataType1LD/libraries/STM32F4xx_Peripheral_Drivers.a(platform_mcu_powersave.o)
                              build/waf.bootloader-NoOS-MurataType1LD/libraries/Platform_MurataType1LD.a(platform.o) (platform_mcu_powersave_disable)
build/waf.bootloader-NoOS-MurataType1LD/libraries/STM32F4xx_Peripheral_Drivers.a(platform_uart.o)
                              build/waf.bootloader-NoOS-MurataType1LD/libraries/Platform_MurataType1LD.a(platform.o) (platform_uart_irq)
build/waf.bootloader-NoOS-MurataType1LD/libraries/STM32F4xx_Peripheral_Drivers.a(platform_watchdog.o)
                              build/waf.bootloader-NoOS-MurataType1LD/libraries/STM32F4xx.a(platform_init.o) (platform_watchdog_init)
build/waf.bootloader-NoOS-MurataType1LD/libraries/Lib_Ring_Buffer.a(ring_buffer.o)
                              build/waf.bootloader-NoOS-MurataType1LD/libraries/STM32F4xx_Peripheral_Drivers.a(platform_uart.o) (ring_buffer_get_data)
build/waf.bootloader-NoOS-MurataType1LD/libraries/STM32F4xx_Peripheral_Libraries.a(misc.o)
                              build/waf.bootloader-NoOS-MurataType1LD/libraries/STM32F4xx.a(platform_init.o) (NVIC_PriorityGroupConfig)
build/waf.bootloader-NoOS-MurataType1LD/libraries/STM32F4xx_Peripheral_Libraries.a(stm32f4xx_dma.o)
                              build/waf.bootloader-NoOS-MurataType1LD/libraries/STM32F4xx_Peripheral_Drivers.a(platform_uart.o) (DMA_DeInit)
[...]
Memory Configuration

Name             Origin             Length             Attributes
BTLDR_VECTORS    0x08000000         0x00000200         xr
SHARED_API       0x08000200         0x00000200         xr
BTLDR_CODE       0x08000400         0x00003c00         xr
DCT1_FLASH       0x08004000         0x00004000         xr
DCT2_FLASH       0x08008000         0x00004000         xr
APP_CODE         0x0800c000         0x000f4000         xr
SRAM             0x20000000         0x00040000         xrw
BTLDR_SRAM       0x2001bc00         0x00004400         xrw
*default*        0x00000000         0xffffffff

Linker script and memory map

                0x08000618                reset_handler = _start

.vectors        0x08000000      0x18c
                0x08000000                link_interrupt_vectors_location = .
 *(*.interrupt_vector_table)
 .rodata.interrupt_vector_table
                0x08000000      0x18c build/waf.bootloader-NoOS-MurataType1LD/Modules/./WICED/platform/MCU/STM32F4xx/platform_vector_table.o
                0x08000000                interrupt_vector_table

.shared_api     0x08000200        0x0
                0x08000200                shared_api_location = .
 *(.rodata.shared_waf_api_val)

.text           0x08000400     0x2c80
                0x08000400                link_code_location = .
 *(.text.irq)
 .text.irq      0x08000400      0x108 build/waf.bootloader-NoOS-MurataType1LD/libraries/Platform_MurataType1LD.a(platform.o)
                0x08000400                USART1_irq
                0x08000400                usart1_irq
                0x0800041c                usart2_irq
                0x0800041c                USART2_irq
                0x0800043c                USART6_irq
                0x0800043c                usart6_irq
                0x08000458                usart1_tx_dma_irq
                0x08000458                DMA2_Stream7_irq
                0x08000474                usart2_tx_dma_irq
                0x08000474                DMA1_Stream6_irq
                0x08000494                DMA2_Stream6_irq
                0x08000494                usart6_tx_dma_irq
                0x080004b0                DMA2_Stream2_irq
                0x080004b0                usart1_rx_dma_irq
                0x080004cc                DMA1_Stream5_irq
                0x080004cc                usart2_rx_dma_irq
                0x080004ec                DMA2_Stream1_irq
                0x080004ec                usart6_rx_dma_irq
 .text.irq      0x08000508       0x20 build/waf.bootloader-NoOS-MurataType1LD/libraries/WWD_NoOS_Interface.a(noos.o)
                0x08000508                NoOS_systick_irq
 .text.irq      0x08000528       0x20 build/waf.bootloader-NoOS-MurataType1LD/libraries/STM32F4xx.a(platform_unhandled_isr.o)
                0x08000528                MemManageException
                0x08000528                BusFaultException
                0x08000528                OTG_HS_EP1_OUT_irq
                0x08000528                CAN2_RX0_irq
                0x08000528                UART5_irq
                0x08000528                DMA1_Stream3_irq
                0x08000528                SPI2_irq
                0x08000528                USART3_irq
                0x08000528                FSMC_irq
                0x08000528                DebugMonitor
                0x08000528                TIM1_UP_TIM10_irq
                0x08000528                CAN1_TX_irq
                0x08000528                FPU_irq
                0x08000528                UART7_irq
                0x08000528                HardFaultException
                0x08000528                TIM2_irq
                0x08000528                SPI1_irq
                0x08000528                ETH_WKUP_irq
                0x08000528                TAMP_STAMP_irq
                0x08000528                ADC_irq
                0x08000528                TIM8_UP_TIM13_irq
                0x08000528                DMA1_Stream1_irq
                0x08000528                ETH_irq
                0x08000528                UnhandledInterrupt
                0x08000528                DMA1_Stream2_irq
                0x08000528                RTC_Alarm_irq
                0x08000528                TIM8_CC_irq
                0x08000528                DMA2_Stream4_irq
                0x08000528                I2C1_ER_irq
                0x08000528                DMA1_Stream0_irq
                0x08000528                NMIException
                0x08000528                DMA2_Stream0_irq
                0x08000528                OTG_FS_WKUP_irq
                0x08000528                I2C1_EV_irq
                0x08000528                DMA1_Stream4_irq
                0x08000528                CAN2_TX_irq
                0x08000528                WWDG_irq
                0x08000528                DMA2_Stream5_irq
                0x08000528                SPI3_irq
                0x08000528                PVD_irq
                0x08000528                DMA2_Stream3_irq
                0x08000528                TIM8_TRG_COM_TIM14_irq
                0x08000528                OTG_HS_EP1_IN_irq
                0x08000528                TIM1_TRG_COM_TIM11_irq
                0x08000528                I2C2_EV_irq
                0x08000528                CRYP_irq
                0x08000528                I2C3_EV_irq
                0x08000528                DMA1_Stream7_irq
                0x08000528                HASH_RNG_irq
                0x08000528                TIM1_CC_irq
                0x08000528                TIM8_BRK_TIM12_irq
                0x08000528                CAN2_RX1_irq
                0x08000528                RTC_WKUP_irq
                0x08000528                CAN1_RX1_irq
                0x08000528                TIM6_DAC_irq
                0x08000528                TIM7_irq
                0x08000528                CAN1_RX0_irq
                0x08000528                OTG_HS_WKUP_irq
                0x08000528                TIM1_BRK_TIM9_irq
                0x08000528                OTG_FS_irq
                0x08000528                TIM5_irq
                0x08000528                DCMI_irq
                0x08000528                UART4_irq
                0x08000528                CAN1_SCE_irq
                0x08000528                UsageFaultException
                0x08000528                SDIO_irq
                0x08000528                OTG_HS_irq
                0x08000528                CAN2_SCE_irq
                0x08000528                I2C3_ER_irq
                0x08000528                RCC_irq
                0x08000528                FLASH_irq
                0x08000528                I2C2_ER_irq
                0x08000528                TIM3_irq
 .text.irq      0x08000548       0xb0 build/waf.bootloader-NoOS-MurataType1LD/libraries/STM32F4xx_Peripheral_Drivers.a(platform_gpio.o)
                0x08000548                EXTI4_irq
                0x08000548                EXTI1_irq
                0x08000548                EXTI0_irq
                0x08000548                EXTI15_10_irq
                0x08000548                gpio_irq
                0x08000548                EXTI3_irq
                0x08000548                EXTI2_irq
                0x08000548                EXTI9_5_irq
 .text.irq      0x080005f8       0x20 build/waf.bootloader-NoOS-MurataType1LD/libraries/STM32F4xx_Peripheral_Drivers.a(platform_watchdog.o)
                0x080005f8                dbg_watchdog_irq
                0x080005f8                TIM4_irq
 *(.text .text.* .gnu.linkonce.t.*)
 .text._start   0x08000618       0xc8 build/waf.bootloader-NoOS-MurataType1LD/Modules/./WICED/platform/MCU/STM32F4xx/../../ARM_CM4/crt0_GCC.o
                0x08000618                _start
 .text.startup.main
                0x080006e0       0x84 build/waf.bootloader-NoOS-MurataType1LD/libraries/App_WICED_Bootloader_MurataType1LD.a(bootloader.o)
                0x080006e0                main
 .text.platform_init_peripheral_irq_priorities
                0x08000764       0x60 build/waf.bootloader-NoOS-MurataType1LD/libraries/Platform_MurataType1LD.a(platform.o)
                0x08000764                platform_init_peripheral_irq_priorities
 .text.platform_init_external_devices
                0x080007c4       0x44 build/waf.bootloader-NoOS-MurataType1LD/libraries/Platform_MurataType1LD.a(platform.o)
                0x080007c4                platform_init_external_devices
 .text.platform_get_factory_reset_button_time
                0x08000808       0x60 build/waf.bootloader-NoOS-MurataType1LD/libraries/Platform_MurataType1LD.a(platform.o)
                0x08000808                platform_get_factory_reset_button_time
 .text.host_rtos_set_semaphore
                0x08000868       0x16 build/waf.bootloader-NoOS-MurataType1LD/libraries/WWD_NoOS_Interface.a(wwd_rtos.o)
                0x08000868                host_rtos_set_semaphore
 *fill*         0x0800087e        0x2 
 .text.host_rtos_delay_milliseconds
                0x08000880       0x14 build/waf.bootloader-NoOS-MurataType1LD/libraries/WWD_NoOS_Interface.a(wwd_rtos.o)
                0x08000880                host_rtos_delay_milliseconds
 .text.NoOS_setup_timing
                0x08000894       0x20 build/waf.bootloader-NoOS-MurataType1LD/libraries/WWD_NoOS_Interface.a(noos.o)
                0x08000894                NoOS_setup_timing
 .text.NoOS_stop_timing
                0x080008b4       0x1c build/waf.bootloader-NoOS-MurataType1LD/libraries/WWD_NoOS_Interface.a(noos.o)
                0x080008b4                NoOS_stop_timing
 .text.platform_init_rtos_irq_priorities
                0x080008d0       0x20 build/waf.bootloader-NoOS-MurataType1LD/libraries/WWD_NoOS_Interface.a(noos.o)
                0x080008d0                platform_init_rtos_irq_priorities
 .text.wiced_waf_app_set_boot
                0x080008f0       0x32 build/waf.bootloader-NoOS-MurataType1LD/libraries/STM32F4xx.a(wiced_waf_common.o)
                0x080008f0                wiced_waf_app_set_boot
 .text.wiced_waf_app_load
                0x08000922       0xb8 build/waf.bootloader-NoOS-MurataType1LD/libraries/STM32F4xx.a(wiced_waf_common.o)
                0x08000922                wiced_waf_app_load
 .text.wiced_waf_start_app
                0x080009da        0x4 build/waf.bootloader-NoOS-MurataType1LD/libraries/STM32F4xx.a(wiced_waf_common.o)
                0x080009da                wiced_waf_start_app
 .text.wiced_waf_check_factory_reset
                0x080009de       0x18 build/waf.bootloader-NoOS-MurataType1LD/libraries/STM32F4xx.a(wiced_waf_common.o)
                0x080009de                wiced_waf_check_factory_reset
 *fill*         0x080009f6        0x2 
 .text.platform_mcu_reset
                0x080009f8       0x20 build/waf.bootloader-NoOS-MurataType1LD/libraries/STM32F4xx.a(platform_init.o)
                0x080009f8                platform_mcu_reset
 .text.platform_init_system_clocks
                0x08000a18       0x6c build/waf.bootloader-NoOS-MurataType1LD/libraries/STM32F4xx.a(platform_init.o)
                0x08000a18                platform_init_system_clocks
 .text.platform_init_memory
                0x08000a84        0x2 build/waf.bootloader-NoOS-MurataType1LD/libraries/STM32F4xx.a(platform_init.o)
                0x08000a84                platform_init_memory
 *fill*         0x08000a86        0x2 
 .text.platform_init_mcu_infrastructure
                0x08000a88       0x34 build/waf.bootloader-NoOS-MurataType1LD/libraries/STM32F4xx.a(platform_init.o)
                0x08000a88                platform_init_mcu_infrastructure
 .text.platform_start_app
                0x08000abc       0x34 build/waf.bootloader-NoOS-MurataType1LD/libraries/STM32F4xx.a(waf_platform.o)
                0x08000abc                platform_start_app
 .text.platform_erase_flash
                0x08000af0       0x3e build/waf.bootloader-NoOS-MurataType1LD/libraries/STM32F4xx.a(waf_platform.o)
                0x08000af0                platform_erase_flash
 .text.platform_write_flash_chunk
                0x08000b2e       0x7a build/waf.bootloader-NoOS-MurataType1LD/libraries/STM32F4xx.a(waf_platform.o)
                0x08000b2e                platform_write_flash_chunk
 .text.platform_erase_app_area
                0x08000ba8       0x24 build/waf.bootloader-NoOS-MurataType1LD/libraries/STM32F4xx.a(waf_platform.o)
                0x08000ba8                platform_erase_app_area
 .text.platform_load_app_chunk
                0x08000bcc       0x60 build/waf.bootloader-NoOS-MurataType1LD/libraries/STM32F4xx.a(waf_platform.o)
                0x08000bcc                platform_load_app_chunk
 .text.wiced_dct_copy_sflash
                0x08000c2c       0x3c build/waf.bootloader-NoOS-MurataType1LD/libraries/STM32F4xx.a(wiced_dct_internal_common.o)
 .text.wiced_dct_generate_crc_from_flash.constprop.2
                0x08000c68       0x3e build/waf.bootloader-NoOS-MurataType1LD/libraries/STM32F4xx.a(wiced_dct_internal_common.o)
 *fill*         0x08000ca6        0x2 
 .text.wiced_dct_finish_new_dct
                0x08000ca8       0xe8 build/waf.bootloader-NoOS-MurataType1LD/libraries/STM32F4xx.a(wiced_dct_internal_common.o)
 .text.wiced_dct_validate_and_determine_version
                0x08000d90       0xd6 build/waf.bootloader-NoOS-MurataType1LD/libraries/STM32F4xx.a(wiced_dct_internal_common.o)
                0x08000d90                wiced_dct_validate_and_determine_version
 *fill*         0x08000e66        0x2 
 .text.wiced_dct_erase_non_current_dct
                0x08000e68       0x18 build/waf.bootloader-NoOS-MurataType1LD/libraries/STM32F4xx.a(wiced_dct_internal_common.o)
                0x08000e68                wiced_dct_erase_non_current_dct
 .text.wiced_dct_get_current_address
                0x08000e80      0x154 build/waf.bootloader-NoOS-MurataType1LD/libraries/STM32F4xx.a(wiced_dct_internal_common.o)
                0x08000e80                wiced_dct_get_current_address
 .text.wiced_dct_read_with_copy
                0x08000fd4       0x24 build/waf.bootloader-NoOS-MurataType1LD/libraries/STM32F4xx.a(wiced_dct_internal_common.o)
                0x08000fd4                wiced_dct_read_with_copy
 .text.wiced_dct_start_new_from_current.part.0
                0x08000ff8       0x98 build/waf.bootloader-NoOS-MurataType1LD/libraries/STM32F4xx.a(wiced_dct_internal_common.o)
 .text.wiced_dct_write_app_location.part.1
                0x08001090       0x8c build/waf.bootloader-NoOS-MurataType1LD/libraries/STM32F4xx.a(wiced_dct_internal_common.o)
 .text.wiced_dct_write_boot_details
                0x0800111c       0x70 build/waf.bootloader-NoOS-MurataType1LD/libraries/STM32F4xx.a(wiced_dct_internal_common.o)
                0x0800111c                wiced_dct_write_boot_details
 .text.wiced_dct_restore_factory_reset
                0x0800118c       0xc8 build/waf.bootloader-NoOS-MurataType1LD/libraries/STM32F4xx.a(wiced_dct_internal_common.o)
                0x0800118c                wiced_dct_restore_factory_reset
 .text.wiced_dct_get_app_header_location
                0x08001254       0x1c build/waf.bootloader-NoOS-MurataType1LD/libraries/STM32F4xx.a(wiced_dct_internal_common.o)
                0x08001254                wiced_dct_get_app_header_location
 .text.wiced_dct_minimal_check_dct_header
                0x08001270       0x28 build/waf.bootloader-NoOS-MurataType1LD/libraries/STM32F4xx.a(wiced_dct_update.o)
                0x08001270                wiced_dct_minimal_check_dct_header
 .text.wiced_dct_minimal_check_dct_version
                0x08001298       0x28 build/waf.bootloader-NoOS-MurataType1LD/libraries/STM32F4xx.a(wiced_dct_update.o)
                0x08001298                wiced_dct_minimal_check_dct_version
 .text.wiced_apps_get_physical_address
                0x080012c0       0x72 build/waf.bootloader-NoOS-MurataType1LD/libraries/STM32F4xx.a(wiced_apps_common.o)
 *fill*         0x08001332        0x2 
 .text.wiced_apps_read
                0x08001334       0x94 build/waf.bootloader-NoOS-MurataType1LD/libraries/STM32F4xx.a(wiced_apps_common.o)
                0x08001334                wiced_apps_read
 .text.platform_gpio_deinit
                0x080013c8       0x38 build/waf.bootloader-NoOS-MurataType1LD/libraries/STM32F4xx_Peripheral_Drivers.a(platform_gpio.o)
                0x080013c8                platform_gpio_deinit
 .text.platform_gpio_output_high
                0x08001400       0x1c build/waf.bootloader-NoOS-MurataType1LD/libraries/STM32F4xx_Peripheral_Drivers.a(platform_gpio.o)
                0x08001400                platform_gpio_output_high
 .text.platform_gpio_output_low
                0x0800141c       0x1c build/waf.bootloader-NoOS-MurataType1LD/libraries/STM32F4xx_Peripheral_Drivers.a(platform_gpio.o)
                0x0800141c                platform_gpio_output_low
 .text.platform_gpio_input_get
                0x08001438       0x22 build/waf.bootloader-NoOS-MurataType1LD/libraries/STM32F4xx_Peripheral_Drivers.a(platform_gpio.o)
                0x08001438                platform_gpio_input_get
 *fill*         0x0800145a        0x2 
 .text.platform_gpio_irq_manager_init
                0x0800145c       0x20 build/waf.bootloader-NoOS-MurataType1LD/libraries/STM32F4xx_Peripheral_Drivers.a(platform_gpio.o)
                0x0800145c                platform_gpio_irq_manager_init
 .text.platform_gpio_get_port_number
                0x0800147c       0x80 build/waf.bootloader-NoOS-MurataType1LD/libraries/STM32F4xx_Peripheral_Drivers.a(platform_gpio.o)
                0x0800147c                platform_gpio_get_port_number
 .text.platform_gpio_init
                0x080014fc       0x80 build/waf.bootloader-NoOS-MurataType1LD/libraries/STM32F4xx_Peripheral_Drivers.a(platform_gpio.o)
                0x080014fc                platform_gpio_init
 .text.platform_gpio_set_alternate_function
                0x0800157c       0x68 build/waf.bootloader-NoOS-MurataType1LD/libraries/STM32F4xx_Peripheral_Drivers.a(platform_gpio.o)
                0x0800157c                platform_gpio_set_alternate_function
 .text.platform_mcu_powersave_disable
                0x080015e4        0x6 build/waf.bootloader-NoOS-MurataType1LD/libraries/STM32F4xx_Peripheral_Drivers.a(platform_mcu_powersave.o)
                0x080015e4                platform_mcu_powersave_disable
 .text.platform_mcu_powersave_enable
                0x080015ea        0x6 build/waf.bootloader-NoOS-MurataType1LD/libraries/STM32F4xx_Peripheral_Drivers.a(platform_mcu_powersave.o)
                0x080015ea                platform_mcu_powersave_enable
 .text.clear_dma_interrupts
                0x080015f0       0x4c build/waf.bootloader-NoOS-MurataType1LD/libraries/STM32F4xx_Peripheral_Drivers.a(platform_uart.o)
 .text.get_dma_irq_status
                0x0800163c       0x34 build/waf.bootloader-NoOS-MurataType1LD/libraries/STM32F4xx_Peripheral_Drivers.a(platform_uart.o)
 .text.platform_uart_irq
                0x08001670       0x38 build/waf.bootloader-NoOS-MurataType1LD/libraries/STM32F4xx_Peripheral_Drivers.a(platform_uart.o)
                0x08001670                platform_uart_irq
 .text.platform_uart_tx_dma_irq
                0x080016a8       0x4c build/waf.bootloader-NoOS-MurataType1LD/libraries/STM32F4xx_Peripheral_Drivers.a(platform_uart.o)
                0x080016a8                platform_uart_tx_dma_irq
 .text.platform_uart_rx_dma_irq
                0x080016f4       0x4c build/waf.bootloader-NoOS-MurataType1LD/libraries/STM32F4xx_Peripheral_Drivers.a(platform_uart.o)
                0x080016f4                platform_uart_rx_dma_irq
 .text.platform_watchdog_init
                0x08001740       0x94 build/waf.bootloader-NoOS-MurataType1LD/libraries/STM32F4xx_Peripheral_Drivers.a(platform_watchdog.o)
                0x08001740                platform_watchdog_init
 .text.platform_watchdog_kick
                0x080017d4       0x4c build/waf.bootloader-NoOS-MurataType1LD/libraries/STM32F4xx_Peripheral_Drivers.a(platform_watchdog.o)
                0x080017d4                platform_watchdog_kick
 .text.ring_buffer_used_space
                0x08001820       0x14 build/waf.bootloader-NoOS-MurataType1LD/libraries/Lib_Ring_Buffer.a(ring_buffer.o)
                0x08001820                ring_buffer_used_space
 .text.NVIC_PriorityGroupConfig
                0x08001834       0x14 build/waf.bootloader-NoOS-MurataType1LD/libraries/STM32F4xx_Peripheral_Libraries.a(misc.o)
                0x08001834                NVIC_PriorityGroupConfig
 .text.SysTick_CLKSourceConfig
                0x08001848       0x18 build/waf.bootloader-NoOS-MurataType1LD/libraries/STM32F4xx_Peripheral_Libraries.a(misc.o)
                0x08001848                SysTick_CLKSourceConfig
 .text.DMA_DeInit
                0x08001860      0x110 build/waf.bootloader-NoOS-MurataType1LD/libraries/STM32F4xx_Peripheral_Libraries.a(stm32f4xx_dma.o)
                0x08001860                DMA_DeInit
 .text.DMA_Init
                0x08001970       0x54 build/waf.bootloader-NoOS-MurataType1LD/libraries/STM32F4xx_Peripheral_Libraries.a(stm32f4xx_dma.o)
                0x08001970                DMA_Init
 .text.DMA_Cmd  0x080019c4       0x12 build/waf.bootloader-NoOS-MurataType1LD/libraries/STM32F4xx_Peripheral_Libraries.a(stm32f4xx_dma.o)
                0x080019c4                DMA_Cmd
 .text.DMA_GetCurrDataCounter
                0x080019d6        0x6 build/waf.bootloader-NoOS-MurataType1LD/libraries/STM32F4xx_Peripheral_Libraries.a(stm32f4xx_dma.o)
                0x080019d6                DMA_GetCurrDataCounter
 .text.DMA_GetCmdStatus
                0x080019dc        0x8 build/waf.bootloader-NoOS-MurataType1LD/libraries/STM32F4xx_Peripheral_Libraries.a(stm32f4xx_dma.o)
                0x080019dc                DMA_GetCmdStatus
 .text.DMA_ClearFlag
                0x080019e4       0x30 build/waf.bootloader-NoOS-MurataType1LD/libraries/STM32F4xx_Peripheral_Libraries.a(stm32f4xx_dma.o)
                0x080019e4                DMA_ClearFlag
 .text.FLASH_SetLatency
                0x08001a14        0xc build/waf.bootloader-NoOS-MurataType1LD/libraries/STM32F4xx_Peripheral_Libraries.a(stm32f4xx_flash.o)
                0x08001a14                FLASH_SetLatency
 .text.FLASH_PrefetchBufferCmd
                0x08001a20       0x18 build/waf.bootloader-NoOS-MurataType1LD/libraries/STM32F4xx_Peripheral_Libraries.a(stm32f4xx_flash.o)
                0x08001a20                FLASH_PrefetchBufferCmd
 .text.FLASH_Unlock
                0x08001a38       0x1c build/waf.bootloader-NoOS-MurataType1LD/libraries/STM32F4xx_Peripheral_Libraries.a(stm32f4xx_flash.o)
                0x08001a38                FLASH_Unlock
 .text.FLASH_Lock
                0x08001a54       0x10 build/waf.bootloader-NoOS-MurataType1LD/libraries/STM32F4xx_Peripheral_Libraries.a(stm32f4xx_flash.o)
                0x08001a54                FLASH_Lock
 .text.FLASH_ClearFlag
                0x08001a64        0xc build/waf.bootloader-NoOS-MurataType1LD/libraries/STM32F4xx_Peripheral_Libraries.a(stm32f4xx_flash.o)
                0x08001a64                FLASH_ClearFlag
 .text.FLASH_GetStatus
                0x08001a70       0x40 build/waf.bootloader-NoOS-MurataType1LD/libraries/STM32F4xx_Peripheral_Libraries.a(stm32f4xx_flash.o)
                0x08001a70                FLASH_GetStatus
 .text.FLASH_WaitForLastOperation
                0x08001ab0       0x22 build/waf.bootloader-NoOS-MurataType1LD/libraries/STM32F4xx_Peripheral_Libraries.a(stm32f4xx_flash.o)
                0x08001ab0                FLASH_WaitForLastOperation
 *fill*         0x08001ad2        0x2 
 .text.FLASH_EraseSector
                0x08001ad4       0x6c build/waf.bootloader-NoOS-MurataType1LD/libraries/STM32F4xx_Peripheral_Libraries.a(stm32f4xx_flash.o)
                0x08001ad4                FLASH_EraseSector
 .text.FLASH_ProgramWord
                0x08001b40       0x3c build/waf.bootloader-NoOS-MurataType1LD/libraries/STM32F4xx_Peripheral_Libraries.a(stm32f4xx_flash.o)
                0x08001b40                FLASH_ProgramWord
 .text.FLASH_ProgramByte
                0x08001b7c       0x38 build/waf.bootloader-NoOS-MurataType1LD/libraries/STM32F4xx_Peripheral_Libraries.a(stm32f4xx_flash.o)
                0x08001b7c                FLASH_ProgramByte
 .text.GPIO_Init
                0x08001bb4       0x9c build/waf.bootloader-NoOS-MurataType1LD/libraries/STM32F4xx_Peripheral_Libraries.a(stm32f4xx_gpio.o)
                0x08001bb4                GPIO_Init
 .text.GPIO_PinAFConfig
                0x08001c50       0x24 build/waf.bootloader-NoOS-MurataType1LD/libraries/STM32F4xx_Peripheral_Libraries.a(stm32f4xx_gpio.o)
                0x08001c50                GPIO_PinAFConfig
 .text.IWDG_WriteAccessCmd
                0x08001c74        0xc build/waf.bootloader-NoOS-MurataType1LD/libraries/STM32F4xx_Peripheral_Libraries.a(stm32f4xx_iwdg.o)
                0x08001c74                IWDG_WriteAccessCmd
 .text.IWDG_SetPrescaler
                0x08001c80        0xc build/waf.bootloader-NoOS-MurataType1LD/libraries/STM32F4xx_Peripheral_Libraries.a(stm32f4xx_iwdg.o)
                0x08001c80                IWDG_SetPrescaler
 .text.IWDG_SetReload
                0x08001c8c        0xc build/waf.bootloader-NoOS-MurataType1LD/libraries/STM32F4xx_Peripheral_Libraries.a(stm32f4xx_iwdg.o)
                0x08001c8c                IWDG_SetReload
 .text.IWDG_ReloadCounter
                0x08001c98       0x10 build/waf.bootloader-NoOS-MurataType1LD/libraries/STM32F4xx_Peripheral_Libraries.a(stm32f4xx_iwdg.o)
                0x08001c98                IWDG_ReloadCounter
 .text.IWDG_Enable
                0x08001ca8       0x10 build/waf.bootloader-NoOS-MurataType1LD/libraries/STM32F4xx_Peripheral_Libraries.a(stm32f4xx_iwdg.o)
                0x08001ca8                IWDG_Enable
 .text.RCC_HSEConfig
                0x08001cb8       0x10 build/waf.bootloader-NoOS-MurataType1LD/libraries/STM32F4xx_Peripheral_Libraries.a(stm32f4xx_rcc.o)
                0x08001cb8                RCC_HSEConfig
 .text.RCC_PLLConfig
                0x08001cc8       0x28 build/waf.bootloader-NoOS-MurataType1LD/libraries/STM32F4xx_Peripheral_Libraries.a(stm32f4xx_rcc.o)
                0x08001cc8                RCC_PLLConfig
 .text.RCC_PLLCmd
                0x08001cf0        0xc build/waf.bootloader-NoOS-MurataType1LD/libraries/STM32F4xx_Peripheral_Libraries.a(stm32f4xx_rcc.o)
                0x08001cf0                RCC_PLLCmd
 .text.RCC_SYSCLKConfig
                0x08001cfc       0x14 build/waf.bootloader-NoOS-MurataType1LD/libraries/STM32F4xx_Peripheral_Libraries.a(stm32f4xx_rcc.o)
                0x08001cfc                RCC_SYSCLKConfig
 .text.RCC_GetSYSCLKSource
                0x08001d10       0x10 build/waf.bootloader-NoOS-MurataType1LD/libraries/STM32F4xx_Peripheral_Libraries.a(stm32f4xx_rcc.o)
                0x08001d10                RCC_GetSYSCLKSource
 .text.RCC_HCLKConfig
                0x08001d20       0x14 build/waf.bootloader-NoOS-MurataType1LD/libraries/STM32F4xx_Peripheral_Libraries.a(stm32f4xx_rcc.o)
                0x08001d20                RCC_HCLKConfig
 .text.RCC_PCLK1Config
                0x08001d34       0x14 build/waf.bootloader-NoOS-MurataType1LD/libraries/STM32F4xx_Peripheral_Libraries.a(stm32f4xx_rcc.o)
                0x08001d34                RCC_PCLK1Config
 .text.RCC_PCLK2Config
                0x08001d48       0x14 build/waf.bootloader-NoOS-MurataType1LD/libraries/STM32F4xx_Peripheral_Libraries.a(stm32f4xx_rcc.o)
                0x08001d48                RCC_PCLK2Config
 .text.RCC_GetClocksFreq
                0x08001d5c       0xb0 build/waf.bootloader-NoOS-MurataType1LD/libraries/STM32F4xx_Peripheral_Libraries.a(stm32f4xx_rcc.o)
                0x08001d5c                RCC_GetClocksFreq
 .text.RCC_APB1PeriphClockCmd
                0x08001e0c       0x18 build/waf.bootloader-NoOS-MurataType1LD/libraries/STM32F4xx_Peripheral_Libraries.a(stm32f4xx_rcc.o)
                0x08001e0c                RCC_APB1PeriphClockCmd
 .text.RCC_APB2PeriphClockCmd
                0x08001e24       0x18 build/waf.bootloader-NoOS-MurataType1LD/libraries/STM32F4xx_Peripheral_Libraries.a(stm32f4xx_rcc.o)
                0x08001e24                RCC_APB2PeriphClockCmd
 .text.RCC_APB1PeriphResetCmd
                0x08001e3c       0x18 build/waf.bootloader-NoOS-MurataType1LD/libraries/STM32F4xx_Peripheral_Libraries.a(stm32f4xx_rcc.o)
                0x08001e3c                RCC_APB1PeriphResetCmd
 .text.RCC_GetFlagStatus
                0x08001e54       0x28 build/waf.bootloader-NoOS-MurataType1LD/libraries/STM32F4xx_Peripheral_Libraries.a(stm32f4xx_rcc.o)
                0x08001e54                RCC_GetFlagStatus
 .text.RCC_WaitForHSEStartUp
                0x08001e7c       0x30 build/waf.bootloader-NoOS-MurataType1LD/libraries/STM32F4xx_Peripheral_Libraries.a(stm32f4xx_rcc.o)
                0x08001e7c                RCC_WaitForHSEStartUp
 .text.TIM_TimeBaseInit
                0x08001eac       0x7c build/waf.bootloader-NoOS-MurataType1LD/libraries/STM32F4xx_Peripheral_Libraries.a(stm32f4xx_tim.o)
                0x08001eac                TIM_TimeBaseInit
 .text.TIM_UpdateRequestConfig
                0x08001f28       0x16 build/waf.bootloader-NoOS-MurataType1LD/libraries/STM32F4xx_Peripheral_Libraries.a(stm32f4xx_tim.o)
                0x08001f28                TIM_UpdateRequestConfig
 .text.TIM_Cmd  0x08001f3e       0x16 build/waf.bootloader-NoOS-MurataType1LD/libraries/STM32F4xx_Peripheral_Libraries.a(stm32f4xx_tim.o)
                0x08001f3e                TIM_Cmd
 .text.TIM_ITConfig
                0x08001f54       0x10 build/waf.bootloader-NoOS-MurataType1LD/libraries/STM32F4xx_Peripheral_Libraries.a(stm32f4xx_tim.o)
                0x08001f54                TIM_ITConfig
 .text.TIM_ClearITPendingBit
                0x08001f64        0x8 build/waf.bootloader-NoOS-MurataType1LD/libraries/STM32F4xx_Peripheral_Libraries.a(stm32f4xx_tim.o)
                0x08001f64                TIM_ClearITPendingBit
 .text.crc32    0x08001f6c       0x24 build/waf.bootloader-NoOS-MurataType1LD/libraries/Lib_crc.a(crc.o)
                0x08001f6c                crc32
 .text.sflash_read_status_register
                0x08001f90       0x1a build/waf.bootloader-NoOS-MurataType1LD/libraries/Lib_SPI_Flash_Library_MurataType1LD.a(spi_flash.o)
                0x08001f90                sflash_read_status_register
 *fill*         0x08001faa        0x2 
 .text.generic_sflash_command
                0x08001fac       0x74 build/waf.bootloader-NoOS-MurataType1LD/libraries/Lib_SPI_Flash_Library_MurataType1LD.a(spi_flash.o)
 .text.sflash_read_ID
                0x08002020       0x1a build/waf.bootloader-NoOS-MurataType1LD/libraries/Lib_SPI_Flash_Library_MurataType1LD.a(spi_flash.o)
                0x08002020                sflash_read_ID
 .text.sflash_read
                0x0800203a       0x2a build/waf.bootloader-NoOS-MurataType1LD/libraries/Lib_SPI_Flash_Library_MurataType1LD.a(spi_flash.o)
                0x0800203a                sflash_read
 .text.sflash_write_status_register
                0x08002064       0x40 build/waf.bootloader-NoOS-MurataType1LD/libraries/Lib_SPI_Flash_Library_MurataType1LD.a(spi_flash.o)
                0x08002064                sflash_write_status_register
 .text.sflash_write_enable
                0x080020a4       0x58 build/waf.bootloader-NoOS-MurataType1LD/libraries/Lib_SPI_Flash_Library_MurataType1LD.a(spi_flash.o)
                0x080020a4                sflash_write_enable
 .text.deinit_sflash
                0x080020fc        0x4 build/waf.bootloader-NoOS-MurataType1LD/libraries/Lib_SPI_Flash_Library_MurataType1LD.a(spi_flash.o)
                0x080020fc                deinit_sflash
 .text.init_sflash
                0x08002100       0x42 build/waf.bootloader-NoOS-MurataType1LD/libraries/Lib_SPI_Flash_Library_MurataType1LD.a(spi_flash.o)
                0x08002100                init_sflash
 *fill*         0x08002142        0x2 
 .text.sflash_platform_init
                0x08002144       0x1c build/waf.bootloader-NoOS-MurataType1LD/libraries/Lib_SPI_Flash_Library_MurataType1LD.a(spi_flash_wiced.o)
                0x08002144                sflash_platform_init
 .text.sflash_platform_send_recv
                0x08002160       0x18 build/waf.bootloader-NoOS-MurataType1LD/libraries/Lib_SPI_Flash_Library_MurataType1LD.a(spi_flash_wiced.o)
                0x08002160                sflash_platform_send_recv
 .text.sflash_platform_deinit
                0x08002178       0x18 build/waf.bootloader-NoOS-MurataType1LD/libraries/Lib_SPI_Flash_Library_MurataType1LD.a(spi_flash_wiced.o)
                0x08002178                sflash_platform_deinit
 .text.wiced_spi_init
                0x08002190       0x44 build/waf.bootloader-NoOS-MurataType1LD/libraries/STM32F4xx.a(wiced_platform_common.o)
                0x08002190                wiced_spi_init
 .text.wiced_spi_deinit
                0x080021d4       0x14 build/waf.bootloader-NoOS-MurataType1LD/libraries/STM32F4xx.a(wiced_platform_common.o)
                0x080021d4                wiced_spi_deinit
 .text.wiced_spi_transfer
                0x080021e8       0x4c build/waf.bootloader-NoOS-MurataType1LD/libraries/STM32F4xx.a(wiced_platform_common.o)
                0x080021e8                wiced_spi_transfer
 .text.spi_dma_transfer
                0x08002234      0x18c build/waf.bootloader-NoOS-MurataType1LD/libraries/STM32F4xx_Peripheral_Drivers.a(platform_spi.o)
 .text.calculate_prescaler.part.1
                0x080023c0       0x68 build/waf.bootloader-NoOS-MurataType1LD/libraries/STM32F4xx_Peripheral_Drivers.a(platform_spi.o)
 .text.spi_transfer.isra.2
                0x08002428       0x3c build/waf.bootloader-NoOS-MurataType1LD/libraries/STM32F4xx_Peripheral_Drivers.a(platform_spi.o)
 .text.platform_spi_get_port_number
                0x08002464       0x40 build/waf.bootloader-NoOS-MurataType1LD/libraries/STM32F4xx_Peripheral_Drivers.a(platform_spi.o)
                0x08002464                platform_spi_get_port_number
 .text.platform_spi_init
                0x080024a4      0x1a4 build/waf.bootloader-NoOS-MurataType1LD/libraries/STM32F4xx_Peripheral_Drivers.a(platform_spi.o)
                0x080024a4                platform_spi_init
 .text.platform_spi_deinit
                0x08002648        0x4 build/waf.bootloader-NoOS-MurataType1LD/libraries/STM32F4xx_Peripheral_Drivers.a(platform_spi.o)
                0x08002648                platform_spi_deinit
 .text.platform_spi_transfer
                0x0800264c      0x124 build/waf.bootloader-NoOS-MurataType1LD/libraries/STM32F4xx_Peripheral_Drivers.a(platform_spi.o)
                0x0800264c                platform_spi_transfer
 .text.SPI_Init
                0x08002770       0x3c build/waf.bootloader-NoOS-MurataType1LD/libraries/STM32F4xx_Peripheral_Libraries.a(stm32f4xx_spi.o)
                0x08002770                SPI_Init
 .text.SPI_Cmd  0x080027ac       0x16 build/waf.bootloader-NoOS-MurataType1LD/libraries/STM32F4xx_Peripheral_Libraries.a(stm32f4xx_spi.o)
                0x080027ac                SPI_Cmd
 .text.SPI_I2S_ReceiveData
                0x080027c2        0x4 build/waf.bootloader-NoOS-MurataType1LD/libraries/STM32F4xx_Peripheral_Libraries.a(stm32f4xx_spi.o)
                0x080027c2                SPI_I2S_ReceiveData
 .text.SPI_I2S_SendData
                0x080027c6        0x4 build/waf.bootloader-NoOS-MurataType1LD/libraries/STM32F4xx_Peripheral_Libraries.a(stm32f4xx_spi.o)
                0x080027c6                SPI_I2S_SendData
 .text.SPI_CalculateCRC
                0x080027ca       0x16 build/waf.bootloader-NoOS-MurataType1LD/libraries/STM32F4xx_Peripheral_Libraries.a(stm32f4xx_spi.o)
                0x080027ca                SPI_CalculateCRC
 .text.SPI_I2S_DMACmd
                0x080027e0       0x10 build/waf.bootloader-NoOS-MurataType1LD/libraries/STM32F4xx_Peripheral_Libraries.a(stm32f4xx_spi.o)
                0x080027e0                SPI_I2S_DMACmd
 .text.SPI_I2S_GetFlagStatus
                0x080027f0        0xc build/waf.bootloader-NoOS-MurataType1LD/libraries/STM32F4xx_Peripheral_Libraries.a(stm32f4xx_spi.o)
                0x080027f0                SPI_I2S_GetFlagStatus
 .text.memcmp   0x080027fc       0x64 f:/43xxx_wi-fi/tools/arm_gnu/win32/bin/../lib/gcc/arm-none-eabi/7.2.1/../../../../arm-none-eabi/lib/thumb/v7e-m\libc.a(lib_a-memcmp.o)
                0x080027fc                memcmp
 .text          0x08002860      0x134 f:/43xxx_wi-fi/tools/arm_gnu/win32/bin/../lib/gcc/arm-none-eabi/7.2.1/../../../../arm-none-eabi/lib/thumb/v7e-m\libc.a(lib_a-memcpy.o)
                0x08002860                memcpy
 .text.memset   0x08002994       0x94 f:/43xxx_wi-fi/tools/arm_gnu/win32/bin/../lib/gcc/arm-none-eabi/7.2.1/../../../../arm-none-eabi/lib/thumb/v7e-m\libc.a(lib_a-memset.o)
                0x08002994                memset
                0x08002a28                link_code_end = .
                0x08002a28                . = ALIGN (0x4)
                0x08002a28                link_const_variable_data_location = .
 *(.rodata .rodata.* .gnu.linkonce.r.*)
 .rodata.platform_gpio_pins
                0x08002a28      0x110 build/waf.bootloader-NoOS-MurataType1LD/libraries/Platform_MurataType1LD.a(platform.o)
                0x08002a28                platform_gpio_pins
 .rodata.platform_spi_peripherals
                0x08002b38       0x98 build/waf.bootloader-NoOS-MurataType1LD/libraries/Platform_MurataType1LD.a(platform.o)
                0x08002b38                platform_spi_peripherals
 .rodata.wiced_spi_flash
                0x08002bd0       0x10 build/waf.bootloader-NoOS-MurataType1LD/libraries/Platform_MurataType1LD.a(platform.o)
                0x08002bd0                wiced_spi_flash
 .rodata.DCT_section_offsets
                0x08002be0       0x34 build/waf.bootloader-NoOS-MurataType1LD/libraries/STM32F4xx.a(wiced_dct_internal_common.o)
 .rodata.gpio_peripheral_clocks
                0x08002c14       0x20 build/waf.bootloader-NoOS-MurataType1LD/libraries/STM32F4xx_Peripheral_Drivers.a(platform_gpio.o)
 .rodata.crc32_table
                0x08002c34      0x400 build/waf.bootloader-NoOS-MurataType1LD/libraries/Lib_crc.a(crc.o)
 .rodata.spi_baudrate_prescalers
                0x08003034       0x20 build/waf.bootloader-NoOS-MurataType1LD/libraries/STM32F4xx_Peripheral_Drivers.a(platform_spi.o)
 .rodata.spi_peripheral_clock_functions
                0x08003054       0x14 build/waf.bootloader-NoOS-MurataType1LD/libraries/STM32F4xx_Peripheral_Drivers.a(platform_spi.o)
 .rodata.spi_peripheral_clocks
                0x08003068       0x14 build/waf.bootloader-NoOS-MurataType1LD/libraries/STM32F4xx_Peripheral_Drivers.a(platform_spi.o)
                0x0800307c                link_const_variable_data_end = .
                0x0800307c                . = ALIGN (0x4)
                0x0800307c                link_constructors_location = .
 *(.preinit_array)
 *(.init_array)
 *crtbegin.o(.ctors)
 *(EXCLUDE_FILE(*crtend.o) .ctors)
 *(SORT_BY_NAME(.ctors.*))
 *crtend.o(.ctors)
                0x0800307c                link_constructors_end = .
                0x0800307c                . = ALIGN (0x4)
                0x0800307c                link_destructors_location = .
 *crtbegin.o(.dtors)
 *(EXCLUDE_FILE(*crtend.o) .dtors)
 *(SORT_BY_NAME(.dtors.*))
 *crtend.o(.dtors)
                0x0800307c                link_destructors_end = .
                0x08003080                . = ALIGN (0x10)
 *fill*         0x0800307c        0x4 

.iplt           0x08003080        0x0
 .iplt          0x08003080        0x0 build/waf.bootloader-NoOS-MurataType1LD/Modules/./WICED/platform/MCU/STM32F4xx/../../ARM_CM4/crt0_GCC.o

.rel.dyn        0x08003080        0x0
 .rel.iplt      0x08003080        0x0 build/waf.bootloader-NoOS-MurataType1LD/Modules/./WICED/platform/MCU/STM32F4xx/../../ARM_CM4/crt0_GCC.o

.ARM.exidx      0x08003080        0x0
                0x08003080                __exidx_start = ALIGN (0x4)
 *(.ARM.exidx* .gnu.linkonce.armexidx.*)
                0x08003080                __exidx_end = .

.ARM.extab      0x08003080        0x0
                0x08003080                __extab_start = ALIGN (0x4)
 *(.ARM.extab*)
                0x08003080                __extab_end = .

.fast           0x2001bc00        0x0 load address 0x08003080
                0x08003080                link_run_from_ram_code_flash_location = LOADADDR (.fast)
                0x2001bc00                link_run_from_ram_code_ram_location = .
 *(.fast .fast.* .text.fastcode)
                0x2001bc00                link_run_from_ram_code_ram_end = .

.data           0x2001bc00       0x14 load address 0x08003080
                0x08003080                link_global_data_initial_values = LOADADDR (.data)
                0x2001bc00                link_global_data_start = .
 *(.data*)
 .data.wiced_bt_uart_driver
                0x2001bc00        0x4 build/waf.bootloader-NoOS-MurataType1LD/libraries/Platform_MurataType1LD.a(platform.o)
                0x2001bc00                wiced_bt_uart_driver
 .data.APBAHBPrescTable
                0x2001bc04       0x10 build/waf.bootloader-NoOS-MurataType1LD/libraries/STM32F4xx_Peripheral_Libraries.a(stm32f4xx_rcc.o)
                0x2001bc14                link_global_data_end = .
                0x2001bc14                . = ALIGN (., 0x4)

.igot.plt       0x2001bc14        0x0 load address 0x08003094
 .igot.plt      0x2001bc14        0x0 build/waf.bootloader-NoOS-MurataType1LD/Modules/./WICED/platform/MCU/STM32F4xx/../../ARM_CM4/crt0_GCC.o

.startup_globals
                0x2001bc14        0x4
                0x2001bc14                startup_globals_location = ALIGN (., 0x4)
 *(.bss.noos_total_time)
 .bss.noos_total_time
                0x2001bc14        0x4 build/waf.bootloader-NoOS-MurataType1LD/libraries/WWD_NoOS_Interface.a(noos.o)
                0x2001bc14                noos_total_time
                0x2001bc18                startup_globals_end = .

.bss            0x2001bc18      0x184
                0x2001bc18                . = ALIGN (0x4)
                0x2001bc18                link_bss_location = .
 *(.bss*)
 .bss.internal_bt_uart_driver
                0x2001bc18       0x18 build/waf.bootloader-NoOS-MurataType1LD/libraries/Platform_MurataType1LD.a(platform.o)
 .bss.platform_uart_drivers
                0x2001bc30       0x30 build/waf.bootloader-NoOS-MurataType1LD/libraries/Platform_MurataType1LD.a(platform.o)
                0x2001bc30                platform_uart_drivers
 .bss.gpio_irq_data
                0x2001bc60       0xc0 build/waf.bootloader-NoOS-MurataType1LD/libraries/STM32F4xx_Peripheral_Drivers.a(platform_gpio.o)
 .bss.dummy     0x2001bd20        0x4 build/waf.bootloader-NoOS-MurataType1LD/libraries/STM32F4xx_Peripheral_Drivers.a(platform_spi.o)
                0x2001bd20                dummy
 .bss.spi_current_config
                0x2001bd24       0x78 build/waf.bootloader-NoOS-MurataType1LD/libraries/STM32F4xx_Peripheral_Drivers.a(platform_spi.o)
 *(COMMON)
                0x2001bd9c                link_bss_end = ALIGN (0x4)

.stack          0x2001bd9c     0x1f40
                0x2001bd9c                link_stack_location = ALIGN (., 0x4)
 *(.stack)
                0x2001dcdc                . = ALIGN (MAX ((link_stack_location + __STACKSIZE__), .), 0x4)
 *fill*         0x2001bd9c     0x1f40 
                0x2001dcdc                link_stack_end = .

/DISCARD/
 *(.ARM.attributes*)
 *(.comment)
 *(.init)
 *(.preinit)
 *(.fini)
 *(.fini_array)
 *(.ARM.exidx*)
 *(.gnu.linkonce.armexidx.*)
 *(.eh_frame_hdr)
 *(.eh_frame)
 *(.gnu.linkonce.armextab.*)
 *(.v4_bx)
 *(.vfp11_veneer)
 *(.gcc_except_table)
 *(.eh_frame_hdr)
 *(.eh_frame)
 *(.glue*)
                0x2001dcdc                PROVIDE (_heap, link_stack_end)
                0x2003fff8                PROVIDE (_eheap, ALIGN (((ORIGIN (SRAM) + LENGTH (SRAM)) - 0x8), 0x8))
                0x08004000                PROVIDE (dct1_start_addr_loc, ORIGIN (DCT1_FLASH))
                0x00004000                PROVIDE (dct1_size_loc, LENGTH (DCT1_FLASH))
                0x08008000                PROVIDE (dct2_start_addr_loc, ORIGIN (DCT2_FLASH))
                [!provide]                PROVIDE (dct2_size_loc, LENGTH (DCT2_FLASH))
                0x0800c000                PROVIDE (app_code_start_addr_loc, ORIGIN (APP_CODE))
                0x20000000                PROVIDE (sram_start_addr_loc, ORIGIN (SRAM))
                [!provide]                PROVIDE (sram_size_loc, LENGTH (SRAM))
                [!provide]                PROVIDE (__RAM_segment_used_end__, link_stack_end)
                [!provide]                PROVIDE (__tx_free_memory_start, link_stack_end)
                [!provide]                PROVIDE (__tx_vectors, link_interrupt_vectors_location)
                [!provide]                PROVIDE (shared_api_addr_loc, ORIGIN (SHARED_API))
START GROUP
LOAD build/waf.bootloader-NoOS-MurataType1LD/Modules/./WICED/platform/MCU/STM32F4xx/../../ARM_CM4/crt0_GCC.o
LOAD build/waf.bootloader-NoOS-MurataType1LD/Modules/./WICED/platform/MCU/STM32F4xx/../../ARM_CM4/hardfault_handler.o
LOAD build/waf.bootloader-NoOS-MurataType1LD/Modules/./WICED/platform/MCU/STM32F4xx/platform_vector_table.o
LOAD build/waf.bootloader-NoOS-MurataType1LD/Modules/WICED/platform/GCC/mem_newlib.o
LOAD build/waf.bootloader-NoOS-MurataType1LD/Modules/WICED/platform/GCC/time_newlib.o
LOAD build/waf.bootloader-NoOS-MurataType1LD/Modules/WICED/platform/GCC/stdio_newlib.o
LOAD build/waf.bootloader-NoOS-MurataType1LD/libraries/App_WICED_Bootloader_MurataType1LD.a
LOAD build/waf.bootloader-NoOS-MurataType1LD/libraries/Platform_MurataType1LD.a
LOAD build/waf.bootloader-NoOS-MurataType1LD/libraries/WICED.a
LOAD build/waf.bootloader-NoOS-MurataType1LD/libraries/Lib_Wiced_RO_FS.a
LOAD build/waf.bootloader-NoOS-MurataType1LD/libraries/Lib_crc.a
LOAD build/waf.bootloader-NoOS-MurataType1LD/libraries/WWD_NoOS_Interface.a
LOAD build/waf.bootloader-NoOS-MurataType1LD/libraries/Lib_SPI_Flash_Library_MurataType1LD.a
LOAD build/waf.bootloader-NoOS-MurataType1LD/libraries/Lib_GPIO_button.a
LOAD build/waf.bootloader-NoOS-MurataType1LD/libraries/STM32F4xx.a
LOAD build/waf.bootloader-NoOS-MurataType1LD/libraries/common_GCC.a
LOAD build/waf.bootloader-NoOS-MurataType1LD/libraries/STM32F4xx_Peripheral_Drivers.a
LOAD build/waf.bootloader-NoOS-MurataType1LD/libraries/Lib_Ring_Buffer.a
LOAD build/waf.bootloader-NoOS-MurataType1LD/libraries/STM32F4xx_Peripheral_Libraries.a
END GROUP
                0x00001f40                __STACKSIZE__ = 0x1f40
LOAD f:/43xxx_wi-fi/tools/arm_gnu/win32/bin/../lib/gcc/arm-none-eabi/7.2.1/../../../../arm-none-eabi/lib/thumb/v7e-m\libstdc++.a
LOAD f:/43xxx_wi-fi/tools/arm_gnu/win32/bin/../lib/gcc/arm-none-eabi/7.2.1/../../../../arm-none-eabi/lib/thumb/v7e-m\libm.a
START GROUP
LOAD f:/43xxx_wi-fi/tools/arm_gnu/win32/bin/../lib/gcc/arm-none-eabi/7.2.1/thumb/v7e-m\libgcc.a
LOAD f:/43xxx_wi-fi/tools/arm_gnu/win32/bin/../lib/gcc/arm-none-eabi/7.2.1/../../../../arm-none-eabi/lib/thumb/v7e-m\libc.a
END GROUP
OUTPUT(build/waf.bootloader-NoOS-MurataType1LD/binary/waf.bootloader-NoOS-MurataType1LD.elf elf32-littlearm)

.debug_info     0x00000000    0x2a469
 .debug_info    0x00000000      0xddd build/waf.bootloader-NoOS-MurataType1LD/Modules/./WICED/platform/MCU/STM32F4xx/../../ARM_CM4/crt0_GCC.o
 .debug_info    0x00000ddd       0xeb build/waf.bootloader-NoOS-MurataType1LD/Modules/./WICED/platform/MCU/STM32F4xx/platform_vector_table.o
 .debug_info    0x00000ec8     0x18d6 build/waf.bootloader-NoOS-MurataType1LD/libraries/App_WICED_Bootloader_MurataType1LD.a(bootloader.o)
 .debug_info    0x0000279e     0x2e37 build/waf.bootloader-NoOS-MurataType1LD/libraries/Platform_MurataType1LD.a(platform.o)
 .debug_info    0x000055d5      0x9a4 build/waf.bootloader-NoOS-MurataType1LD/libraries/WWD_NoOS_Interface.a(wwd_rtos.o)
 .debug_info    0x00005f79      0x7ce build/waf.bootloader-NoOS-MurataType1LD/libraries/WWD_NoOS_Interface.a(noos.o)
 .debug_info    0x00006747     0x2111 build/waf.bootloader-NoOS-MurataType1LD/libraries/STM32F4xx.a(wiced_waf_common.o)
 .debug_info    0x00008858      0xaa7 build/waf.bootloader-NoOS-MurataType1LD/libraries/STM32F4xx.a(platform_init.o)
 .debug_info    0x000092ff      0x42d build/waf.bootloader-NoOS-MurataType1LD/libraries/STM32F4xx.a(platform_unhandled_isr.o)
 .debug_info    0x0000972c     0x1c98 build/waf.bootloader-NoOS-MurataType1LD/libraries/STM32F4xx.a(waf_platform.o)
 .debug_info    0x0000b3c4     0x3cd8 build/waf.bootloader-NoOS-MurataType1LD/libraries/STM32F4xx.a(wiced_dct_internal_common.o)
 .debug_info    0x0000f09c     0x18eb build/waf.bootloader-NoOS-MurataType1LD/libraries/STM32F4xx.a(wiced_dct_update.o)
 .debug_info    0x00010987     0x252a build/waf.bootloader-NoOS-MurataType1LD/libraries/STM32F4xx.a(wiced_apps_common.o)
 .debug_info    0x00012eb1     0x1c7d build/waf.bootloader-NoOS-MurataType1LD/libraries/STM32F4xx_Peripheral_Drivers.a(platform_gpio.o)
 .debug_info    0x00014b2e      0xb9b build/waf.bootloader-NoOS-MurataType1LD/libraries/STM32F4xx_Peripheral_Drivers.a(platform_mcu_powersave.o)
 .debug_info    0x000156c9     0x27af build/waf.bootloader-NoOS-MurataType1LD/libraries/STM32F4xx_Peripheral_Drivers.a(platform_uart.o)
 .debug_info    0x00017e78     0x160c build/waf.bootloader-NoOS-MurataType1LD/libraries/STM32F4xx_Peripheral_Drivers.a(platform_watchdog.o)
 .debug_info    0x00019484     0x177c build/waf.bootloader-NoOS-MurataType1LD/libraries/Lib_Ring_Buffer.a(ring_buffer.o)
 .debug_info    0x0001ac00      0x549 build/waf.bootloader-NoOS-MurataType1LD/libraries/STM32F4xx_Peripheral_Libraries.a(misc.o)
 .debug_info    0x0001b149      0x72f build/waf.bootloader-NoOS-MurataType1LD/libraries/STM32F4xx_Peripheral_Libraries.a(stm32f4xx_dma.o)
 .debug_info    0x0001b878      0xa36 build/waf.bootloader-NoOS-MurataType1LD/libraries/STM32F4xx_Peripheral_Libraries.a(stm32f4xx_flash.o)
 .debug_info    0x0001c2ae      0x74c build/waf.bootloader-NoOS-MurataType1LD/libraries/STM32F4xx_Peripheral_Libraries.a(stm32f4xx_gpio.o)
 .debug_info    0x0001c9fa      0x212 build/waf.bootloader-NoOS-MurataType1LD/libraries/STM32F4xx_Peripheral_Libraries.a(stm32f4xx_iwdg.o)
 .debug_info    0x0001cc0c      0xf2a build/waf.bootloader-NoOS-MurataType1LD/libraries/STM32F4xx_Peripheral_Libraries.a(stm32f4xx_rcc.o)
 .debug_info    0x0001db36     0x200c build/waf.bootloader-NoOS-MurataType1LD/libraries/STM32F4xx_Peripheral_Libraries.a(stm32f4xx_tim.o)
 .debug_info    0x0001fb42      0x21f build/waf.bootloader-NoOS-MurataType1LD/libraries/Lib_crc.a(crc.o)
 .debug_info    0x0001fd61     0x1694 build/waf.bootloader-NoOS-MurataType1LD/libraries/Lib_SPI_Flash_Library_MurataType1LD.a(spi_flash.o)
 .debug_info    0x000213f5     0x18ba build/waf.bootloader-NoOS-MurataType1LD/libraries/Lib_SPI_Flash_Library_MurataType1LD.a(spi_flash_wiced.o)
 .debug_info    0x00022caf     0x44b5 build/waf.bootloader-NoOS-MurataType1LD/libraries/STM32F4xx.a(wiced_platform_common.o)
 .debug_info    0x00027164     0x26f5 build/waf.bootloader-NoOS-MurataType1LD/libraries/STM32F4xx_Peripheral_Drivers.a(platform_spi.o)
 .debug_info    0x00029859      0xc10 build/waf.bootloader-NoOS-MurataType1LD/libraries/STM32F4xx_Peripheral_Libraries.a(stm32f4xx_spi.o)

.debug_abbrev   0x00000000     0x5199
 .debug_abbrev  0x00000000      0x253 build/waf.bootloader-NoOS-MurataType1LD/Modules/./WICED/platform/MCU/STM32F4xx/../../ARM_CM4/crt0_GCC.o
 .debug_abbrev  0x00000253       0x8d build/waf.bootloader-NoOS-MurataType1LD/Modules/./WICED/platform/MCU/STM32F4xx/platform_vector_table.o
 .debug_abbrev  0x000002e0      0x2ca build/waf.bootloader-NoOS-MurataType1LD/libraries/App_WICED_Bootloader_MurataType1LD.a(bootloader.o)
 .debug_abbrev  0x000005aa      0x3ac build/waf.bootloader-NoOS-MurataType1LD/libraries/Platform_MurataType1LD.a(platform.o)
 .debug_abbrev  0x00000956      0x278 build/waf.bootloader-NoOS-MurataType1LD/libraries/WWD_NoOS_Interface.a(wwd_rtos.o)
 .debug_abbrev  0x00000bce      0x1ac build/waf.bootloader-NoOS-MurataType1LD/libraries/WWD_NoOS_Interface.a(noos.o)
 .debug_abbrev  0x00000d7a      0x3b9 build/waf.bootloader-NoOS-MurataType1LD/libraries/STM32F4xx.a(wiced_waf_common.o)
 .debug_abbrev  0x00001133      0x28c build/waf.bootloader-NoOS-MurataType1LD/libraries/STM32F4xx.a(platform_init.o)
 .debug_abbrev  0x000013bf      0x121 build/waf.bootloader-NoOS-MurataType1LD/libraries/STM32F4xx.a(platform_unhandled_isr.o)
 .debug_abbrev  0x000014e0      0x3c1 build/waf.bootloader-NoOS-MurataType1LD/libraries/STM32F4xx.a(waf_platform.o)
 .debug_abbrev  0x000018a1      0x410 build/waf.bootloader-NoOS-MurataType1LD/libraries/STM32F4xx.a(wiced_dct_internal_common.o)
 .debug_abbrev  0x00001cb1      0x211 build/waf.bootloader-NoOS-MurataType1LD/libraries/STM32F4xx.a(wiced_dct_update.o)
 .debug_abbrev  0x00001ec2      0x427 build/waf.bootloader-NoOS-MurataType1LD/libraries/STM32F4xx.a(wiced_apps_common.o)
 .debug_abbrev  0x000022e9      0x3bb build/waf.bootloader-NoOS-MurataType1LD/libraries/STM32F4xx_Peripheral_Drivers.a(platform_gpio.o)
 .debug_abbrev  0x000026a4      0x280 build/waf.bootloader-NoOS-MurataType1LD/libraries/STM32F4xx_Peripheral_Drivers.a(platform_mcu_powersave.o)
 .debug_abbrev  0x00002924      0x439 build/waf.bootloader-NoOS-MurataType1LD/libraries/STM32F4xx_Peripheral_Drivers.a(platform_uart.o)
 .debug_abbrev  0x00002d5d      0x332 build/waf.bootloader-NoOS-MurataType1LD/libraries/STM32F4xx_Peripheral_Drivers.a(platform_watchdog.o)
 .debug_abbrev  0x0000308f      0x246 build/waf.bootloader-NoOS-MurataType1LD/libraries/Lib_Ring_Buffer.a(ring_buffer.o)
 .debug_abbrev  0x000032d5      0x183 build/waf.bootloader-NoOS-MurataType1LD/libraries/STM32F4xx_Peripheral_Libraries.a(misc.o)
 .debug_abbrev  0x00003458      0x1b3 build/waf.bootloader-NoOS-MurataType1LD/libraries/STM32F4xx_Peripheral_Libraries.a(stm32f4xx_dma.o)
 .debug_abbrev  0x0000360b      0x246 build/waf.bootloader-NoOS-MurataType1LD/libraries/STM32F4xx_Peripheral_Libraries.a(stm32f4xx_flash.o)
 .debug_abbrev  0x00003851      0x205 build/waf.bootloader-NoOS-MurataType1LD/libraries/STM32F4xx_Peripheral_Libraries.a(stm32f4xx_gpio.o)
 .debug_abbrev  0x00003a56      0x13f build/waf.bootloader-NoOS-MurataType1LD/libraries/STM32F4xx_Peripheral_Libraries.a(stm32f4xx_iwdg.o)
 .debug_abbrev  0x00003b95      0x1f7 build/waf.bootloader-NoOS-MurataType1LD/libraries/STM32F4xx_Peripheral_Libraries.a(stm32f4xx_rcc.o)
 .debug_abbrev  0x00003d8c      0x2c9 build/waf.bootloader-NoOS-MurataType1LD/libraries/STM32F4xx_Peripheral_Libraries.a(stm32f4xx_tim.o)
 .debug_abbrev  0x00004055      0x105 build/waf.bootloader-NoOS-MurataType1LD/libraries/Lib_crc.a(crc.o)
 .debug_abbrev  0x0000415a      0x3f0 build/waf.bootloader-NoOS-MurataType1LD/libraries/Lib_SPI_Flash_Library_MurataType1LD.a(spi_flash.o)
 .debug_abbrev  0x0000454a      0x225 build/waf.bootloader-NoOS-MurataType1LD/libraries/Lib_SPI_Flash_Library_MurataType1LD.a(spi_flash_wiced.o)
 .debug_abbrev  0x0000476f      0x38d build/waf.bootloader-NoOS-MurataType1LD/libraries/STM32F4xx.a(wiced_platform_common.o)
 .debug_abbrev  0x00004afc      0x4cd build/waf.bootloader-NoOS-MurataType1LD/libraries/STM32F4xx_Peripheral_Drivers.a(platform_spi.o)
 .debug_abbrev  0x00004fc9      0x1d0 build/waf.bootloader-NoOS-MurataType1LD/libraries/STM32F4xx_Peripheral_Libraries.a(stm32f4xx_spi.o)

.debug_loc      0x00000000     0x9b5d
 .debug_loc     0x00000000       0x1f build/waf.bootloader-NoOS-MurataType1LD/Modules/./WICED/platform/MCU/STM32F4xx/../../ARM_CM4/crt0_GCC.o
 .debug_loc     0x0000001f       0xb7 build/waf.bootloader-NoOS-MurataType1LD/libraries/App_WICED_Bootloader_MurataType1LD.a(bootloader.o)
 .debug_loc     0x000000d6      0x3a0 build/waf.bootloader-NoOS-MurataType1LD/libraries/Platform_MurataType1LD.a(platform.o)
 .debug_loc     0x00000476      0x1f7 build/waf.bootloader-NoOS-MurataType1LD/libraries/WWD_NoOS_Interface.a(wwd_rtos.o)
 .debug_loc     0x0000066d      0x11f build/waf.bootloader-NoOS-MurataType1LD/libraries/WWD_NoOS_Interface.a(noos.o)
 .debug_loc     0x0000078c      0x545 build/waf.bootloader-NoOS-MurataType1LD/libraries/STM32F4xx.a(wiced_waf_common.o)
 .debug_loc     0x00000cd1       0x46 build/waf.bootloader-NoOS-MurataType1LD/libraries/STM32F4xx.a(platform_init.o)
 .debug_loc     0x00000d17      0x3aa build/waf.bootloader-NoOS-MurataType1LD/libraries/STM32F4xx.a(waf_platform.o)
 .debug_loc     0x000010c1      0xdef build/waf.bootloader-NoOS-MurataType1LD/libraries/STM32F4xx.a(wiced_dct_internal_common.o)
 .debug_loc     0x00001eb0       0x74 build/waf.bootloader-NoOS-MurataType1LD/libraries/STM32F4xx.a(wiced_dct_update.o)
 .debug_loc     0x00001f24      0xa61 build/waf.bootloader-NoOS-MurataType1LD/libraries/STM32F4xx.a(wiced_apps_common.o)
 .debug_loc     0x00002985      0x666 build/waf.bootloader-NoOS-MurataType1LD/libraries/STM32F4xx_Peripheral_Drivers.a(platform_gpio.o)
 .debug_loc     0x00002feb       0x42 build/waf.bootloader-NoOS-MurataType1LD/libraries/STM32F4xx_Peripheral_Drivers.a(platform_mcu_powersave.o)
 .debug_loc     0x0000302d      0x845 build/waf.bootloader-NoOS-MurataType1LD/libraries/STM32F4xx_Peripheral_Drivers.a(platform_uart.o)
 .debug_loc     0x00003872       0x14 build/waf.bootloader-NoOS-MurataType1LD/libraries/STM32F4xx_Peripheral_Drivers.a(platform_watchdog.o)
 .debug_loc     0x00003886      0x2c3 build/waf.bootloader-NoOS-MurataType1LD/libraries/Lib_Ring_Buffer.a(ring_buffer.o)
 .debug_loc     0x00003b49      0x129 build/waf.bootloader-NoOS-MurataType1LD/libraries/STM32F4xx_Peripheral_Libraries.a(misc.o)
 .debug_loc     0x00003c72      0x400 build/waf.bootloader-NoOS-MurataType1LD/libraries/STM32F4xx_Peripheral_Libraries.a(stm32f4xx_dma.o)
 .debug_loc     0x00004072      0x74d build/waf.bootloader-NoOS-MurataType1LD/libraries/STM32F4xx_Peripheral_Libraries.a(stm32f4xx_flash.o)
 .debug_loc     0x000047bf      0x33e build/waf.bootloader-NoOS-MurataType1LD/libraries/STM32F4xx_Peripheral_Libraries.a(stm32f4xx_gpio.o)
 .debug_loc     0x00004afd       0x62 build/waf.bootloader-NoOS-MurataType1LD/libraries/STM32F4xx_Peripheral_Libraries.a(stm32f4xx_iwdg.o)
 .debug_loc     0x00004b5f      0xc7b build/waf.bootloader-NoOS-MurataType1LD/libraries/STM32F4xx_Peripheral_Libraries.a(stm32f4xx_rcc.o)
 .debug_loc     0x000057da     0x1924 build/waf.bootloader-NoOS-MurataType1LD/libraries/STM32F4xx_Peripheral_Libraries.a(stm32f4xx_tim.o)
 .debug_loc     0x000070fe      0x163 build/waf.bootloader-NoOS-MurataType1LD/libraries/Lib_crc.a(crc.o)
 .debug_loc     0x00007261      0x7da build/waf.bootloader-NoOS-MurataType1LD/libraries/Lib_SPI_Flash_Library_MurataType1LD.a(spi_flash.o)
 .debug_loc     0x00007a3b       0xa2 build/waf.bootloader-NoOS-MurataType1LD/libraries/Lib_SPI_Flash_Library_MurataType1LD.a(spi_flash_wiced.o)
 .debug_loc     0x00007add      0xe64 build/waf.bootloader-NoOS-MurataType1LD/libraries/STM32F4xx.a(wiced_platform_common.o)
 .debug_loc     0x00008941      0xbd1 build/waf.bootloader-NoOS-MurataType1LD/libraries/STM32F4xx_Peripheral_Drivers.a(platform_spi.o)
 .debug_loc     0x00009512      0x64b build/waf.bootloader-NoOS-MurataType1LD/libraries/STM32F4xx_Peripheral_Libraries.a(stm32f4xx_spi.o)

.debug_aranges  0x00000000     0x1180
 .debug_aranges
                0x00000000       0x28 build/waf.bootloader-NoOS-MurataType1LD/Modules/./WICED/platform/MCU/STM32F4xx/../../ARM_CM4/crt0_GCC.o
 .debug_aranges
                0x00000028       0x18 build/waf.bootloader-NoOS-MurataType1LD/Modules/./WICED/platform/MCU/STM32F4xx/platform_vector_table.o
 .debug_aranges
                0x00000040       0x20 build/waf.bootloader-NoOS-MurataType1LD/libraries/App_WICED_Bootloader_MurataType1LD.a(bootloader.o)
 .debug_aranges
                0x00000060       0x98 build/waf.bootloader-NoOS-MurataType1LD/libraries/Platform_MurataType1LD.a(platform.o)
 .debug_aranges
                0x000000f8       0x68 build/waf.bootloader-NoOS-MurataType1LD/libraries/WWD_NoOS_Interface.a(wwd_rtos.o)
 .debug_aranges
                0x00000160       0x38 build/waf.bootloader-NoOS-MurataType1LD/libraries/WWD_NoOS_Interface.a(noos.o)
 .debug_aranges
                0x00000198       0x88 build/waf.bootloader-NoOS-MurataType1LD/libraries/STM32F4xx.a(wiced_waf_common.o)
 .debug_aranges
                0x00000220       0x40 build/waf.bootloader-NoOS-MurataType1LD/libraries/STM32F4xx.a(platform_init.o)
 .debug_aranges
                0x00000260       0x20 build/waf.bootloader-NoOS-MurataType1LD/libraries/STM32F4xx.a(platform_unhandled_isr.o)
 .debug_aranges
                0x00000280       0x40 build/waf.bootloader-NoOS-MurataType1LD/libraries/STM32F4xx.a(waf_platform.o)
 .debug_aranges
                0x000002c0       0x98 build/waf.bootloader-NoOS-MurataType1LD/libraries/STM32F4xx.a(wiced_dct_internal_common.o)
 .debug_aranges
                0x00000358       0x28 build/waf.bootloader-NoOS-MurataType1LD/libraries/STM32F4xx.a(wiced_dct_update.o)
 .debug_aranges
                0x00000380       0x50 build/waf.bootloader-NoOS-MurataType1LD/libraries/STM32F4xx.a(wiced_apps_common.o)
 .debug_aranges
                0x000003d0       0x78 build/waf.bootloader-NoOS-MurataType1LD/libraries/STM32F4xx_Peripheral_Drivers.a(platform_gpio.o)
 .debug_aranges
                0x00000448       0x38 build/waf.bootloader-NoOS-MurataType1LD/libraries/STM32F4xx_Peripheral_Drivers.a(platform_mcu_powersave.o)
 .debug_aranges
                0x00000480       0x88 build/waf.bootloader-NoOS-MurataType1LD/libraries/STM32F4xx_Peripheral_Drivers.a(platform_uart.o)
 .debug_aranges
                0x00000508       0x38 build/waf.bootloader-NoOS-MurataType1LD/libraries/STM32F4xx_Peripheral_Drivers.a(platform_watchdog.o)
 .debug_aranges
                0x00000540       0x58 build/waf.bootloader-NoOS-MurataType1LD/libraries/Lib_Ring_Buffer.a(ring_buffer.o)
 .debug_aranges
                0x00000598       0x40 build/waf.bootloader-NoOS-MurataType1LD/libraries/STM32F4xx_Peripheral_Libraries.a(misc.o)
 .debug_aranges
                0x000005d8       0xa8 build/waf.bootloader-NoOS-MurataType1LD/libraries/STM32F4xx_Peripheral_Libraries.a(stm32f4xx_dma.o)
 .debug_aranges
                0x00000680      0x140 build/waf.bootloader-NoOS-MurataType1LD/libraries/STM32F4xx_Peripheral_Libraries.a(stm32f4xx_flash.o)
 .debug_aranges
                0x000007c0       0x88 build/waf.bootloader-NoOS-MurataType1LD/libraries/STM32F4xx_Peripheral_Libraries.a(stm32f4xx_gpio.o)
 .debug_aranges
                0x00000848       0x48 build/waf.bootloader-NoOS-MurataType1LD/libraries/STM32F4xx_Peripheral_Libraries.a(stm32f4xx_iwdg.o)
 .debug_aranges
                0x00000890      0x1d0 build/waf.bootloader-NoOS-MurataType1LD/libraries/STM32F4xx_Peripheral_Libraries.a(stm32f4xx_rcc.o)
 .debug_aranges
                0x00000a60      0x2d8 build/waf.bootloader-NoOS-MurataType1LD/libraries/STM32F4xx_Peripheral_Libraries.a(stm32f4xx_tim.o)
 .debug_aranges
                0x00000d38       0x30 build/waf.bootloader-NoOS-MurataType1LD/libraries/Lib_crc.a(crc.o)
 .debug_aranges
                0x00000d68       0x98 build/waf.bootloader-NoOS-MurataType1LD/libraries/Lib_SPI_Flash_Library_MurataType1LD.a(spi_flash.o)
 .debug_aranges
                0x00000e00       0x30 build/waf.bootloader-NoOS-MurataType1LD/libraries/Lib_SPI_Flash_Library_MurataType1LD.a(spi_flash_wiced.o)
 .debug_aranges
                0x00000e30      0x1f0 build/waf.bootloader-NoOS-MurataType1LD/libraries/STM32F4xx.a(wiced_platform_common.o)
 .debug_aranges
                0x00001020       0x80 build/waf.bootloader-NoOS-MurataType1LD/libraries/STM32F4xx_Peripheral_Drivers.a(platform_spi.o)
 .debug_aranges
                0x000010a0       0xe0 build/waf.bootloader-NoOS-MurataType1LD/libraries/STM32F4xx_Peripheral_Libraries.a(stm32f4xx_spi.o)

.debug_ranges   0x00000000     0x1360
 .debug_ranges  0x00000000       0x18 build/waf.bootloader-NoOS-MurataType1LD/Modules/./WICED/platform/MCU/STM32F4xx/../../ARM_CM4/crt0_GCC.o
 .debug_ranges  0x00000018       0x10 build/waf.bootloader-NoOS-MurataType1LD/libraries/App_WICED_Bootloader_MurataType1LD.a(bootloader.o)
 .debug_ranges  0x00000028       0x88 build/waf.bootloader-NoOS-MurataType1LD/libraries/Platform_MurataType1LD.a(platform.o)
 .debug_ranges  0x000000b0       0x58 build/waf.bootloader-NoOS-MurataType1LD/libraries/WWD_NoOS_Interface.a(wwd_rtos.o)
 .debug_ranges  0x00000108       0x28 build/waf.bootloader-NoOS-MurataType1LD/libraries/WWD_NoOS_Interface.a(noos.o)
 .debug_ranges  0x00000130       0xb0 build/waf.bootloader-NoOS-MurataType1LD/libraries/STM32F4xx.a(wiced_waf_common.o)
 .debug_ranges  0x000001e0       0x50 build/waf.bootloader-NoOS-MurataType1LD/libraries/STM32F4xx.a(platform_init.o)
 .debug_ranges  0x00000230       0x10 build/waf.bootloader-NoOS-MurataType1LD/libraries/STM32F4xx.a(platform_unhandled_isr.o)
 .debug_ranges  0x00000240       0x48 build/waf.bootloader-NoOS-MurataType1LD/libraries/STM32F4xx.a(waf_platform.o)
 .debug_ranges  0x00000288       0xc8 build/waf.bootloader-NoOS-MurataType1LD/libraries/STM32F4xx.a(wiced_dct_internal_common.o)
 .debug_ranges  0x00000350       0x18 build/waf.bootloader-NoOS-MurataType1LD/libraries/STM32F4xx.a(wiced_dct_update.o)
 .debug_ranges  0x00000368      0x170 build/waf.bootloader-NoOS-MurataType1LD/libraries/STM32F4xx.a(wiced_apps_common.o)
 .debug_ranges  0x000004d8       0xb0 build/waf.bootloader-NoOS-MurataType1LD/libraries/STM32F4xx_Peripheral_Drivers.a(platform_gpio.o)
 .debug_ranges  0x00000588       0x28 build/waf.bootloader-NoOS-MurataType1LD/libraries/STM32F4xx_Peripheral_Drivers.a(platform_mcu_powersave.o)
 .debug_ranges  0x000005b0      0x110 build/waf.bootloader-NoOS-MurataType1LD/libraries/STM32F4xx_Peripheral_Drivers.a(platform_uart.o)
 .debug_ranges  0x000006c0       0x40 build/waf.bootloader-NoOS-MurataType1LD/libraries/STM32F4xx_Peripheral_Drivers.a(platform_watchdog.o)
 .debug_ranges  0x00000700       0x48 build/waf.bootloader-NoOS-MurataType1LD/libraries/Lib_Ring_Buffer.a(ring_buffer.o)
 .debug_ranges  0x00000748       0x30 build/waf.bootloader-NoOS-MurataType1LD/libraries/STM32F4xx_Peripheral_Libraries.a(misc.o)
 .debug_ranges  0x00000778       0x98 build/waf.bootloader-NoOS-MurataType1LD/libraries/STM32F4xx_Peripheral_Libraries.a(stm32f4xx_dma.o)
 .debug_ranges  0x00000810      0x130 build/waf.bootloader-NoOS-MurataType1LD/libraries/STM32F4xx_Peripheral_Libraries.a(stm32f4xx_flash.o)
 .debug_ranges  0x00000940       0x78 build/waf.bootloader-NoOS-MurataType1LD/libraries/STM32F4xx_Peripheral_Libraries.a(stm32f4xx_gpio.o)
 .debug_ranges  0x000009b8       0x38 build/waf.bootloader-NoOS-MurataType1LD/libraries/STM32F4xx_Peripheral_Libraries.a(stm32f4xx_iwdg.o)
 .debug_ranges  0x000009f0      0x1c0 build/waf.bootloader-NoOS-MurataType1LD/libraries/STM32F4xx_Peripheral_Libraries.a(stm32f4xx_rcc.o)
 .debug_ranges  0x00000bb0      0x300 build/waf.bootloader-NoOS-MurataType1LD/libraries/STM32F4xx_Peripheral_Libraries.a(stm32f4xx_tim.o)
 .debug_ranges  0x00000eb0       0x20 build/waf.bootloader-NoOS-MurataType1LD/libraries/Lib_crc.a(crc.o)
 .debug_ranges  0x00000ed0       0x88 build/waf.bootloader-NoOS-MurataType1LD/libraries/Lib_SPI_Flash_Library_MurataType1LD.a(spi_flash.o)
 .debug_ranges  0x00000f58       0x20 build/waf.bootloader-NoOS-MurataType1LD/libraries/Lib_SPI_Flash_Library_MurataType1LD.a(spi_flash_wiced.o)
 .debug_ranges  0x00000f78      0x1e0 build/waf.bootloader-NoOS-MurataType1LD/libraries/STM32F4xx.a(wiced_platform_common.o)
 .debug_ranges  0x00001158      0x138 build/waf.bootloader-NoOS-MurataType1LD/libraries/STM32F4xx_Peripheral_Drivers.a(platform_spi.o)
 .debug_ranges  0x00001290       0xd0 build/waf.bootloader-NoOS-MurataType1LD/libraries/STM32F4xx_Peripheral_Libraries.a(stm32f4xx_spi.o)

.debug_line     0x00000000     0x84f4
 .debug_line    0x00000000      0x2bd build/waf.bootloader-NoOS-MurataType1LD/Modules/./WICED/platform/MCU/STM32F4xx/../../ARM_CM4/crt0_GCC.o
 .debug_line    0x000002bd      0x17b build/waf.bootloader-NoOS-MurataType1LD/Modules/./WICED/platform/MCU/STM32F4xx/platform_vector_table.o
 .debug_line    0x00000438      0x321 build/waf.bootloader-NoOS-MurataType1LD/libraries/App_WICED_Bootloader_MurataType1LD.a(bootloader.o)
 .debug_line    0x00000759      0x58b build/waf.bootloader-NoOS-MurataType1LD/libraries/Platform_MurataType1LD.a(platform.o)
 .debug_line    0x00000ce4      0x23a build/waf.bootloader-NoOS-MurataType1LD/libraries/WWD_NoOS_Interface.a(wwd_rtos.o)
 .debug_line    0x00000f1e      0x1fc build/waf.bootloader-NoOS-MurataType1LD/libraries/WWD_NoOS_Interface.a(noos.o)
 .debug_line    0x0000111a      0x55c build/waf.bootloader-NoOS-MurataType1LD/libraries/STM32F4xx.a(wiced_waf_common.o)
 .debug_line    0x00001676      0x3c6 build/waf.bootloader-NoOS-MurataType1LD/libraries/STM32F4xx.a(platform_init.o)
 .debug_line    0x00001a3c      0x202 build/waf.bootloader-NoOS-MurataType1LD/libraries/STM32F4xx.a(platform_unhandled_isr.o)
 .debug_line    0x00001c3e      0x46f build/waf.bootloader-NoOS-MurataType1LD/libraries/STM32F4xx.a(waf_platform.o)
 .debug_line    0x000020ad      0x76b build/waf.bootloader-NoOS-MurataType1LD/libraries/STM32F4xx.a(wiced_dct_internal_common.o)
 .debug_line    0x00002818      0x32f build/waf.bootloader-NoOS-MurataType1LD/libraries/STM32F4xx.a(wiced_dct_update.o)
 .debug_line    0x00002b47      0x432 build/waf.bootloader-NoOS-MurataType1LD/libraries/STM32F4xx.a(wiced_apps_common.o)
 .debug_line    0x00002f79      0x5c5 build/waf.bootloader-NoOS-MurataType1LD/libraries/STM32F4xx_Peripheral_Drivers.a(platform_gpio.o)
 .debug_line    0x0000353e      0x2d4 build/waf.bootloader-NoOS-MurataType1LD/libraries/STM32F4xx_Peripheral_Drivers.a(platform_mcu_powersave.o)
 .debug_line    0x00003812      0x77f build/waf.bootloader-NoOS-MurataType1LD/libraries/STM32F4xx_Peripheral_Drivers.a(platform_uart.o)
 .debug_line    0x00003f91      0x3be build/waf.bootloader-NoOS-MurataType1LD/libraries/STM32F4xx_Peripheral_Drivers.a(platform_watchdog.o)
 .debug_line    0x0000434f      0x25b build/waf.bootloader-NoOS-MurataType1LD/libraries/Lib_Ring_Buffer.a(ring_buffer.o)
 .debug_line    0x000045aa      0x249 build/waf.bootloader-NoOS-MurataType1LD/libraries/STM32F4xx_Peripheral_Libraries.a(misc.o)
 .debug_line    0x000047f3      0x3fa build/waf.bootloader-NoOS-MurataType1LD/libraries/STM32F4xx_Peripheral_Libraries.a(stm32f4xx_dma.o)
 .debug_line    0x00004bed      0x52d build/waf.bootloader-NoOS-MurataType1LD/libraries/STM32F4xx_Peripheral_Libraries.a(stm32f4xx_flash.o)
 .debug_line    0x0000511a      0x35c build/waf.bootloader-NoOS-MurataType1LD/libraries/STM32F4xx_Peripheral_Libraries.a(stm32f4xx_gpio.o)
 .debug_line    0x00005476      0x20b build/waf.bootloader-NoOS-MurataType1LD/libraries/STM32F4xx_Peripheral_Libraries.a(stm32f4xx_iwdg.o)
 .debug_line    0x00005681      0x6c2 build/waf.bootloader-NoOS-MurataType1LD/libraries/STM32F4xx_Peripheral_Libraries.a(stm32f4xx_rcc.o)
 .debug_line    0x00005d43      0xb20 build/waf.bootloader-NoOS-MurataType1LD/libraries/STM32F4xx_Peripheral_Libraries.a(stm32f4xx_tim.o)
 .debug_line    0x00006863      0x11c build/waf.bootloader-NoOS-MurataType1LD/libraries/Lib_crc.a(crc.o)
 .debug_line    0x0000697f      0x3c7 build/waf.bootloader-NoOS-MurataType1LD/libraries/Lib_SPI_Flash_Library_MurataType1LD.a(spi_flash.o)
 .debug_line    0x00006d46      0x355 build/waf.bootloader-NoOS-MurataType1LD/libraries/Lib_SPI_Flash_Library_MurataType1LD.a(spi_flash_wiced.o)
 .debug_line    0x0000709b      0x8b5 build/waf.bootloader-NoOS-MurataType1LD/libraries/STM32F4xx.a(wiced_platform_common.o)
 .debug_line    0x00007950      0x70b build/waf.bootloader-NoOS-MurataType1LD/libraries/STM32F4xx_Peripheral_Drivers.a(platform_spi.o)
 .debug_line    0x0000805b      0x499 build/waf.bootloader-NoOS-MurataType1LD/libraries/STM32F4xx_Peripheral_Libraries.a(stm32f4xx_spi.o)

.debug_str      0x00000000     0xd616
 .debug_str     0x00000000      0x83e build/waf.bootloader-NoOS-MurataType1LD/Modules/./WICED/platform/MCU/STM32F4xx/../../ARM_CM4/crt0_GCC.o
                                0x915 (size before relaxing)
 .debug_str     0x0000083e       0x5b build/waf.bootloader-NoOS-MurataType1LD/Modules/./WICED/platform/MCU/STM32F4xx/platform_vector_table.o
                                0x215 (size before relaxing)
 .debug_str     0x00000899     0x33bb build/waf.bootloader-NoOS-MurataType1LD/libraries/App_WICED_Bootloader_MurataType1LD.a(bootloader.o)
                               0x3898 (size before relaxing)
 .debug_str     0x00003c54     0x1cc7 build/waf.bootloader-NoOS-MurataType1LD/libraries/Platform_MurataType1LD.a(platform.o)
                               0x25a0 (size before relaxing)
 .debug_str     0x0000591b      0x591 build/waf.bootloader-NoOS-MurataType1LD/libraries/WWD_NoOS_Interface.a(wwd_rtos.o)
                                0xf26 (size before relaxing)
 .debug_str     0x00005eac       0x73 build/waf.bootloader-NoOS-MurataType1LD/libraries/WWD_NoOS_Interface.a(noos.o)
                                0x8a7 (size before relaxing)
 .debug_str     0x00005f1f      0x433 build/waf.bootloader-NoOS-MurataType1LD/libraries/STM32F4xx.a(wiced_waf_common.o)
                               0x3d14 (size before relaxing)
 .debug_str     0x00006352      0x1ac build/waf.bootloader-NoOS-MurataType1LD/libraries/STM32F4xx.a(platform_init.o)
                                0xbb0 (size before relaxing)
 .debug_str     0x000064fe       0x61 build/waf.bootloader-NoOS-MurataType1LD/libraries/STM32F4xx.a(platform_unhandled_isr.o)
                                0x441 (size before relaxing)
 .debug_str     0x0000655f      0x209 build/waf.bootloader-NoOS-MurataType1LD/libraries/STM32F4xx.a(waf_platform.o)
                               0x3b9f (size before relaxing)
 .debug_str     0x00006768     0x2598 build/waf.bootloader-NoOS-MurataType1LD/libraries/STM32F4xx.a(wiced_dct_internal_common.o)
                               0x6487 (size before relaxing)
 .debug_str     0x00008d00       0x33 build/waf.bootloader-NoOS-MurataType1LD/libraries/STM32F4xx.a(wiced_dct_update.o)
                               0x38e3 (size before relaxing)
 .debug_str     0x00008d33      0x360 build/waf.bootloader-NoOS-MurataType1LD/libraries/STM32F4xx.a(wiced_apps_common.o)
                               0x3952 (size before relaxing)
 .debug_str     0x00009093      0x4be build/waf.bootloader-NoOS-MurataType1LD/libraries/STM32F4xx_Peripheral_Drivers.a(platform_gpio.o)
                               0x17cd (size before relaxing)
 .debug_str     0x00009551       0xcb build/waf.bootloader-NoOS-MurataType1LD/libraries/STM32F4xx_Peripheral_Drivers.a(platform_mcu_powersave.o)
                                0xa17 (size before relaxing)
 .debug_str     0x0000961c      0x4e7 build/waf.bootloader-NoOS-MurataType1LD/libraries/STM32F4xx_Peripheral_Drivers.a(platform_uart.o)
                               0x23f4 (size before relaxing)
 .debug_str     0x00009b03      0x214 build/waf.bootloader-NoOS-MurataType1LD/libraries/STM32F4xx_Peripheral_Drivers.a(platform_watchdog.o)
                               0x1286 (size before relaxing)
 .debug_str     0x00009d17      0x106 build/waf.bootloader-NoOS-MurataType1LD/libraries/Lib_Ring_Buffer.a(ring_buffer.o)
                               0x357d (size before relaxing)
 .debug_str     0x00009e1d      0x15a build/waf.bootloader-NoOS-MurataType1LD/libraries/STM32F4xx_Peripheral_Libraries.a(misc.o)
                                0x42a (size before relaxing)
 .debug_str     0x00009f77      0x23a build/waf.bootloader-NoOS-MurataType1LD/libraries/STM32F4xx_Peripheral_Libraries.a(stm32f4xx_dma.o)
                                0x59e (size before relaxing)
 .debug_str     0x0000a1b1      0x3ac build/waf.bootloader-NoOS-MurataType1LD/libraries/STM32F4xx_Peripheral_Libraries.a(stm32f4xx_flash.o)
                                0x6fb (size before relaxing)
 .debug_str     0x0000a55d      0x19d build/waf.bootloader-NoOS-MurataType1LD/libraries/STM32F4xx_Peripheral_Libraries.a(stm32f4xx_gpio.o)
                                0x513 (size before relaxing)
 .debug_str     0x0000a6fa       0x92 build/waf.bootloader-NoOS-MurataType1LD/libraries/STM32F4xx_Peripheral_Libraries.a(stm32f4xx_iwdg.o)
                                0x2c8 (size before relaxing)
 .debug_str     0x0000a78c      0x61e build/waf.bootloader-NoOS-MurataType1LD/libraries/STM32F4xx_Peripheral_Libraries.a(stm32f4xx_rcc.o)
                                0xa7a (size before relaxing)
 .debug_str     0x0000adaa      0xa30 build/waf.bootloader-NoOS-MurataType1LD/libraries/STM32F4xx_Peripheral_Libraries.a(stm32f4xx_tim.o)
                                0xe5a (size before relaxing)
 .debug_str     0x0000b7da       0x5e build/waf.bootloader-NoOS-MurataType1LD/libraries/Lib_crc.a(crc.o)
                                0x201 (size before relaxing)
 .debug_str     0x0000b838      0x5ec build/waf.bootloader-NoOS-MurataType1LD/libraries/Lib_SPI_Flash_Library_MurataType1LD.a(spi_flash.o)
                                0xdb8 (size before relaxing)
 .debug_str     0x0000be24       0xc1 build/waf.bootloader-NoOS-MurataType1LD/libraries/Lib_SPI_Flash_Library_MurataType1LD.a(spi_flash_wiced.o)
                               0x39a7 (size before relaxing)
 .debug_str     0x0000bee5     0x1185 build/waf.bootloader-NoOS-MurataType1LD/libraries/STM32F4xx.a(wiced_platform_common.o)
                               0x6000 (size before relaxing)
 .debug_str     0x0000d06a      0x327 build/waf.bootloader-NoOS-MurataType1LD/libraries/STM32F4xx_Peripheral_Drivers.a(platform_spi.o)
                               0x1d40 (size before relaxing)
 .debug_str     0x0000d391      0x285 build/waf.bootloader-NoOS-MurataType1LD/libraries/STM32F4xx_Peripheral_Libraries.a(stm32f4xx_spi.o)
                                0x739 (size before relaxing)

.debug_frame    0x00000000     0x2b0c
 .debug_frame   0x00000000       0x34 build/waf.bootloader-NoOS-MurataType1LD/Modules/./WICED/platform/MCU/STM32F4xx/../../ARM_CM4/crt0_GCC.o
 .debug_frame   0x00000034       0x2c build/waf.bootloader-NoOS-MurataType1LD/libraries/App_WICED_Bootloader_MurataType1LD.a(bootloader.o)
 .debug_frame   0x00000060      0x1e0 build/waf.bootloader-NoOS-MurataType1LD/libraries/Platform_MurataType1LD.a(platform.o)
 .debug_frame   0x00000240      0x10c build/waf.bootloader-NoOS-MurataType1LD/libraries/WWD_NoOS_Interface.a(wwd_rtos.o)
 .debug_frame   0x0000034c       0x60 build/waf.bootloader-NoOS-MurataType1LD/libraries/WWD_NoOS_Interface.a(noos.o)
 .debug_frame   0x000003ac      0x164 build/waf.bootloader-NoOS-MurataType1LD/libraries/STM32F4xx.a(wiced_waf_common.o)
 .debug_frame   0x00000510       0x88 build/waf.bootloader-NoOS-MurataType1LD/libraries/STM32F4xx.a(platform_init.o)
 .debug_frame   0x00000598       0x2c build/waf.bootloader-NoOS-MurataType1LD/libraries/STM32F4xx.a(platform_unhandled_isr.o)
 .debug_frame   0x000005c4       0x98 build/waf.bootloader-NoOS-MurataType1LD/libraries/STM32F4xx.a(waf_platform.o)
 .debug_frame   0x0000065c      0x224 build/waf.bootloader-NoOS-MurataType1LD/libraries/STM32F4xx.a(wiced_dct_internal_common.o)
 .debug_frame   0x00000880       0x30 build/waf.bootloader-NoOS-MurataType1LD/libraries/STM32F4xx.a(wiced_dct_update.o)
 .debug_frame   0x000008b0      0x120 build/waf.bootloader-NoOS-MurataType1LD/libraries/STM32F4xx.a(wiced_apps_common.o)
 .debug_frame   0x000009d0      0x168 build/waf.bootloader-NoOS-MurataType1LD/libraries/STM32F4xx_Peripheral_Drivers.a(platform_gpio.o)
 .debug_frame   0x00000b38       0x70 build/waf.bootloader-NoOS-MurataType1LD/libraries/STM32F4xx_Peripheral_Drivers.a(platform_mcu_powersave.o)
 .debug_frame   0x00000ba8      0x1c8 build/waf.bootloader-NoOS-MurataType1LD/libraries/STM32F4xx_Peripheral_Drivers.a(platform_uart.o)
 .debug_frame   0x00000d70       0x74 build/waf.bootloader-NoOS-MurataType1LD/libraries/STM32F4xx_Peripheral_Drivers.a(platform_watchdog.o)
 .debug_frame   0x00000de4       0xbc build/waf.bootloader-NoOS-MurataType1LD/libraries/Lib_Ring_Buffer.a(ring_buffer.o)
 .debug_frame   0x00000ea0       0x6c build/waf.bootloader-NoOS-MurataType1LD/libraries/STM32F4xx_Peripheral_Libraries.a(misc.o)
 .debug_frame   0x00000f0c      0x160 build/waf.bootloader-NoOS-MurataType1LD/libraries/STM32F4xx_Peripheral_Libraries.a(stm32f4xx_dma.o)
 .debug_frame   0x0000106c      0x328 build/waf.bootloader-NoOS-MurataType1LD/libraries/STM32F4xx_Peripheral_Libraries.a(stm32f4xx_flash.o)
 .debug_frame   0x00001394      0x124 build/waf.bootloader-NoOS-MurataType1LD/libraries/STM32F4xx_Peripheral_Libraries.a(stm32f4xx_gpio.o)
 .debug_frame   0x000014b8       0x70 build/waf.bootloader-NoOS-MurataType1LD/libraries/STM32F4xx_Peripheral_Libraries.a(stm32f4xx_iwdg.o)
 .debug_frame   0x00001528      0x3a0 build/waf.bootloader-NoOS-MurataType1LD/libraries/STM32F4xx_Peripheral_Libraries.a(stm32f4xx_rcc.o)
 .debug_frame   0x000018c8      0x6bc build/waf.bootloader-NoOS-MurataType1LD/libraries/STM32F4xx_Peripheral_Libraries.a(stm32f4xx_tim.o)
 .debug_frame   0x00001f84       0x58 build/waf.bootloader-NoOS-MurataType1LD/libraries/Lib_crc.a(crc.o)
 .debug_frame   0x00001fdc      0x1e0 build/waf.bootloader-NoOS-MurataType1LD/libraries/Lib_SPI_Flash_Library_MurataType1LD.a(spi_flash.o)
 .debug_frame   0x000021bc       0x58 build/waf.bootloader-NoOS-MurataType1LD/libraries/Lib_SPI_Flash_Library_MurataType1LD.a(spi_flash_wiced.o)
 .debug_frame   0x00002214      0x4f0 build/waf.bootloader-NoOS-MurataType1LD/libraries/STM32F4xx.a(wiced_platform_common.o)
 .debug_frame   0x00002704      0x1b4 build/waf.bootloader-NoOS-MurataType1LD/libraries/STM32F4xx_Peripheral_Drivers.a(platform_spi.o)
 .debug_frame   0x000028b8      0x1e4 build/waf.bootloader-NoOS-MurataType1LD/libraries/STM32F4xx_Peripheral_Libraries.a(stm32f4xx_spi.o)
 .debug_frame   0x00002a9c       0x38 f:/43xxx_wi-fi/tools/arm_gnu/win32/bin/../lib/gcc/arm-none-eabi/7.2.1/../../../../arm-none-eabi/lib/thumb/v7e-m\libc.a(lib_a-memcmp.o)
 .debug_frame   0x00002ad4       0x38 f:/43xxx_wi-fi/tools/arm_gnu/win32/bin/../lib/gcc/arm-none-eabi/7.2.1/../../../../arm-none-eabi/lib/thumb/v7e-m\libc.a(lib_a-memset.o)

Cross Reference Table

Symbol                                            File
ADC_AnalogWatchdogCmd                             build/waf.bootloader-NoOS-MurataType1LD/libraries/STM32F4xx_Peripheral_Libraries.a(stm32f4xx_adc.o)
ADC_AnalogWatchdogSingleChannelConfig             build/waf.bootloader-NoOS-MurataType1LD/libraries/STM32F4xx_Peripheral_Libraries.a(stm32f4xx_adc.o)
ADC_AnalogWatchdogThresholdsConfig                build/waf.bootloader-NoOS-MurataType1LD/libraries/STM32F4xx_Peripheral_Libraries.a(stm32f4xx_adc.o)
ADC_AutoInjectedConvCmd                           build/waf.bootloader-NoOS-MurataType1LD/libraries/STM32F4xx_Peripheral_Libraries.a(stm32f4xx_adc.o)
ADC_ClearFlag                                     build/waf.bootloader-NoOS-MurataType1LD/libraries/STM32F4xx_Peripheral_Libraries.a(stm32f4xx_adc.o)
ADC_ClearITPendingBit                             build/waf.bootloader-NoOS-MurataType1LD/libraries/STM32F4xx_Peripheral_Libraries.a(stm32f4xx_adc.o)
ADC_Cmd                                           build/waf.bootloader-NoOS-MurataType1LD/libraries/STM32F4xx_Peripheral_Libraries.a(stm32f4xx_adc.o)
                                                  build/waf.bootloader-NoOS-MurataType1LD/libraries/STM32F4xx_Peripheral_Drivers.a(platform_adc.o)
ADC_CommonInit                                    build/waf.bootloader-NoOS-MurataType1LD/libraries/STM32F4xx_Peripheral_Libraries.a(stm32f4xx_adc.o)
                                                  build/waf.bootloader-NoOS-MurataType1LD/libraries/STM32F4xx_Peripheral_Drivers.a(platform_adc.o)
ADC_CommonStructInit                              build/waf.bootloader-NoOS-MurataType1LD/libraries/STM32F4xx_Peripheral_Libraries.a(stm32f4xx_adc.o)
                                                  build/waf.bootloader-NoOS-MurataType1LD/libraries/STM32F4xx_Peripheral_Drivers.a(platform_adc.o)
ADC_ContinuousModeCmd                             build/waf.bootloader-NoOS-MurataType1LD/libraries/STM32F4xx_Peripheral_Libraries.a(stm32f4xx_adc.o)
ADC_DMACmd                                        build/waf.bootloader-NoOS-MurataType1LD/libraries/STM32F4xx_Peripheral_Libraries.a(stm32f4xx_adc.o)
ADC_DMARequestAfterLastTransferCmd                build/waf.bootloader-NoOS-MurataType1LD/libraries/STM32F4xx_Peripheral_Libraries.a(stm32f4xx_adc.o)
ADC_DeInit                                        build/waf.bootloader-NoOS-MurataType1LD/libraries/STM32F4xx_Peripheral_Libraries.a(stm32f4xx_adc.o)
ADC_DiscModeChannelCountConfig                    build/waf.bootloader-NoOS-MurataType1LD/libraries/STM32F4xx_Peripheral_Libraries.a(stm32f4xx_adc.o)
ADC_DiscModeCmd                                   build/waf.bootloader-NoOS-MurataType1LD/libraries/STM32F4xx_Peripheral_Libraries.a(stm32f4xx_adc.o)
ADC_EOCOnEachRegularChannelCmd                    build/waf.bootloader-NoOS-MurataType1LD/libraries/STM32F4xx_Peripheral_Libraries.a(stm32f4xx_adc.o)
ADC_ExternalTrigInjectedConvConfig                build/waf.bootloader-NoOS-MurataType1LD/libraries/STM32F4xx_Peripheral_Libraries.a(stm32f4xx_adc.o)
ADC_ExternalTrigInjectedConvEdgeConfig            build/waf.bootloader-NoOS-MurataType1LD/libraries/STM32F4xx_Peripheral_Libraries.a(stm32f4xx_adc.o)
ADC_GetConversionValue                            build/waf.bootloader-NoOS-MurataType1LD/libraries/STM32F4xx_Peripheral_Libraries.a(stm32f4xx_adc.o)
                                                  build/waf.bootloader-NoOS-MurataType1LD/libraries/STM32F4xx_Peripheral_Drivers.a(platform_adc.o)
ADC_GetFlagStatus                                 build/waf.bootloader-NoOS-MurataType1LD/libraries/STM32F4xx_Peripheral_Libraries.a(stm32f4xx_adc.o)
                                                  build/waf.bootloader-NoOS-MurataType1LD/libraries/STM32F4xx_Peripheral_Drivers.a(platform_adc.o)
ADC_GetITStatus                                   build/waf.bootloader-NoOS-MurataType1LD/libraries/STM32F4xx_Peripheral_Libraries.a(stm32f4xx_adc.o)
ADC_GetInjectedConversionValue                    build/waf.bootloader-NoOS-MurataType1LD/libraries/STM32F4xx_Peripheral_Libraries.a(stm32f4xx_adc.o)
ADC_GetMultiModeConversionValue                   build/waf.bootloader-NoOS-MurataType1LD/libraries/STM32F4xx_Peripheral_Libraries.a(stm32f4xx_adc.o)
ADC_GetSoftwareStartConvStatus                    build/waf.bootloader-NoOS-MurataType1LD/libraries/STM32F4xx_Peripheral_Libraries.a(stm32f4xx_adc.o)
ADC_GetSoftwareStartInjectedConvCmdStatus         build/waf.bootloader-NoOS-MurataType1LD/libraries/STM32F4xx_Peripheral_Libraries.a(stm32f4xx_adc.o)
ADC_ITConfig                                      build/waf.bootloader-NoOS-MurataType1LD/libraries/STM32F4xx_Peripheral_Libraries.a(stm32f4xx_adc.o)
ADC_Init                                          build/waf.bootloader-NoOS-MurataType1LD/libraries/STM32F4xx_Peripheral_Libraries.a(stm32f4xx_adc.o)
                                                  build/waf.bootloader-NoOS-MurataType1LD/libraries/STM32F4xx_Peripheral_Drivers.a(platform_adc.o)
ADC_InjectedChannelConfig                         build/waf.bootloader-NoOS-MurataType1LD/libraries/STM32F4xx_Peripheral_Libraries.a(stm32f4xx_adc.o)
ADC_InjectedDiscModeCmd                           build/waf.bootloader-NoOS-MurataType1LD/libraries/STM32F4xx_Peripheral_Libraries.a(stm32f4xx_adc.o)
ADC_InjectedSequencerLengthConfig                 build/waf.bootloader-NoOS-MurataType1LD/libraries/STM32F4xx_Peripheral_Libraries.a(stm32f4xx_adc.o)
ADC_MultiModeDMARequestAfterLastTransferCmd       build/waf.bootloader-NoOS-MurataType1LD/libraries/STM32F4xx_Peripheral_Libraries.a(stm32f4xx_adc.o)
ADC_RegularChannelConfig                          build/waf.bootloader-NoOS-MurataType1LD/libraries/STM32F4xx_Peripheral_Libraries.a(stm32f4xx_adc.o)
                                                  build/waf.bootloader-NoOS-MurataType1LD/libraries/STM32F4xx_Peripheral_Drivers.a(platform_adc.o)
ADC_SetInjectedOffset                             build/waf.bootloader-NoOS-MurataType1LD/libraries/STM32F4xx_Peripheral_Libraries.a(stm32f4xx_adc.o)
ADC_SoftwareStartConv                             build/waf.bootloader-NoOS-MurataType1LD/libraries/STM32F4xx_Peripheral_Libraries.a(stm32f4xx_adc.o)
                                                  build/waf.bootloader-NoOS-MurataType1LD/libraries/STM32F4xx_Peripheral_Drivers.a(platform_adc.o)
ADC_SoftwareStartInjectedConv                     build/waf.bootloader-NoOS-MurataType1LD/libraries/STM32F4xx_Peripheral_Libraries.a(stm32f4xx_adc.o)
ADC_StructInit                                    build/waf.bootloader-NoOS-MurataType1LD/libraries/STM32F4xx_Peripheral_Libraries.a(stm32f4xx_adc.o)
                                                  build/waf.bootloader-NoOS-MurataType1LD/libraries/STM32F4xx_Peripheral_Drivers.a(platform_adc.o)
ADC_TempSensorVrefintCmd                          build/waf.bootloader-NoOS-MurataType1LD/libraries/STM32F4xx_Peripheral_Libraries.a(stm32f4xx_adc.o)
ADC_VBATCmd                                       build/waf.bootloader-NoOS-MurataType1LD/libraries/STM32F4xx_Peripheral_Libraries.a(stm32f4xx_adc.o)
ADC_irq                                           build/waf.bootloader-NoOS-MurataType1LD/libraries/STM32F4xx.a(platform_unhandled_isr.o)
                                                  build/waf.bootloader-NoOS-MurataType1LD/Modules/./WICED/platform/MCU/STM32F4xx/platform_vector_table.o
BusFaultException                                 build/waf.bootloader-NoOS-MurataType1LD/libraries/STM32F4xx.a(platform_unhandled_isr.o)
                                                  build/waf.bootloader-NoOS-MurataType1LD/Modules/./WICED/platform/MCU/STM32F4xx/platform_vector_table.o
CAN1_RX0_irq                                      build/waf.bootloader-NoOS-MurataType1LD/libraries/STM32F4xx.a(platform_unhandled_isr.o)
                                                  build/waf.bootloader-NoOS-MurataType1LD/Modules/./WICED/platform/MCU/STM32F4xx/platform_vector_table.o
CAN1_RX1_irq                                      build/waf.bootloader-NoOS-MurataType1LD/libraries/STM32F4xx.a(platform_unhandled_isr.o)
                                                  build/waf.bootloader-NoOS-MurataType1LD/Modules/./WICED/platform/MCU/STM32F4xx/platform_vector_table.o
CAN1_SCE_irq                                      build/waf.bootloader-NoOS-MurataType1LD/libraries/STM32F4xx.a(platform_unhandled_isr.o)
                                                  build/waf.bootloader-NoOS-MurataType1LD/Modules/./WICED/platform/MCU/STM32F4xx/platform_vector_table.o
CAN1_TX_irq                                       build/waf.bootloader-NoOS-MurataType1LD/libraries/STM32F4xx.a(platform_unhandled_isr.o)
                                                  build/waf.bootloader-NoOS-MurataType1LD/Modules/./WICED/platform/MCU/STM32F4xx/platform_vector_table.o
CAN2_RX0_irq                                      build/waf.bootloader-NoOS-MurataType1LD/libraries/STM32F4xx.a(platform_unhandled_isr.o)
                                                  build/waf.bootloader-NoOS-MurataType1LD/Modules/./WICED/platform/MCU/STM32F4xx/platform_vector_table.o
CAN2_RX1_irq                                      build/waf.bootloader-NoOS-MurataType1LD/libraries/STM32F4xx.a(platform_unhandled_isr.o)
                                                  build/waf.bootloader-NoOS-MurataType1LD/Modules/./WICED/platform/MCU/STM32F4xx/platform_vector_table.o
CAN2_SCE_irq                                      build/waf.bootloader-NoOS-MurataType1LD/libraries/STM32F4xx.a(platform_unhandled_isr.o)
                                                  build/waf.bootloader-NoOS-MurataType1LD/Modules/./WICED/platform/MCU/STM32F4xx/platform_vector_table.o
CAN2_TX_irq                                       build/waf.bootloader-NoOS-MurataType1LD/libraries/STM32F4xx.a(platform_unhandled_isr.o)
                                                  build/waf.bootloader-NoOS-MurataType1LD/Modules/./WICED/platform/MCU/STM32F4xx/platform_vector_table.o
CRYP_irq                                          build/waf.bootloader-NoOS-MurataType1LD/libraries/STM32F4xx.a(platform_unhandled_isr.o)
                                                  build/waf.bootloader-NoOS-MurataType1LD/Modules/./WICED/platform/MCU/STM32F4xx/platform_vector_table.o
DCMI_irq                                          build/waf.bootloader-NoOS-MurataType1LD/libraries/STM32F4xx.a(platform_unhandled_isr.o)
                                                  build/waf.bootloader-NoOS-MurataType1LD/Modules/./WICED/platform/MCU/STM32F4xx/platform_vector_table.o
DMA1_Stream0_irq                                  build/waf.bootloader-NoOS-MurataType1LD/libraries/STM32F4xx.a(platform_unhandled_isr.o)
                                                  build/waf.bootloader-NoOS-MurataType1LD/Modules/./WICED/platform/MCU/STM32F4xx/platform_vector_table.o
DMA1_Stream1_irq                                  build/waf.bootloader-NoOS-MurataType1LD/libraries/STM32F4xx.a(platform_unhandled_isr.o)
                                                  build/waf.bootloader-NoOS-MurataType1LD/Modules/./WICED/platform/MCU/STM32F4xx/platform_vector_table.o
DMA1_Stream2_irq                                  build/waf.bootloader-NoOS-MurataType1LD/libraries/STM32F4xx.a(platform_unhandled_isr.o)
                                                  build/waf.bootloader-NoOS-MurataType1LD/Modules/./WICED/platform/MCU/STM32F4xx/platform_vector_table.o
DMA1_Stream3_irq                                  build/waf.bootloader-NoOS-MurataType1LD/libraries/STM32F4xx.a(platform_unhandled_isr.o)
                                                  build/waf.bootloader-NoOS-MurataType1LD/Modules/./WICED/platform/MCU/STM32F4xx/platform_vector_table.o
DMA1_Stream4_irq                                  build/waf.bootloader-NoOS-MurataType1LD/libraries/STM32F4xx.a(platform_unhandled_isr.o)
                                                  build/waf.bootloader-NoOS-MurataType1LD/Modules/./WICED/platform/MCU/STM32F4xx/platform_vector_table.o
DMA1_Stream5_irq                                  build/waf.bootloader-NoOS-MurataType1LD/libraries/Platform_MurataType1LD.a(platform.o)
                                                  build/waf.bootloader-NoOS-MurataType1LD/Modules/./WICED/platform/MCU/STM32F4xx/platform_vector_table.o
DMA1_Stream6_irq                                  build/waf.bootloader-NoOS-MurataType1LD/libraries/Platform_MurataType1LD.a(platform.o)