Archive member included to satisfy reference by file (symbol)

build/waf.sflash_write-NoOS-MurataType1LD-SDIO/libraries/App_SFlash_write.a(sflash_write.o)
                              build/waf.sflash_write-NoOS-MurataType1LD-SDIO/Modules/./WICED/platform/MCU/STM32F4xx/../../ARM_CM4/crt0_GCC.o (main)
build/waf.sflash_write-NoOS-MurataType1LD-SDIO/libraries/Platform_MurataType1LD.a(platform.o)
                              build/waf.sflash_write-NoOS-MurataType1LD-SDIO/Modules/./WICED/platform/MCU/STM32F4xx/../../ARM_CM4/crt0_GCC.o (platform_init_external_devices)
build/waf.sflash_write-NoOS-MurataType1LD-SDIO/libraries/WWD_NoOS_Interface.a(wwd_rtos.o)
                              build/waf.sflash_write-NoOS-MurataType1LD-SDIO/Modules/WICED/platform/GCC/time_newlib.o (host_rtos_get_time)
build/waf.sflash_write-NoOS-MurataType1LD-SDIO/libraries/WWD_NoOS_Interface.a(noos.o)
                              build/waf.sflash_write-NoOS-MurataType1LD-SDIO/libraries/App_SFlash_write.a(sflash_write.o) (NoOS_setup_timing)
build/waf.sflash_write-NoOS-MurataType1LD-SDIO/libraries/Lib_SPI_Flash_Library_MurataType1LD.a(spi_flash.o)
                              build/waf.sflash_write-NoOS-MurataType1LD-SDIO/libraries/App_SFlash_write.a(sflash_write.o) (sflash_read)
build/waf.sflash_write-NoOS-MurataType1LD-SDIO/libraries/Lib_SPI_Flash_Library_MurataType1LD.a(spi_flash_wiced.o)
                              build/waf.sflash_write-NoOS-MurataType1LD-SDIO/libraries/Lib_SPI_Flash_Library_MurataType1LD.a(spi_flash.o) (sflash_platform_init)
build/waf.sflash_write-NoOS-MurataType1LD-SDIO/libraries/STM32F4xx.a(platform_stdio.o)
                              build/waf.sflash_write-NoOS-MurataType1LD-SDIO/libraries/Platform_MurataType1LD.a(platform.o) (platform_stdio_init)
build/waf.sflash_write-NoOS-MurataType1LD-SDIO/libraries/STM32F4xx.a(wiced_platform_common.o)
                              build/waf.sflash_write-NoOS-MurataType1LD-SDIO/libraries/Lib_SPI_Flash_Library_MurataType1LD.a(spi_flash_wiced.o) (wiced_spi_init)
build/waf.sflash_write-NoOS-MurataType1LD-SDIO/libraries/STM32F4xx.a(platform_nsclock.o)
                              build/waf.sflash_write-NoOS-MurataType1LD-SDIO/libraries/STM32F4xx.a(wiced_platform_common.o) (platform_get_nanosecond_clock_value)
build/waf.sflash_write-NoOS-MurataType1LD-SDIO/libraries/STM32F4xx.a(platform_init.o)
                              build/waf.sflash_write-NoOS-MurataType1LD-SDIO/Modules/./WICED/platform/MCU/STM32F4xx/../../ARM_CM4/crt0_GCC.o (platform_init_system_clocks)
build/waf.sflash_write-NoOS-MurataType1LD-SDIO/libraries/STM32F4xx.a(platform_unhandled_isr.o)
                              build/waf.sflash_write-NoOS-MurataType1LD-SDIO/Modules/./WICED/platform/MCU/STM32F4xx/platform_vector_table.o (UnhandledInterrupt)
build/waf.sflash_write-NoOS-MurataType1LD-SDIO/libraries/STM32F4xx.a(host_cm4.o)
                              build/waf.sflash_write-NoOS-MurataType1LD-SDIO/libraries/STM32F4xx.a(platform_nsclock.o) (host_platform_get_cycle_count)
build/waf.sflash_write-NoOS-MurataType1LD-SDIO/libraries/STM32F4xx.a(wwd_platform_separate_mcu.o)
                              build/waf.sflash_write-NoOS-MurataType1LD-SDIO/libraries/STM32F4xx.a(platform_init.o) (host_platform_init)
build/waf.sflash_write-NoOS-MurataType1LD-SDIO/libraries/STM32F4xx.a(platform_filesystem.o)
                              build/waf.sflash_write-NoOS-MurataType1LD-SDIO/libraries/STM32F4xx.a(wwd_platform_separate_mcu.o) (platform_filesystem_init)
build/waf.sflash_write-NoOS-MurataType1LD-SDIO/libraries/STM32F4xx.a(wiced_waf_common.o)
                              build/waf.sflash_write-NoOS-MurataType1LD-SDIO/libraries/STM32F4xx.a(platform_filesystem.o) (wiced_waf_app_open)
build/waf.sflash_write-NoOS-MurataType1LD-SDIO/libraries/STM32F4xx.a(waf_platform.o)
                              build/waf.sflash_write-NoOS-MurataType1LD-SDIO/libraries/STM32F4xx.a(wiced_waf_common.o) (platform_start_app)
build/waf.sflash_write-NoOS-MurataType1LD-SDIO/libraries/STM32F4xx.a(wiced_dct_internal_common.o)
                              build/waf.sflash_write-NoOS-MurataType1LD-SDIO/libraries/STM32F4xx.a(wiced_waf_common.o) (wiced_dct_write_boot_details)
build/waf.sflash_write-NoOS-MurataType1LD-SDIO/libraries/STM32F4xx.a(wiced_dct_update.o)
                              build/waf.sflash_write-NoOS-MurataType1LD-SDIO/libraries/STM32F4xx.a(wiced_dct_internal_common.o) (wiced_dct_minimal_check_dct_header)
build/waf.sflash_write-NoOS-MurataType1LD-SDIO/libraries/STM32F4xx.a(wiced_apps_common.o)
                              build/waf.sflash_write-NoOS-MurataType1LD-SDIO/libraries/STM32F4xx.a(wiced_waf_common.o) (wiced_apps_get_size)
build/waf.sflash_write-NoOS-MurataType1LD-SDIO/libraries/STM32F4xx_Peripheral_Drivers.a(platform_adc.o)
                              build/waf.sflash_write-NoOS-MurataType1LD-SDIO/libraries/STM32F4xx.a(wiced_platform_common.o) (platform_adc_init)
[...]
Memory Configuration

Name             Origin             Length             Attributes
SHARED_API       0x08000200         0x00000200         xr
SRAM             0x20000000         0x00040000         xrw
OTA_HDR          0x1ffffe00         0x00000200         xr
*default*        0x00000000         0xffffffff

Linker script and memory map

                0x200045a4                reset_handler = _start

.app_header     0x1ffffe00        0x0
                0x1ffffe00                bootloader_app_header_location = .
 *(*.bootloader_app_header)

.sflash_trnsf   0x20000000     0x401c
 *(*.data_config)
 .rodata.data_config
                0x20000000        0xc build/waf.sflash_write-NoOS-MurataType1LD-SDIO/libraries/App_SFlash_write.a(sflash_write.o)
                0x20000000                data_config
 *(*.data_transfer)
 .bss.data_transfer
                0x2000000c     0x4010 build/waf.sflash_write-NoOS-MurataType1LD-SDIO/libraries/App_SFlash_write.a(sflash_write.o)
                0x2000000c                data_transfer

.vectors        0x2000401c      0x370
                0x20004200                . = ALIGN (0x200)
 *fill*         0x2000401c      0x1e4 
                0x20004200                link_interrupt_vectors_location = .
 *(*.interrupt_vector_table)
 .rodata.interrupt_vector_table
                0x20004200      0x18c build/waf.sflash_write-NoOS-MurataType1LD-SDIO/Modules/./WICED/platform/MCU/STM32F4xx/platform_vector_table.o
                0x20004200                interrupt_vector_table

.text           0x2000438c     0x2644
                0x2000438c                . = ALIGN (0x4)
                0x2000438c                link_code_location = .
 *(.text.irq)
 .text.irq      0x2000438c      0x108 build/waf.sflash_write-NoOS-MurataType1LD-SDIO/libraries/Platform_MurataType1LD.a(platform.o)
                0x2000438c                USART1_irq
                0x2000438c                usart1_irq
                0x200043a8                usart2_irq
                0x200043a8                USART2_irq
                0x200043c8                USART6_irq
                0x200043c8                usart6_irq
                0x200043e4                usart1_tx_dma_irq
                0x200043e4                DMA2_Stream7_irq
                0x20004400                usart2_tx_dma_irq
                0x20004400                DMA1_Stream6_irq
                0x20004420                DMA2_Stream6_irq
                0x20004420                usart6_tx_dma_irq
                0x2000443c                DMA2_Stream2_irq
                0x2000443c                usart1_rx_dma_irq
                0x20004458                DMA1_Stream5_irq
                0x20004458                usart2_rx_dma_irq
                0x20004478                DMA2_Stream1_irq
                0x20004478                usart6_rx_dma_irq
 .text.irq      0x20004494       0x20 build/waf.sflash_write-NoOS-MurataType1LD-SDIO/libraries/WWD_NoOS_Interface.a(noos.o)
                0x20004494                NoOS_systick_irq
 .text.irq      0x200044b4       0x20 build/waf.sflash_write-NoOS-MurataType1LD-SDIO/libraries/STM32F4xx.a(platform_unhandled_isr.o)
                0x200044b4                MemManageException
                0x200044b4                BusFaultException
                0x200044b4                OTG_HS_EP1_OUT_irq
                0x200044b4                CAN2_RX0_irq
                0x200044b4                UART5_irq
                0x200044b4                DMA1_Stream3_irq
                0x200044b4                SPI2_irq
                0x200044b4                USART3_irq
                0x200044b4                FSMC_irq
                0x200044b4                DebugMonitor
                0x200044b4                TIM1_UP_TIM10_irq
                0x200044b4                CAN1_TX_irq
                0x200044b4                FPU_irq
                0x200044b4                UART7_irq
                0x200044b4                HardFaultException
                0x200044b4                TIM2_irq
                0x200044b4                SPI1_irq
                0x200044b4                ETH_WKUP_irq
                0x200044b4                TAMP_STAMP_irq
                0x200044b4                ADC_irq
                0x200044b4                TIM8_UP_TIM13_irq
                0x200044b4                DMA1_Stream1_irq
                0x200044b4                ETH_irq
                0x200044b4                UnhandledInterrupt
                0x200044b4                DMA1_Stream2_irq
                0x200044b4                RTC_Alarm_irq
                0x200044b4                TIM8_CC_irq
                0x200044b4                DMA2_Stream4_irq
                0x200044b4                I2C1_ER_irq
                0x200044b4                DMA1_Stream0_irq
                0x200044b4                NMIException
                0x200044b4                DMA2_Stream0_irq
                0x200044b4                OTG_FS_WKUP_irq
                0x200044b4                I2C1_EV_irq
                0x200044b4                DMA1_Stream4_irq
                0x200044b4                CAN2_TX_irq
                0x200044b4                WWDG_irq
                0x200044b4                DMA2_Stream5_irq
                0x200044b4                SPI3_irq
                0x200044b4                PVD_irq
                0x200044b4                DMA2_Stream3_irq
                0x200044b4                TIM8_TRG_COM_TIM14_irq
                0x200044b4                OTG_HS_EP1_IN_irq
                0x200044b4                TIM1_TRG_COM_TIM11_irq
                0x200044b4                I2C2_EV_irq
                0x200044b4                CRYP_irq
                0x200044b4                I2C3_EV_irq
                0x200044b4                DMA1_Stream7_irq
                0x200044b4                HASH_RNG_irq
                0x200044b4                TIM1_CC_irq
                0x200044b4                TIM8_BRK_TIM12_irq
                0x200044b4                CAN2_RX1_irq
                0x200044b4                RTC_WKUP_irq
                0x200044b4                CAN1_RX1_irq
                0x200044b4                TIM6_DAC_irq
                0x200044b4                TIM7_irq
                0x200044b4                CAN1_RX0_irq
                0x200044b4                OTG_HS_WKUP_irq
                0x200044b4                TIM1_BRK_TIM9_irq
                0x200044b4                OTG_FS_irq
                0x200044b4                TIM5_irq
                0x200044b4                DCMI_irq
                0x200044b4                UART4_irq
                0x200044b4                CAN1_SCE_irq
                0x200044b4                UsageFaultException
                0x200044b4                SDIO_irq
                0x200044b4                OTG_HS_irq
                0x200044b4                CAN2_SCE_irq
                0x200044b4                I2C3_ER_irq
                0x200044b4                RCC_irq
                0x200044b4                FLASH_irq
                0x200044b4                I2C2_ER_irq
                0x200044b4                TIM3_irq
 .text.irq      0x200044d4       0xb0 build/waf.sflash_write-NoOS-MurataType1LD-SDIO/libraries/STM32F4xx_Peripheral_Drivers.a(platform_gpio.o)
                0x200044d4                EXTI4_irq
                0x200044d4                EXTI1_irq
                0x200044d4                EXTI0_irq
                0x200044d4                EXTI15_10_irq
                0x200044d4                gpio_irq
                0x200044d4                EXTI3_irq
                0x200044d4                EXTI2_irq
                0x200044d4                EXTI9_5_irq
 .text.irq      0x20004584       0x20 build/waf.sflash_write-NoOS-MurataType1LD-SDIO/libraries/STM32F4xx_Peripheral_Drivers.a(platform_watchdog.o)
                0x20004584                dbg_watchdog_irq
                0x20004584                TIM4_irq
 *(.text .text.* .gnu.linkonce.t.*)
 .text._start   0x200045a4       0xc8 build/waf.sflash_write-NoOS-MurataType1LD-SDIO/Modules/./WICED/platform/MCU/STM32F4xx/../../ARM_CM4/crt0_GCC.o
                0x200045a4                _start
 .text.sflash_sector_support_erase_range
                0x2000466c        0x4 build/waf.sflash_write-NoOS-MurataType1LD-SDIO/libraries/App_SFlash_write.a(sflash_write.o)
                0x2000466c                sflash_sector_support_erase_range
 .text.sflash_sector_erase_range
                0x20004670        0x4 build/waf.sflash_write-NoOS-MurataType1LD-SDIO/libraries/App_SFlash_write.a(sflash_write.o)
                0x20004670                sflash_sector_erase_range
 .text.startup.main
                0x20004674      0x288 build/waf.sflash_write-NoOS-MurataType1LD-SDIO/libraries/App_SFlash_write.a(sflash_write.o)
                0x20004674                main
 .text.platform_init_peripheral_irq_priorities
                0x200048fc       0x60 build/waf.sflash_write-NoOS-MurataType1LD-SDIO/libraries/Platform_MurataType1LD.a(platform.o)
                0x200048fc                platform_init_peripheral_irq_priorities
 .text.platform_init_external_devices
                0x2000495c       0x5c build/waf.sflash_write-NoOS-MurataType1LD-SDIO/libraries/Platform_MurataType1LD.a(platform.o)
                0x2000495c                platform_init_external_devices
 .text.host_rtos_init_semaphore
                0x200049b8        0x8 build/waf.sflash_write-NoOS-MurataType1LD-SDIO/libraries/WWD_NoOS_Interface.a(wwd_rtos.o)
                0x200049b8                host_rtos_init_semaphore
 .text.host_rtos_get_semaphore
                0x200049c0       0x38 build/waf.sflash_write-NoOS-MurataType1LD-SDIO/libraries/WWD_NoOS_Interface.a(wwd_rtos.o)
                0x200049c0                host_rtos_get_semaphore
 .text.host_rtos_set_semaphore
                0x200049f8       0x16 build/waf.sflash_write-NoOS-MurataType1LD-SDIO/libraries/WWD_NoOS_Interface.a(wwd_rtos.o)
                0x200049f8                host_rtos_set_semaphore
 *fill*         0x20004a0e        0x2 
 .text.NoOS_setup_timing
                0x20004a10       0x20 build/waf.sflash_write-NoOS-MurataType1LD-SDIO/libraries/WWD_NoOS_Interface.a(noos.o)
                0x20004a10                NoOS_setup_timing
 .text.platform_init_rtos_irq_priorities
                0x20004a30       0x20 build/waf.sflash_write-NoOS-MurataType1LD-SDIO/libraries/WWD_NoOS_Interface.a(noos.o)
                0x20004a30                platform_init_rtos_irq_priorities
 .text.sflash_read_status_register
                0x20004a50       0x1a build/waf.sflash_write-NoOS-MurataType1LD-SDIO/libraries/Lib_SPI_Flash_Library_MurataType1LD.a(spi_flash.o)
                0x20004a50                sflash_read_status_register
 *fill*         0x20004a6a        0x2 
 .text.generic_sflash_command
                0x20004a6c       0x74 build/waf.sflash_write-NoOS-MurataType1LD-SDIO/libraries/Lib_SPI_Flash_Library_MurataType1LD.a(spi_flash.o)
 .text.sflash_read_ID
                0x20004ae0       0x1a build/waf.sflash_write-NoOS-MurataType1LD-SDIO/libraries/Lib_SPI_Flash_Library_MurataType1LD.a(spi_flash.o)
                0x20004ae0                sflash_read_ID
 .text.sflash_read
                0x20004afa       0x2a build/waf.sflash_write-NoOS-MurataType1LD-SDIO/libraries/Lib_SPI_Flash_Library_MurataType1LD.a(spi_flash.o)
                0x20004afa                sflash_read
 .text.sflash_get_size
                0x20004b24       0x2c build/waf.sflash_write-NoOS-MurataType1LD-SDIO/libraries/Lib_SPI_Flash_Library_MurataType1LD.a(spi_flash.o)
                0x20004b24                sflash_get_size
 .text.sflash_clear_flag_register
                0x20004b50       0x18 build/waf.sflash_write-NoOS-MurataType1LD-SDIO/libraries/Lib_SPI_Flash_Library_MurataType1LD.a(spi_flash.o)
                0x20004b50                sflash_clear_flag_register
 .text.sflash_read_flag_register
                0x20004b68       0x1a build/waf.sflash_write-NoOS-MurataType1LD-SDIO/libraries/Lib_SPI_Flash_Library_MurataType1LD.a(spi_flash.o)
                0x20004b68                sflash_read_flag_register
 .text.sflash_write_status_register
                0x20004b82       0x40 build/waf.sflash_write-NoOS-MurataType1LD-SDIO/libraries/Lib_SPI_Flash_Library_MurataType1LD.a(spi_flash.o)
                0x20004b82                sflash_write_status_register
 .text.sflash_write_enable
                0x20004bc2       0x58 build/waf.sflash_write-NoOS-MurataType1LD-SDIO/libraries/Lib_SPI_Flash_Library_MurataType1LD.a(spi_flash.o)
                0x20004bc2                sflash_write_enable
 *fill*         0x20004c1a        0x2 
 .text.sflash_chip_erase
                0x20004c1c       0x30 build/waf.sflash_write-NoOS-MurataType1LD-SDIO/libraries/Lib_SPI_Flash_Library_MurataType1LD.a(spi_flash.o)
                0x20004c1c                sflash_chip_erase
 .text.sflash_sector_erase
                0x20004c4c       0x32 build/waf.sflash_write-NoOS-MurataType1LD-SDIO/libraries/Lib_SPI_Flash_Library_MurataType1LD.a(spi_flash.o)
                0x20004c4c                sflash_sector_erase
 *fill*         0x20004c7e        0x2 
 .text.sflash_write
                0x20004c80       0xa8 build/waf.sflash_write-NoOS-MurataType1LD-SDIO/libraries/Lib_SPI_Flash_Library_MurataType1LD.a(spi_flash.o)
                0x20004c80                sflash_write
 .text.deinit_sflash
                0x20004d28        0x4 build/waf.sflash_write-NoOS-MurataType1LD-SDIO/libraries/Lib_SPI_Flash_Library_MurataType1LD.a(spi_flash.o)
                0x20004d28                deinit_sflash
 .text.init_sflash
                0x20004d2c       0x42 build/waf.sflash_write-NoOS-MurataType1LD-SDIO/libraries/Lib_SPI_Flash_Library_MurataType1LD.a(spi_flash.o)
                0x20004d2c                init_sflash
 *fill*         0x20004d6e        0x2 
 .text.sflash_platform_init
                0x20004d70       0x1c build/waf.sflash_write-NoOS-MurataType1LD-SDIO/libraries/Lib_SPI_Flash_Library_MurataType1LD.a(spi_flash_wiced.o)
                0x20004d70                sflash_platform_init
 .text.sflash_platform_send_recv
                0x20004d8c       0x18 build/waf.sflash_write-NoOS-MurataType1LD-SDIO/libraries/Lib_SPI_Flash_Library_MurataType1LD.a(spi_flash_wiced.o)
                0x20004d8c                sflash_platform_send_recv
 .text.sflash_platform_deinit
                0x20004da4       0x18 build/waf.sflash_write-NoOS-MurataType1LD-SDIO/libraries/Lib_SPI_Flash_Library_MurataType1LD.a(spi_flash_wiced.o)
                0x20004da4                sflash_platform_deinit
 .text.platform_stdio_init
                0x20004dbc       0x5c build/waf.sflash_write-NoOS-MurataType1LD-SDIO/libraries/STM32F4xx.a(platform_stdio.o)
                0x20004dbc                platform_stdio_init
 .text.wiced_spi_init
                0x20004e18       0x44 build/waf.sflash_write-NoOS-MurataType1LD-SDIO/libraries/STM32F4xx.a(wiced_platform_common.o)
                0x20004e18                wiced_spi_init
 .text.wiced_spi_deinit
                0x20004e5c       0x14 build/waf.sflash_write-NoOS-MurataType1LD-SDIO/libraries/STM32F4xx.a(wiced_platform_common.o)
                0x20004e5c                wiced_spi_deinit
 .text.wiced_spi_transfer
                0x20004e70       0x4c build/waf.sflash_write-NoOS-MurataType1LD-SDIO/libraries/STM32F4xx.a(wiced_platform_common.o)
                0x20004e70                wiced_spi_transfer
 .text.platform_mcu_reset
                0x20004ebc       0x20 build/waf.sflash_write-NoOS-MurataType1LD-SDIO/libraries/STM32F4xx.a(platform_init.o)
                0x20004ebc                platform_mcu_reset
 .text.platform_init_system_clocks
                0x20004edc       0x6c build/waf.sflash_write-NoOS-MurataType1LD-SDIO/libraries/STM32F4xx.a(platform_init.o)
                0x20004edc                platform_init_system_clocks
 .text.platform_init_memory
                0x20004f48        0x2 build/waf.sflash_write-NoOS-MurataType1LD-SDIO/libraries/STM32F4xx.a(platform_init.o)
                0x20004f48                platform_init_memory
 *fill*         0x20004f4a        0x2 
 .text.platform_init_mcu_infrastructure
                0x20004f4c       0x34 build/waf.sflash_write-NoOS-MurataType1LD-SDIO/libraries/STM32F4xx.a(platform_init.o)
                0x20004f4c                platform_init_mcu_infrastructure
 .text.platform_gpio_output_high
                0x20004f80       0x1c build/waf.sflash_write-NoOS-MurataType1LD-SDIO/libraries/STM32F4xx_Peripheral_Drivers.a(platform_gpio.o)
                0x20004f80                platform_gpio_output_high
 .text.platform_gpio_output_low
                0x20004f9c       0x1c build/waf.sflash_write-NoOS-MurataType1LD-SDIO/libraries/STM32F4xx_Peripheral_Drivers.a(platform_gpio.o)
                0x20004f9c                platform_gpio_output_low
 .text.platform_gpio_irq_manager_init
                0x20004fb8       0x20 build/waf.sflash_write-NoOS-MurataType1LD-SDIO/libraries/STM32F4xx_Peripheral_Drivers.a(platform_gpio.o)
                0x20004fb8                platform_gpio_irq_manager_init
 .text.platform_gpio_get_port_number
                0x20004fd8       0x80 build/waf.sflash_write-NoOS-MurataType1LD-SDIO/libraries/STM32F4xx_Peripheral_Drivers.a(platform_gpio.o)
                0x20004fd8                platform_gpio_get_port_number
 .text.platform_gpio_init
                0x20005058       0x80 build/waf.sflash_write-NoOS-MurataType1LD-SDIO/libraries/STM32F4xx_Peripheral_Drivers.a(platform_gpio.o)
                0x20005058                platform_gpio_init
 .text.platform_gpio_set_alternate_function
                0x200050d8       0x68 build/waf.sflash_write-NoOS-MurataType1LD-SDIO/libraries/STM32F4xx_Peripheral_Drivers.a(platform_gpio.o)
                0x200050d8                platform_gpio_set_alternate_function
 .text.platform_mcu_powersave_disable
                0x20005140        0x6 build/waf.sflash_write-NoOS-MurataType1LD-SDIO/libraries/STM32F4xx_Peripheral_Drivers.a(platform_mcu_powersave.o)
                0x20005140                platform_mcu_powersave_disable
 .text.platform_mcu_powersave_enable
                0x20005146        0x6 build/waf.sflash_write-NoOS-MurataType1LD-SDIO/libraries/STM32F4xx_Peripheral_Drivers.a(platform_mcu_powersave.o)
                0x20005146                platform_mcu_powersave_enable
 .text.spi_dma_transfer
                0x2000514c      0x18c build/waf.sflash_write-NoOS-MurataType1LD-SDIO/libraries/STM32F4xx_Peripheral_Drivers.a(platform_spi.o)
 .text.calculate_prescaler.part.1
                0x200052d8       0x68 build/waf.sflash_write-NoOS-MurataType1LD-SDIO/libraries/STM32F4xx_Peripheral_Drivers.a(platform_spi.o)
 .text.spi_transfer.isra.2
                0x20005340       0x3c build/waf.sflash_write-NoOS-MurataType1LD-SDIO/libraries/STM32F4xx_Peripheral_Drivers.a(platform_spi.o)
 .text.platform_spi_get_port_number
                0x2000537c       0x40 build/waf.sflash_write-NoOS-MurataType1LD-SDIO/libraries/STM32F4xx_Peripheral_Drivers.a(platform_spi.o)
                0x2000537c                platform_spi_get_port_number
 .text.platform_spi_init
                0x200053bc      0x1a4 build/waf.sflash_write-NoOS-MurataType1LD-SDIO/libraries/STM32F4xx_Peripheral_Drivers.a(platform_spi.o)
                0x200053bc                platform_spi_init
 .text.platform_spi_deinit
                0x20005560        0x4 build/waf.sflash_write-NoOS-MurataType1LD-SDIO/libraries/STM32F4xx_Peripheral_Drivers.a(platform_spi.o)
                0x20005560                platform_spi_deinit
 .text.platform_spi_transfer
                0x20005564      0x124 build/waf.sflash_write-NoOS-MurataType1LD-SDIO/libraries/STM32F4xx_Peripheral_Drivers.a(platform_spi.o)
                0x20005564                platform_spi_transfer
 .text.clear_dma_interrupts
                0x20005688       0x4c build/waf.sflash_write-NoOS-MurataType1LD-SDIO/libraries/STM32F4xx_Peripheral_Drivers.a(platform_uart.o)
 .text.receive_bytes
                0x200056d4       0x7c build/waf.sflash_write-NoOS-MurataType1LD-SDIO/libraries/STM32F4xx_Peripheral_Drivers.a(platform_uart.o)
 .text.get_dma_irq_status
                0x20005750       0x34 build/waf.sflash_write-NoOS-MurataType1LD-SDIO/libraries/STM32F4xx_Peripheral_Drivers.a(platform_uart.o)
 .text.platform_uart_get_port_number
                0x20005784       0x34 build/waf.sflash_write-NoOS-MurataType1LD-SDIO/libraries/STM32F4xx_Peripheral_Drivers.a(platform_uart.o)
                0x20005784                platform_uart_get_port_number
 .text.platform_uart_init
                0x200057b8      0x290 build/waf.sflash_write-NoOS-MurataType1LD-SDIO/libraries/STM32F4xx_Peripheral_Drivers.a(platform_uart.o)
                0x200057b8                platform_uart_init
 .text.platform_uart_irq
                0x20005a48       0x38 build/waf.sflash_write-NoOS-MurataType1LD-SDIO/libraries/STM32F4xx_Peripheral_Drivers.a(platform_uart.o)
                0x20005a48                platform_uart_irq
 .text.platform_uart_tx_dma_irq
                0x20005a80       0x4c build/waf.sflash_write-NoOS-MurataType1LD-SDIO/libraries/STM32F4xx_Peripheral_Drivers.a(platform_uart.o)
                0x20005a80                platform_uart_tx_dma_irq
 .text.platform_uart_rx_dma_irq
                0x20005acc       0x4c build/waf.sflash_write-NoOS-MurataType1LD-SDIO/libraries/STM32F4xx_Peripheral_Drivers.a(platform_uart.o)
                0x20005acc                platform_uart_rx_dma_irq
 .text.platform_watchdog_init
                0x20005b18       0x94 build/waf.sflash_write-NoOS-MurataType1LD-SDIO/libraries/STM32F4xx_Peripheral_Drivers.a(platform_watchdog.o)
                0x20005b18                platform_watchdog_init
 .text.platform_watchdog_kick
                0x20005bac       0x4c build/waf.sflash_write-NoOS-MurataType1LD-SDIO/libraries/STM32F4xx_Peripheral_Drivers.a(platform_watchdog.o)
                0x20005bac                platform_watchdog_kick
 .text.ring_buffer_init
                0x20005bf8       0x14 build/waf.sflash_write-NoOS-MurataType1LD-SDIO/libraries/Lib_Ring_Buffer.a(ring_buffer.o)
                0x20005bf8                ring_buffer_init
 .text.ring_buffer_used_space
                0x20005c0c       0x14 build/waf.sflash_write-NoOS-MurataType1LD-SDIO/libraries/Lib_Ring_Buffer.a(ring_buffer.o)
                0x20005c0c                ring_buffer_used_space
 .text.NVIC_PriorityGroupConfig
                0x20005c20       0x14 build/waf.sflash_write-NoOS-MurataType1LD-SDIO/libraries/STM32F4xx_Peripheral_Libraries.a(misc.o)
                0x20005c20                NVIC_PriorityGroupConfig
 .text.SysTick_CLKSourceConfig
                0x20005c34       0x18 build/waf.sflash_write-NoOS-MurataType1LD-SDIO/libraries/STM32F4xx_Peripheral_Libraries.a(misc.o)
                0x20005c34                SysTick_CLKSourceConfig
 .text.DMA_DeInit
                0x20005c4c      0x110 build/waf.sflash_write-NoOS-MurataType1LD-SDIO/libraries/STM32F4xx_Peripheral_Libraries.a(stm32f4xx_dma.o)
                0x20005c4c                DMA_DeInit
 .text.DMA_Init
                0x20005d5c       0x54 build/waf.sflash_write-NoOS-MurataType1LD-SDIO/libraries/STM32F4xx_Peripheral_Libraries.a(stm32f4xx_dma.o)
                0x20005d5c                DMA_Init
 .text.DMA_Cmd  0x20005db0       0x12 build/waf.sflash_write-NoOS-MurataType1LD-SDIO/libraries/STM32F4xx_Peripheral_Libraries.a(stm32f4xx_dma.o)
                0x20005db0                DMA_Cmd
 .text.DMA_GetCurrDataCounter
                0x20005dc2        0x6 build/waf.sflash_write-NoOS-MurataType1LD-SDIO/libraries/STM32F4xx_Peripheral_Libraries.a(stm32f4xx_dma.o)
                0x20005dc2                DMA_GetCurrDataCounter
 .text.DMA_GetCmdStatus
                0x20005dc8        0x8 build/waf.sflash_write-NoOS-MurataType1LD-SDIO/libraries/STM32F4xx_Peripheral_Libraries.a(stm32f4xx_dma.o)
                0x20005dc8                DMA_GetCmdStatus
 .text.DMA_ClearFlag
                0x20005dd0       0x30 build/waf.sflash_write-NoOS-MurataType1LD-SDIO/libraries/STM32F4xx_Peripheral_Libraries.a(stm32f4xx_dma.o)
                0x20005dd0                DMA_ClearFlag
 .text.DMA_ITConfig
                0x20005e00       0x3e build/waf.sflash_write-NoOS-MurataType1LD-SDIO/libraries/STM32F4xx_Peripheral_Libraries.a(stm32f4xx_dma.o)
                0x20005e00                DMA_ITConfig
 *fill*         0x20005e3e        0x2 
 .text.FLASH_SetLatency
                0x20005e40        0xc build/waf.sflash_write-NoOS-MurataType1LD-SDIO/libraries/STM32F4xx_Peripheral_Libraries.a(stm32f4xx_flash.o)
                0x20005e40                FLASH_SetLatency
 .text.FLASH_PrefetchBufferCmd
                0x20005e4c       0x18 build/waf.sflash_write-NoOS-MurataType1LD-SDIO/libraries/STM32F4xx_Peripheral_Libraries.a(stm32f4xx_flash.o)
                0x20005e4c                FLASH_PrefetchBufferCmd
 .text.GPIO_Init
                0x20005e64       0x9c build/waf.sflash_write-NoOS-MurataType1LD-SDIO/libraries/STM32F4xx_Peripheral_Libraries.a(stm32f4xx_gpio.o)
                0x20005e64                GPIO_Init
 .text.GPIO_PinAFConfig
                0x20005f00       0x24 build/waf.sflash_write-NoOS-MurataType1LD-SDIO/libraries/STM32F4xx_Peripheral_Libraries.a(stm32f4xx_gpio.o)
                0x20005f00                GPIO_PinAFConfig
 .text.IWDG_WriteAccessCmd
                0x20005f24        0xc build/waf.sflash_write-NoOS-MurataType1LD-SDIO/libraries/STM32F4xx_Peripheral_Libraries.a(stm32f4xx_iwdg.o)
                0x20005f24                IWDG_WriteAccessCmd
 .text.IWDG_SetPrescaler
                0x20005f30        0xc build/waf.sflash_write-NoOS-MurataType1LD-SDIO/libraries/STM32F4xx_Peripheral_Libraries.a(stm32f4xx_iwdg.o)
                0x20005f30                IWDG_SetPrescaler
 .text.IWDG_SetReload
                0x20005f3c        0xc build/waf.sflash_write-NoOS-MurataType1LD-SDIO/libraries/STM32F4xx_Peripheral_Libraries.a(stm32f4xx_iwdg.o)
                0x20005f3c                IWDG_SetReload
 .text.IWDG_ReloadCounter
                0x20005f48       0x10 build/waf.sflash_write-NoOS-MurataType1LD-SDIO/libraries/STM32F4xx_Peripheral_Libraries.a(stm32f4xx_iwdg.o)
                0x20005f48                IWDG_ReloadCounter
 .text.IWDG_Enable
                0x20005f58       0x10 build/waf.sflash_write-NoOS-MurataType1LD-SDIO/libraries/STM32F4xx_Peripheral_Libraries.a(stm32f4xx_iwdg.o)
                0x20005f58                IWDG_Enable
 .text.RCC_HSEConfig
                0x20005f68       0x10 build/waf.sflash_write-NoOS-MurataType1LD-SDIO/libraries/STM32F4xx_Peripheral_Libraries.a(stm32f4xx_rcc.o)
                0x20005f68                RCC_HSEConfig
 .text.RCC_PLLConfig
                0x20005f78       0x28 build/waf.sflash_write-NoOS-MurataType1LD-SDIO/libraries/STM32F4xx_Peripheral_Libraries.a(stm32f4xx_rcc.o)
                0x20005f78                RCC_PLLConfig
 .text.RCC_PLLCmd
                0x20005fa0        0xc build/waf.sflash_write-NoOS-MurataType1LD-SDIO/libraries/STM32F4xx_Peripheral_Libraries.a(stm32f4xx_rcc.o)
                0x20005fa0                RCC_PLLCmd
 .text.RCC_SYSCLKConfig
                0x20005fac       0x14 build/waf.sflash_write-NoOS-MurataType1LD-SDIO/libraries/STM32F4xx_Peripheral_Libraries.a(stm32f4xx_rcc.o)
                0x20005fac                RCC_SYSCLKConfig
 .text.RCC_GetSYSCLKSource
                0x20005fc0       0x10 build/waf.sflash_write-NoOS-MurataType1LD-SDIO/libraries/STM32F4xx_Peripheral_Libraries.a(stm32f4xx_rcc.o)
                0x20005fc0                RCC_GetSYSCLKSource
 .text.RCC_HCLKConfig
                0x20005fd0       0x14 build/waf.sflash_write-NoOS-MurataType1LD-SDIO/libraries/STM32F4xx_Peripheral_Libraries.a(stm32f4xx_rcc.o)
                0x20005fd0                RCC_HCLKConfig
 .text.RCC_PCLK1Config
                0x20005fe4       0x14 build/waf.sflash_write-NoOS-MurataType1LD-SDIO/libraries/STM32F4xx_Peripheral_Libraries.a(stm32f4xx_rcc.o)
                0x20005fe4                RCC_PCLK1Config
 .text.RCC_PCLK2Config
                0x20005ff8       0x14 build/waf.sflash_write-NoOS-MurataType1LD-SDIO/libraries/STM32F4xx_Peripheral_Libraries.a(stm32f4xx_rcc.o)
                0x20005ff8                RCC_PCLK2Config
 .text.RCC_GetClocksFreq
                0x2000600c       0xb0 build/waf.sflash_write-NoOS-MurataType1LD-SDIO/libraries/STM32F4xx_Peripheral_Libraries.a(stm32f4xx_rcc.o)
                0x2000600c                RCC_GetClocksFreq
 .text.RCC_APB1PeriphClockCmd
                0x200060bc       0x18 build/waf.sflash_write-NoOS-MurataType1LD-SDIO/libraries/STM32F4xx_Peripheral_Libraries.a(stm32f4xx_rcc.o)
                0x200060bc                RCC_APB1PeriphClockCmd
 .text.RCC_APB2PeriphClockCmd
                0x200060d4       0x18 build/waf.sflash_write-NoOS-MurataType1LD-SDIO/libraries/STM32F4xx_Peripheral_Libraries.a(stm32f4xx_rcc.o)
                0x200060d4                RCC_APB2PeriphClockCmd
 .text.RCC_APB1PeriphResetCmd
                0x200060ec       0x18 build/waf.sflash_write-NoOS-MurataType1LD-SDIO/libraries/STM32F4xx_Peripheral_Libraries.a(stm32f4xx_rcc.o)
                0x200060ec                RCC_APB1PeriphResetCmd
 .text.RCC_APB2PeriphResetCmd
                0x20006104       0x18 build/waf.sflash_write-NoOS-MurataType1LD-SDIO/libraries/STM32F4xx_Peripheral_Libraries.a(stm32f4xx_rcc.o)
                0x20006104                RCC_APB2PeriphResetCmd
 .text.RCC_GetFlagStatus
                0x2000611c       0x28 build/waf.sflash_write-NoOS-MurataType1LD-SDIO/libraries/STM32F4xx_Peripheral_Libraries.a(stm32f4xx_rcc.o)
                0x2000611c                RCC_GetFlagStatus
 .text.RCC_WaitForHSEStartUp
                0x20006144       0x30 build/waf.sflash_write-NoOS-MurataType1LD-SDIO/libraries/STM32F4xx_Peripheral_Libraries.a(stm32f4xx_rcc.o)
                0x20006144                RCC_WaitForHSEStartUp
 .text.SPI_Init
                0x20006174       0x3c build/waf.sflash_write-NoOS-MurataType1LD-SDIO/libraries/STM32F4xx_Peripheral_Libraries.a(stm32f4xx_spi.o)
                0x20006174                SPI_Init
 .text.SPI_Cmd  0x200061b0       0x16 build/waf.sflash_write-NoOS-MurataType1LD-SDIO/libraries/STM32F4xx_Peripheral_Libraries.a(stm32f4xx_spi.o)
                0x200061b0                SPI_Cmd
 .text.SPI_I2S_ReceiveData
                0x200061c6        0x4 build/waf.sflash_write-NoOS-MurataType1LD-SDIO/libraries/STM32F4xx_Peripheral_Libraries.a(stm32f4xx_spi.o)
                0x200061c6                SPI_I2S_ReceiveData
 .text.SPI_I2S_SendData
                0x200061ca        0x4 build/waf.sflash_write-NoOS-MurataType1LD-SDIO/libraries/STM32F4xx_Peripheral_Libraries.a(stm32f4xx_spi.o)
                0x200061ca                SPI_I2S_SendData
 .text.SPI_CalculateCRC
                0x200061ce       0x16 build/waf.sflash_write-NoOS-MurataType1LD-SDIO/libraries/STM32F4xx_Peripheral_Libraries.a(stm32f4xx_spi.o)
                0x200061ce                SPI_CalculateCRC
 .text.SPI_I2S_DMACmd
                0x200061e4       0x10 build/waf.sflash_write-NoOS-MurataType1LD-SDIO/libraries/STM32F4xx_Peripheral_Libraries.a(stm32f4xx_spi.o)
                0x200061e4                SPI_I2S_DMACmd
 .text.SPI_I2S_GetFlagStatus
                0x200061f4        0xc build/waf.sflash_write-NoOS-MurataType1LD-SDIO/libraries/STM32F4xx_Peripheral_Libraries.a(stm32f4xx_spi.o)
                0x200061f4                SPI_I2S_GetFlagStatus
 .text.TIM_TimeBaseInit
                0x20006200       0x7c build/waf.sflash_write-NoOS-MurataType1LD-SDIO/libraries/STM32F4xx_Peripheral_Libraries.a(stm32f4xx_tim.o)
                0x20006200                TIM_TimeBaseInit
 .text.TIM_UpdateRequestConfig
                0x2000627c       0x16 build/waf.sflash_write-NoOS-MurataType1LD-SDIO/libraries/STM32F4xx_Peripheral_Libraries.a(stm32f4xx_tim.o)
                0x2000627c                TIM_UpdateRequestConfig
 .text.TIM_Cmd  0x20006292       0x16 build/waf.sflash_write-NoOS-MurataType1LD-SDIO/libraries/STM32F4xx_Peripheral_Libraries.a(stm32f4xx_tim.o)
                0x20006292                TIM_Cmd
 .text.TIM_ITConfig
                0x200062a8       0x10 build/waf.sflash_write-NoOS-MurataType1LD-SDIO/libraries/STM32F4xx_Peripheral_Libraries.a(stm32f4xx_tim.o)
                0x200062a8                TIM_ITConfig
 .text.TIM_ClearITPendingBit
                0x200062b8        0x8 build/waf.sflash_write-NoOS-MurataType1LD-SDIO/libraries/STM32F4xx_Peripheral_Libraries.a(stm32f4xx_tim.o)
                0x200062b8                TIM_ClearITPendingBit
 .text.USART_DeInit
                0x200062c0       0xe8 build/waf.sflash_write-NoOS-MurataType1LD-SDIO/libraries/STM32F4xx_Peripheral_Libraries.a(stm32f4xx_usart.o)
                0x200062c0                USART_DeInit
 .text.USART_Init
                0x200063a8       0xb0 build/waf.sflash_write-NoOS-MurataType1LD-SDIO/libraries/STM32F4xx_Peripheral_Libraries.a(stm32f4xx_usart.o)
                0x200063a8                USART_Init
 .text.USART_Cmd
                0x20006458       0x16 build/waf.sflash_write-NoOS-MurataType1LD-SDIO/libraries/STM32F4xx_Peripheral_Libraries.a(stm32f4xx_usart.o)
                0x20006458                USART_Cmd
 .text.USART_DMACmd
                0x2000646e       0x10 build/waf.sflash_write-NoOS-MurataType1LD-SDIO/libraries/STM32F4xx_Peripheral_Libraries.a(stm32f4xx_usart.o)
                0x2000646e                USART_DMACmd
 .text.USART_ITConfig
                0x2000647e       0x32 build/waf.sflash_write-NoOS-MurataType1LD-SDIO/libraries/STM32F4xx_Peripheral_Libraries.a(stm32f4xx_usart.o)
                0x2000647e                USART_ITConfig
 .text.USART_ClearITPendingBit
                0x200064b0        0xe build/waf.sflash_write-NoOS-MurataType1LD-SDIO/libraries/STM32F4xx_Peripheral_Libraries.a(stm32f4xx_usart.o)
                0x200064b0                USART_ClearITPendingBit
 *fill*         0x200064be        0x2 
 .text.memcmp   0x200064c0       0x64 f:/43xxx_wi-fi/tools/arm_gnu/win32/bin/../lib/gcc/arm-none-eabi/7.2.1/../../../../arm-none-eabi/lib/thumb/v7e-m\libc.a(lib_a-memcmp.o)
                0x200064c0                memcmp
 .text          0x20006524      0x134 f:/43xxx_wi-fi/tools/arm_gnu/win32/bin/../lib/gcc/arm-none-eabi/7.2.1/../../../../arm-none-eabi/lib/thumb/v7e-m\libc.a(lib_a-memcpy.o)
                0x20006524                memcpy
 .text.memset   0x20006658       0x94 f:/43xxx_wi-fi/tools/arm_gnu/win32/bin/../lib/gcc/arm-none-eabi/7.2.1/../../../../arm-none-eabi/lib/thumb/v7e-m\libc.a(lib_a-memset.o)
                0x20006658                memset
                0x200066ec                link_code_end = .
                0x200066ec                . = ALIGN (0x4)
                0x200066ec                link_const_variable_data_location = .
                0x200066ec                wifi_firmware_image_location = .
 *(.rodata.wifi_firmware_image)
                0x200066ec                wifi_firmware_image_end = .
 *(.rodata .rodata.* .gnu.linkonce.r.*)
 .rodata.platform_gpio_pins
                0x200066ec      0x110 build/waf.sflash_write-NoOS-MurataType1LD-SDIO/libraries/Platform_MurataType1LD.a(platform.o)
                0x200066ec                platform_gpio_pins
 .rodata.platform_spi_peripherals
                0x200067fc       0x98 build/waf.sflash_write-NoOS-MurataType1LD-SDIO/libraries/Platform_MurataType1LD.a(platform.o)
                0x200067fc                platform_spi_peripherals
 .rodata.platform_uart_peripherals
                0x20006894       0x88 build/waf.sflash_write-NoOS-MurataType1LD-SDIO/libraries/Platform_MurataType1LD.a(platform.o)
                0x20006894                platform_uart_peripherals
 .rodata.stdio_config
                0x2000691c        0x8 build/waf.sflash_write-NoOS-MurataType1LD-SDIO/libraries/Platform_MurataType1LD.a(platform.o)
 .rodata.wiced_spi_flash
                0x20006924       0x10 build/waf.sflash_write-NoOS-MurataType1LD-SDIO/libraries/Platform_MurataType1LD.a(platform.o)
                0x20006924                wiced_spi_flash
 .rodata.gpio_peripheral_clocks
                0x20006934       0x20 build/waf.sflash_write-NoOS-MurataType1LD-SDIO/libraries/STM32F4xx_Peripheral_Drivers.a(platform_gpio.o)
 .rodata.spi_baudrate_prescalers
                0x20006954       0x20 build/waf.sflash_write-NoOS-MurataType1LD-SDIO/libraries/STM32F4xx_Peripheral_Drivers.a(platform_spi.o)
 .rodata.spi_peripheral_clock_functions
                0x20006974       0x14 build/waf.sflash_write-NoOS-MurataType1LD-SDIO/libraries/STM32F4xx_Peripheral_Drivers.a(platform_spi.o)
 .rodata.spi_peripheral_clocks
                0x20006988       0x14 build/waf.sflash_write-NoOS-MurataType1LD-SDIO/libraries/STM32F4xx_Peripheral_Drivers.a(platform_spi.o)
 .rodata.uart_alternate_functions
                0x2000699c        0x4 build/waf.sflash_write-NoOS-MurataType1LD-SDIO/libraries/STM32F4xx_Peripheral_Drivers.a(platform_uart.o)
 .rodata.uart_irq_vectors
                0x200069a0        0x4 build/waf.sflash_write-NoOS-MurataType1LD-SDIO/libraries/STM32F4xx_Peripheral_Drivers.a(platform_uart.o)
 .rodata.uart_peripheral_clock_functions
                0x200069a4       0x10 build/waf.sflash_write-NoOS-MurataType1LD-SDIO/libraries/STM32F4xx_Peripheral_Drivers.a(platform_uart.o)
 .rodata.uart_peripheral_clocks
                0x200069b4       0x10 build/waf.sflash_write-NoOS-MurataType1LD-SDIO/libraries/STM32F4xx_Peripheral_Drivers.a(platform_uart.o)
                0x200069c4                link_const_variable_data_end = .
                0x200069c4                . = ALIGN (0x4)
                0x200069c4                link_sleep_event_registrations_location = .
 *(.sleep_event_registrations.*)
                0x200069c4                link_sleep_event_registrations_end = .
                0x200069c4                . = ALIGN (0x4)
                0x200069c4                link_constructors_location = .
 *(.preinit_array)
 *(.init_array)
 *crtbegin.o(.ctors)
 *(EXCLUDE_FILE(*crtend.o) .ctors)
 *(SORT_BY_NAME(.ctors.*))
 *crtend.o(.ctors)
                0x200069c4                link_constructors_end = .
                0x200069c4                . = ALIGN (0x4)
                0x200069c4                link_destructors_location = .
 *crtbegin.o(.dtors)
 *(EXCLUDE_FILE(*crtend.o) .dtors)
 *(SORT_BY_NAME(.dtors.*))
 *crtend.o(.dtors)
                0x200069c4                link_destructors_end = .
                0x200069d0                . = ALIGN (0x10)
 *fill*         0x200069c4        0xc 

.iplt           0x200069d0        0x0
 .iplt          0x200069d0        0x0 build/waf.sflash_write-NoOS-MurataType1LD-SDIO/Modules/./WICED/platform/MCU/STM32F4xx/../../ARM_CM4/crt0_GCC.o

.rel.dyn        0x200069d0        0x0
 .rel.iplt      0x200069d0        0x0 build/waf.sflash_write-NoOS-MurataType1LD-SDIO/Modules/./WICED/platform/MCU/STM32F4xx/../../ARM_CM4/crt0_GCC.o

.ARM.exidx      0x200069d0        0x0
                0x200069d0                __exidx_start = ALIGN (0x4)
 *(.ARM.exidx* .gnu.linkonce.armexidx.*)
                0x200069d0                __exidx_end = .

.ARM.extab      0x200069d0        0x0
                0x200069d0                __extab_start = ALIGN (0x4)
 *(.ARM.extab*)
                0x200069d0                __extab_end = .

.fast           0x200069d0        0x0
                0x200069d0                link_run_from_ram_code_flash_location = LOADADDR (.fast)
                0x200069d0                link_run_from_ram_code_ram_location = .
 *(.fast .fast.* .text.fastcode)
                0x200069d0                link_run_from_ram_code_ram_end = .

.data           0x200069d0       0x5c
                0x200069d0                link_global_data_initial_values = LOADADDR (.data)
                0x200069d0                link_global_data_start = .
 *(.data*)
 .data.wiced_bt_uart_driver
                0x200069d0        0x4 build/waf.sflash_write-NoOS-MurataType1LD-SDIO/libraries/Platform_MurataType1LD.a(platform.o)
                0x200069d0                wiced_bt_uart_driver
 .data.sflash_device_id_size
                0x200069d4       0x48 build/waf.sflash_write-NoOS-MurataType1LD-SDIO/libraries/Lib_SPI_Flash_Library_MurataType1LD.a(spi_flash.o)
                0x200069d4                sflash_device_id_size
 .data.APBAHBPrescTable
                0x20006a1c       0x10 build/waf.sflash_write-NoOS-MurataType1LD-SDIO/libraries/STM32F4xx_Peripheral_Libraries.a(stm32f4xx_rcc.o)
                0x20006a2c                link_global_data_end = .
                0x20006a2c                . = ALIGN (., 0x4)

.igot.plt       0x20006a2c        0x0
 .igot.plt      0x20006a2c        0x0 build/waf.sflash_write-NoOS-MurataType1LD-SDIO/Modules/./WICED/platform/MCU/STM32F4xx/../../ARM_CM4/crt0_GCC.o

.bss            0x20006a2c     0x41e0
                0x20006a2c                link_bss_location = ALIGN (., 0x4)
 *(.bss*)
 .bss.Rx_Buffer
                0x20006a2c     0x4000 build/waf.sflash_write-NoOS-MurataType1LD-SDIO/libraries/App_SFlash_write.a(sflash_write.o)
 .bss.internal_bt_uart_driver
                0x2000aa2c       0x18 build/waf.sflash_write-NoOS-MurataType1LD-SDIO/libraries/Platform_MurataType1LD.a(platform.o)
 .bss.platform_uart_drivers
                0x2000aa44       0x30 build/waf.sflash_write-NoOS-MurataType1LD-SDIO/libraries/Platform_MurataType1LD.a(platform.o)
                0x2000aa44                platform_uart_drivers
 .bss.noos_total_time
                0x2000aa74        0x4 build/waf.sflash_write-NoOS-MurataType1LD-SDIO/libraries/WWD_NoOS_Interface.a(noos.o)
                0x2000aa74                noos_total_time
 .bss.stdio_driver
                0x2000aa78        0x4 build/waf.sflash_write-NoOS-MurataType1LD-SDIO/libraries/STM32F4xx.a(platform_stdio.o)
 .bss.stdio_rx_buffer
                0x2000aa7c       0x10 build/waf.sflash_write-NoOS-MurataType1LD-SDIO/libraries/STM32F4xx.a(platform_stdio.o)
 .bss.stdio_rx_data
                0x2000aa8c       0x40 build/waf.sflash_write-NoOS-MurataType1LD-SDIO/libraries/STM32F4xx.a(platform_stdio.o)
 .bss.stdio_rx_mutex
                0x2000aacc        0x1 build/waf.sflash_write-NoOS-MurataType1LD-SDIO/libraries/STM32F4xx.a(platform_stdio.o)
 .bss.stdio_tx_mutex
                0x2000aacd        0x1 build/waf.sflash_write-NoOS-MurataType1LD-SDIO/libraries/STM32F4xx.a(platform_stdio.o)
 *fill*         0x2000aace        0x2 
 .bss.gpio_irq_data
                0x2000aad0       0xc0 build/waf.sflash_write-NoOS-MurataType1LD-SDIO/libraries/STM32F4xx_Peripheral_Drivers.a(platform_gpio.o)
 .bss.dummy     0x2000ab90        0x4 build/waf.sflash_write-NoOS-MurataType1LD-SDIO/libraries/STM32F4xx_Peripheral_Drivers.a(platform_spi.o)
                0x2000ab90                dummy
 .bss.spi_current_config
                0x2000ab94       0x78 build/waf.sflash_write-NoOS-MurataType1LD-SDIO/libraries/STM32F4xx_Peripheral_Drivers.a(platform_spi.o)
 *(COMMON)
                0x2000ac0c                link_bss_end = .
                0x2000ac0c                . = ALIGN (., 0x4)

.stack          0x2000ac0c     0x13a0
                0x2000ac0c                link_stack_location = ALIGN (., 0x4)
 *(.stack)
                0x2000bfac                . = ALIGN (MAX ((link_stack_location + __STACKSIZE__), .), 0x4)
 *fill*         0x2000ac0c     0x13a0 
                0x2000bfac                link_stack_end = .

/DISCARD/
 *(.ARM.attributes*)
 *(.comment)
 *(.init)
 *(.preinit)
 *(.fini)
 *(.fini_array)
 *(.ARM.exidx*)
 *(.gnu.linkonce.armexidx.*)
 *(.eh_frame_hdr)
 *(.eh_frame)
 *(.gnu.linkonce.armextab.*)
 *(.v4_bx)
 *(.vfp11_veneer)
 *(.gcc_except_table)
 *(.eh_frame_hdr)
 *(.eh_frame)
 *(.glue*)
                0x2000bfac                PROVIDE (_heap, link_stack_end)
                0x2003fff8                PROVIDE (_eheap, ALIGN (((ORIGIN (SRAM) + LENGTH (SRAM)) - 0x8), 0x8))
                [!provide]                PROVIDE (total_app_image_size, (((LOADADDR (.data) - ORIGIN (SRAM)) + link_global_data_end) - link_global_data_start))
                [!provide]                PROVIDE (wifi_firmware_image_size_from_link, (wifi_firmware_image_end - wifi_firmware_image_location))
                [!provide]                PROVIDE (vectors_offset, (link_interrupt_vectors_location - bootloader_app_header_location))
                [!provide]                PROVIDE (__RAM_segment_used_end__, link_stack_end)
                [!provide]                PROVIDE (__tx_free_memory_start, link_stack_end)
                [!provide]                PROVIDE (__tx_vectors, link_interrupt_vectors_location)
                [!provide]                PROVIDE (wifi_firmware_image, 0x0)
                [!provide]                PROVIDE (shared_api_addr_loc, ORIGIN (SHARED_API))
START GROUP
LOAD build/waf.sflash_write-NoOS-MurataType1LD-SDIO/Modules/./WICED/platform/MCU/STM32F4xx/../../ARM_CM4/crt0_GCC.o
LOAD build/waf.sflash_write-NoOS-MurataType1LD-SDIO/Modules/./WICED/platform/MCU/STM32F4xx/../../ARM_CM4/hardfault_handler.o
LOAD build/waf.sflash_write-NoOS-MurataType1LD-SDIO/Modules/./WICED/platform/MCU/STM32F4xx/platform_vector_table.o
LOAD build/waf.sflash_write-NoOS-MurataType1LD-SDIO/Modules/WICED/platform/GCC/mem_newlib.o
LOAD build/waf.sflash_write-NoOS-MurataType1LD-SDIO/Modules/WICED/platform/GCC/time_newlib.o
LOAD build/waf.sflash_write-NoOS-MurataType1LD-SDIO/Modules/WICED/platform/GCC/stdio_newlib.o
LOAD build/waf.sflash_write-NoOS-MurataType1LD-SDIO/libraries/App_SFlash_write.a
LOAD build/waf.sflash_write-NoOS-MurataType1LD-SDIO/libraries/Platform_MurataType1LD.a
LOAD build/waf.sflash_write-NoOS-MurataType1LD-SDIO/libraries/WICED.a
LOAD build/waf.sflash_write-NoOS-MurataType1LD-SDIO/libraries/WWD_NoOS_Interface.a
LOAD build/waf.sflash_write-NoOS-MurataType1LD-SDIO/libraries/Lib_SPI_Flash_Library_MurataType1LD.a
LOAD build/waf.sflash_write-NoOS-MurataType1LD-SDIO/libraries/Lib_GPIO_button.a
LOAD build/waf.sflash_write-NoOS-MurataType1LD-SDIO/libraries/Lib_Wiced_RO_FS.a
LOAD build/waf.sflash_write-NoOS-MurataType1LD-SDIO/libraries/STM32F4xx.a
LOAD build/waf.sflash_write-NoOS-MurataType1LD-SDIO/libraries/common_GCC.a
LOAD build/waf.sflash_write-NoOS-MurataType1LD-SDIO/libraries/STM32F4xx_Peripheral_Drivers.a
LOAD build/waf.sflash_write-NoOS-MurataType1LD-SDIO/libraries/Lib_Ring_Buffer.a
LOAD build/waf.sflash_write-NoOS-MurataType1LD-SDIO/libraries/Lib_crc.a
LOAD build/waf.sflash_write-NoOS-MurataType1LD-SDIO/libraries/STM32F4xx_Peripheral_Libraries.a
END GROUP
                0x000013a0                __STACKSIZE__ = 0x13a0
LOAD f:/43xxx_wi-fi/tools/arm_gnu/win32/bin/../lib/gcc/arm-none-eabi/7.2.1/../../../../arm-none-eabi/lib/thumb/v7e-m\libstdc++.a
LOAD f:/43xxx_wi-fi/tools/arm_gnu/win32/bin/../lib/gcc/arm-none-eabi/7.2.1/../../../../arm-none-eabi/lib/thumb/v7e-m\libm.a
START GROUP
LOAD f:/43xxx_wi-fi/tools/arm_gnu/win32/bin/../lib/gcc/arm-none-eabi/7.2.1/thumb/v7e-m\libgcc.a
LOAD f:/43xxx_wi-fi/tools/arm_gnu/win32/bin/../lib/gcc/arm-none-eabi/7.2.1/../../../../arm-none-eabi/lib/thumb/v7e-m\libc.a
END GROUP
OUTPUT(build/waf.sflash_write-NoOS-MurataType1LD-SDIO/binary/waf.sflash_write-NoOS-MurataType1LD-SDIO.elf elf32-littlearm)

.debug_info     0x00000000    0x204fc
 .debug_info    0x00000000      0xddd build/waf.sflash_write-NoOS-MurataType1LD-SDIO/Modules/./WICED/platform/MCU/STM32F4xx/../../ARM_CM4/crt0_GCC.o
 .debug_info    0x00000ddd       0xeb build/waf.sflash_write-NoOS-MurataType1LD-SDIO/Modules/./WICED/platform/MCU/STM32F4xx/platform_vector_table.o
 .debug_info    0x00000ec8     0x1248 build/waf.sflash_write-NoOS-MurataType1LD-SDIO/libraries/App_SFlash_write.a(sflash_write.o)
 .debug_info    0x00002110     0x2e7c build/waf.sflash_write-NoOS-MurataType1LD-SDIO/libraries/Platform_MurataType1LD.a(platform.o)
 .debug_info    0x00004f8c      0x9a4 build/waf.sflash_write-NoOS-MurataType1LD-SDIO/libraries/WWD_NoOS_Interface.a(wwd_rtos.o)
 .debug_info    0x00005930      0x7ce build/waf.sflash_write-NoOS-MurataType1LD-SDIO/libraries/WWD_NoOS_Interface.a(noos.o)
 .debug_info    0x000060fe     0x1694 build/waf.sflash_write-NoOS-MurataType1LD-SDIO/libraries/Lib_SPI_Flash_Library_MurataType1LD.a(spi_flash.o)
 .debug_info    0x00007792     0x18ba build/waf.sflash_write-NoOS-MurataType1LD-SDIO/libraries/Lib_SPI_Flash_Library_MurataType1LD.a(spi_flash_wiced.o)
 .debug_info    0x0000904c     0x1618 build/waf.sflash_write-NoOS-MurataType1LD-SDIO/libraries/STM32F4xx.a(platform_stdio.o)
 .debug_info    0x0000a664     0x44b5 build/waf.sflash_write-NoOS-MurataType1LD-SDIO/libraries/STM32F4xx.a(wiced_platform_common.o)
 .debug_info    0x0000eb19      0xaa7 build/waf.sflash_write-NoOS-MurataType1LD-SDIO/libraries/STM32F4xx.a(platform_init.o)
 .debug_info    0x0000f5c0      0x42d build/waf.sflash_write-NoOS-MurataType1LD-SDIO/libraries/STM32F4xx.a(platform_unhandled_isr.o)
 .debug_info    0x0000f9ed     0x1c7d build/waf.sflash_write-NoOS-MurataType1LD-SDIO/libraries/STM32F4xx_Peripheral_Drivers.a(platform_gpio.o)
 .debug_info    0x0001166a      0xb9b build/waf.sflash_write-NoOS-MurataType1LD-SDIO/libraries/STM32F4xx_Peripheral_Drivers.a(platform_mcu_powersave.o)
 .debug_info    0x00012205     0x26f5 build/waf.sflash_write-NoOS-MurataType1LD-SDIO/libraries/STM32F4xx_Peripheral_Drivers.a(platform_spi.o)
 .debug_info    0x000148fa     0x27af build/waf.sflash_write-NoOS-MurataType1LD-SDIO/libraries/STM32F4xx_Peripheral_Drivers.a(platform_uart.o)
 .debug_info    0x000170a9     0x160c build/waf.sflash_write-NoOS-MurataType1LD-SDIO/libraries/STM32F4xx_Peripheral_Drivers.a(platform_watchdog.o)
 .debug_info    0x000186b5     0x177c build/waf.sflash_write-NoOS-MurataType1LD-SDIO/libraries/Lib_Ring_Buffer.a(ring_buffer.o)
 .debug_info    0x00019e31      0x549 build/waf.sflash_write-NoOS-MurataType1LD-SDIO/libraries/STM32F4xx_Peripheral_Libraries.a(misc.o)
 .debug_info    0x0001a37a      0x72f build/waf.sflash_write-NoOS-MurataType1LD-SDIO/libraries/STM32F4xx_Peripheral_Libraries.a(stm32f4xx_dma.o)
 .debug_info    0x0001aaa9      0xa36 build/waf.sflash_write-NoOS-MurataType1LD-SDIO/libraries/STM32F4xx_Peripheral_Libraries.a(stm32f4xx_flash.o)
 .debug_info    0x0001b4df      0x74c build/waf.sflash_write-NoOS-MurataType1LD-SDIO/libraries/STM32F4xx_Peripheral_Libraries.a(stm32f4xx_gpio.o)
 .debug_info    0x0001bc2b      0x212 build/waf.sflash_write-NoOS-MurataType1LD-SDIO/libraries/STM32F4xx_Peripheral_Libraries.a(stm32f4xx_iwdg.o)
 .debug_info    0x0001be3d      0xf2a build/waf.sflash_write-NoOS-MurataType1LD-SDIO/libraries/STM32F4xx_Peripheral_Libraries.a(stm32f4xx_rcc.o)
 .debug_info    0x0001cd67      0xc10 build/waf.sflash_write-NoOS-MurataType1LD-SDIO/libraries/STM32F4xx_Peripheral_Libraries.a(stm32f4xx_spi.o)
 .debug_info    0x0001d977     0x200c build/waf.sflash_write-NoOS-MurataType1LD-SDIO/libraries/STM32F4xx_Peripheral_Libraries.a(stm32f4xx_tim.o)
 .debug_info    0x0001f983      0xb79 build/waf.sflash_write-NoOS-MurataType1LD-SDIO/libraries/STM32F4xx_Peripheral_Libraries.a(stm32f4xx_usart.o)

.debug_abbrev   0x00000000     0x43de
 .debug_abbrev  0x00000000      0x253 build/waf.sflash_write-NoOS-MurataType1LD-SDIO/Modules/./WICED/platform/MCU/STM32F4xx/../../ARM_CM4/crt0_GCC.o
 .debug_abbrev  0x00000253       0x8d build/waf.sflash_write-NoOS-MurataType1LD-SDIO/Modules/./WICED/platform/MCU/STM32F4xx/platform_vector_table.o
 .debug_abbrev  0x000002e0      0x345 build/waf.sflash_write-NoOS-MurataType1LD-SDIO/libraries/App_SFlash_write.a(sflash_write.o)
 .debug_abbrev  0x00000625      0x3ac build/waf.sflash_write-NoOS-MurataType1LD-SDIO/libraries/Platform_MurataType1LD.a(platform.o)
 .debug_abbrev  0x000009d1      0x278 build/waf.sflash_write-NoOS-MurataType1LD-SDIO/libraries/WWD_NoOS_Interface.a(wwd_rtos.o)
 .debug_abbrev  0x00000c49      0x1ac build/waf.sflash_write-NoOS-MurataType1LD-SDIO/libraries/WWD_NoOS_Interface.a(noos.o)
 .debug_abbrev  0x00000df5      0x3f0 build/waf.sflash_write-NoOS-MurataType1LD-SDIO/libraries/Lib_SPI_Flash_Library_MurataType1LD.a(spi_flash.o)
 .debug_abbrev  0x000011e5      0x225 build/waf.sflash_write-NoOS-MurataType1LD-SDIO/libraries/Lib_SPI_Flash_Library_MurataType1LD.a(spi_flash_wiced.o)
 .debug_abbrev  0x0000140a      0x2b5 build/waf.sflash_write-NoOS-MurataType1LD-SDIO/libraries/STM32F4xx.a(platform_stdio.o)
 .debug_abbrev  0x000016bf      0x38d build/waf.sflash_write-NoOS-MurataType1LD-SDIO/libraries/STM32F4xx.a(wiced_platform_common.o)
 .debug_abbrev  0x00001a4c      0x28c build/waf.sflash_write-NoOS-MurataType1LD-SDIO/libraries/STM32F4xx.a(platform_init.o)
 .debug_abbrev  0x00001cd8      0x121 build/waf.sflash_write-NoOS-MurataType1LD-SDIO/libraries/STM32F4xx.a(platform_unhandled_isr.o)
 .debug_abbrev  0x00001df9      0x3bb build/waf.sflash_write-NoOS-MurataType1LD-SDIO/libraries/STM32F4xx_Peripheral_Drivers.a(platform_gpio.o)
 .debug_abbrev  0x000021b4      0x280 build/waf.sflash_write-NoOS-MurataType1LD-SDIO/libraries/STM32F4xx_Peripheral_Drivers.a(platform_mcu_powersave.o)
 .debug_abbrev  0x00002434      0x4cd build/waf.sflash_write-NoOS-MurataType1LD-SDIO/libraries/STM32F4xx_Peripheral_Drivers.a(platform_spi.o)
 .debug_abbrev  0x00002901      0x439 build/waf.sflash_write-NoOS-MurataType1LD-SDIO/libraries/STM32F4xx_Peripheral_Drivers.a(platform_uart.o)
 .debug_abbrev  0x00002d3a      0x332 build/waf.sflash_write-NoOS-MurataType1LD-SDIO/libraries/STM32F4xx_Peripheral_Drivers.a(platform_watchdog.o)
 .debug_abbrev  0x0000306c      0x246 build/waf.sflash_write-NoOS-MurataType1LD-SDIO/libraries/Lib_Ring_Buffer.a(ring_buffer.o)
 .debug_abbrev  0x000032b2      0x183 build/waf.sflash_write-NoOS-MurataType1LD-SDIO/libraries/STM32F4xx_Peripheral_Libraries.a(misc.o)
 .debug_abbrev  0x00003435      0x1b3 build/waf.sflash_write-NoOS-MurataType1LD-SDIO/libraries/STM32F4xx_Peripheral_Libraries.a(stm32f4xx_dma.o)
 .debug_abbrev  0x000035e8      0x246 build/waf.sflash_write-NoOS-MurataType1LD-SDIO/libraries/STM32F4xx_Peripheral_Libraries.a(stm32f4xx_flash.o)
 .debug_abbrev  0x0000382e      0x205 build/waf.sflash_write-NoOS-MurataType1LD-SDIO/libraries/STM32F4xx_Peripheral_Libraries.a(stm32f4xx_gpio.o)
 .debug_abbrev  0x00003a33      0x13f build/waf.sflash_write-NoOS-MurataType1LD-SDIO/libraries/STM32F4xx_Peripheral_Libraries.a(stm32f4xx_iwdg.o)
 .debug_abbrev  0x00003b72      0x1f7 build/waf.sflash_write-NoOS-MurataType1LD-SDIO/libraries/STM32F4xx_Peripheral_Libraries.a(stm32f4xx_rcc.o)
 .debug_abbrev  0x00003d69      0x1d0 build/waf.sflash_write-NoOS-MurataType1LD-SDIO/libraries/STM32F4xx_Peripheral_Libraries.a(stm32f4xx_spi.o)
 .debug_abbrev  0x00003f39      0x2c9 build/waf.sflash_write-NoOS-MurataType1LD-SDIO/libraries/STM32F4xx_Peripheral_Libraries.a(stm32f4xx_tim.o)
 .debug_abbrev  0x00004202      0x1dc build/waf.sflash_write-NoOS-MurataType1LD-SDIO/libraries/STM32F4xx_Peripheral_Libraries.a(stm32f4xx_usart.o)

.debug_loc      0x00000000     0x8526
 .debug_loc     0x00000000       0x1f build/waf.sflash_write-NoOS-MurataType1LD-SDIO/Modules/./WICED/platform/MCU/STM32F4xx/../../ARM_CM4/crt0_GCC.o
 .debug_loc     0x0000001f      0x21f build/waf.sflash_write-NoOS-MurataType1LD-SDIO/libraries/App_SFlash_write.a(sflash_write.o)
 .debug_loc     0x0000023e      0x3a0 build/waf.sflash_write-NoOS-MurataType1LD-SDIO/libraries/Platform_MurataType1LD.a(platform.o)
 .debug_loc     0x000005de      0x1f7 build/waf.sflash_write-NoOS-MurataType1LD-SDIO/libraries/WWD_NoOS_Interface.a(wwd_rtos.o)
 .debug_loc     0x000007d5      0x11f build/waf.sflash_write-NoOS-MurataType1LD-SDIO/libraries/WWD_NoOS_Interface.a(noos.o)
 .debug_loc     0x000008f4      0x7da build/waf.sflash_write-NoOS-MurataType1LD-SDIO/libraries/Lib_SPI_Flash_Library_MurataType1LD.a(spi_flash.o)
 .debug_loc     0x000010ce       0xa2 build/waf.sflash_write-NoOS-MurataType1LD-SDIO/libraries/Lib_SPI_Flash_Library_MurataType1LD.a(spi_flash_wiced.o)
 .debug_loc     0x00001170      0x1ac build/waf.sflash_write-NoOS-MurataType1LD-SDIO/libraries/STM32F4xx.a(platform_stdio.o)
 .debug_loc     0x0000131c      0xe93 build/waf.sflash_write-NoOS-MurataType1LD-SDIO/libraries/STM32F4xx.a(wiced_platform_common.o)
 .debug_loc     0x000021af       0x46 build/waf.sflash_write-NoOS-MurataType1LD-SDIO/libraries/STM32F4xx.a(platform_init.o)
 .debug_loc     0x000021f5      0x666 build/waf.sflash_write-NoOS-MurataType1LD-SDIO/libraries/STM32F4xx_Peripheral_Drivers.a(platform_gpio.o)
 .debug_loc     0x0000285b       0x42 build/waf.sflash_write-NoOS-MurataType1LD-SDIO/libraries/STM32F4xx_Peripheral_Drivers.a(platform_mcu_powersave.o)
 .debug_loc     0x0000289d      0xbd1 build/waf.sflash_write-NoOS-MurataType1LD-SDIO/libraries/STM32F4xx_Peripheral_Drivers.a(platform_spi.o)
 .debug_loc     0x0000346e      0x845 build/waf.sflash_write-NoOS-MurataType1LD-SDIO/libraries/STM32F4xx_Peripheral_Drivers.a(platform_uart.o)
 .debug_loc     0x00003cb3       0x14 build/waf.sflash_write-NoOS-MurataType1LD-SDIO/libraries/STM32F4xx_Peripheral_Drivers.a(platform_watchdog.o)
 .debug_loc     0x00003cc7      0x2c3 build/waf.sflash_write-NoOS-MurataType1LD-SDIO/libraries/Lib_Ring_Buffer.a(ring_buffer.o)
 .debug_loc     0x00003f8a      0x129 build/waf.sflash_write-NoOS-MurataType1LD-SDIO/libraries/STM32F4xx_Peripheral_Libraries.a(misc.o)
 .debug_loc     0x000040b3      0x400 build/waf.sflash_write-NoOS-MurataType1LD-SDIO/libraries/STM32F4xx_Peripheral_Libraries.a(stm32f4xx_dma.o)
 .debug_loc     0x000044b3      0x74d build/waf.sflash_write-NoOS-MurataType1LD-SDIO/libraries/STM32F4xx_Peripheral_Libraries.a(stm32f4xx_flash.o)
 .debug_loc     0x00004c00      0x33e build/waf.sflash_write-NoOS-MurataType1LD-SDIO/libraries/STM32F4xx_Peripheral_Libraries.a(stm32f4xx_gpio.o)
 .debug_loc     0x00004f3e       0x62 build/waf.sflash_write-NoOS-MurataType1LD-SDIO/libraries/STM32F4xx_Peripheral_Libraries.a(stm32f4xx_iwdg.o)
 .debug_loc     0x00004fa0      0xc7b build/waf.sflash_write-NoOS-MurataType1LD-SDIO/libraries/STM32F4xx_Peripheral_Libraries.a(stm32f4xx_rcc.o)
 .debug_loc     0x00005c1b      0x64b build/waf.sflash_write-NoOS-MurataType1LD-SDIO/libraries/STM32F4xx_Peripheral_Libraries.a(stm32f4xx_spi.o)
 .debug_loc     0x00006266     0x1924 build/waf.sflash_write-NoOS-MurataType1LD-SDIO/libraries/STM32F4xx_Peripheral_Libraries.a(stm32f4xx_tim.o)
 .debug_loc     0x00007b8a      0x99c build/waf.sflash_write-NoOS-MurataType1LD-SDIO/libraries/STM32F4xx_Peripheral_Libraries.a(stm32f4xx_usart.o)

.debug_aranges  0x00000000     0x10c8
 .debug_aranges
                0x00000000       0x28 build/waf.sflash_write-NoOS-MurataType1LD-SDIO/Modules/./WICED/platform/MCU/STM32F4xx/../../ARM_CM4/crt0_GCC.o
 .debug_aranges
                0x00000028       0x18 build/waf.sflash_write-NoOS-MurataType1LD-SDIO/Modules/./WICED/platform/MCU/STM32F4xx/platform_vector_table.o
 .debug_aranges
                0x00000040       0x30 build/waf.sflash_write-NoOS-MurataType1LD-SDIO/libraries/App_SFlash_write.a(sflash_write.o)
 .debug_aranges
                0x00000070       0x98 build/waf.sflash_write-NoOS-MurataType1LD-SDIO/libraries/Platform_MurataType1LD.a(platform.o)
 .debug_aranges
                0x00000108       0x68 build/waf.sflash_write-NoOS-MurataType1LD-SDIO/libraries/WWD_NoOS_Interface.a(wwd_rtos.o)
 .debug_aranges
                0x00000170       0x38 build/waf.sflash_write-NoOS-MurataType1LD-SDIO/libraries/WWD_NoOS_Interface.a(noos.o)
 .debug_aranges
                0x000001a8       0x98 build/waf.sflash_write-NoOS-MurataType1LD-SDIO/libraries/Lib_SPI_Flash_Library_MurataType1LD.a(spi_flash.o)
 .debug_aranges
                0x00000240       0x30 build/waf.sflash_write-NoOS-MurataType1LD-SDIO/libraries/Lib_SPI_Flash_Library_MurataType1LD.a(spi_flash_wiced.o)
 .debug_aranges
                0x00000270       0x38 build/waf.sflash_write-NoOS-MurataType1LD-SDIO/libraries/STM32F4xx.a(platform_stdio.o)
 .debug_aranges
                0x000002a8      0x1f0 build/waf.sflash_write-NoOS-MurataType1LD-SDIO/libraries/STM32F4xx.a(wiced_platform_common.o)
 .debug_aranges
                0x00000498       0x40 build/waf.sflash_write-NoOS-MurataType1LD-SDIO/libraries/STM32F4xx.a(platform_init.o)
 .debug_aranges
                0x000004d8       0x20 build/waf.sflash_write-NoOS-MurataType1LD-SDIO/libraries/STM32F4xx.a(platform_unhandled_isr.o)
 .debug_aranges
                0x000004f8       0x78 build/waf.sflash_write-NoOS-MurataType1LD-SDIO/libraries/STM32F4xx_Peripheral_Drivers.a(platform_gpio.o)
 .debug_aranges
                0x00000570       0x38 build/waf.sflash_write-NoOS-MurataType1LD-SDIO/libraries/STM32F4xx_Peripheral_Drivers.a(platform_mcu_powersave.o)
 .debug_aranges
                0x000005a8       0x80 build/waf.sflash_write-NoOS-MurataType1LD-SDIO/libraries/STM32F4xx_Peripheral_Drivers.a(platform_spi.o)
 .debug_aranges
                0x00000628       0x88 build/waf.sflash_write-NoOS-MurataType1LD-SDIO/libraries/STM32F4xx_Peripheral_Drivers.a(platform_uart.o)
 .debug_aranges
                0x000006b0       0x38 build/waf.sflash_write-NoOS-MurataType1LD-SDIO/libraries/STM32F4xx_Peripheral_Drivers.a(platform_watchdog.o)
 .debug_aranges
                0x000006e8       0x58 build/waf.sflash_write-NoOS-MurataType1LD-SDIO/libraries/Lib_Ring_Buffer.a(ring_buffer.o)
 .debug_aranges
                0x00000740       0x40 build/waf.sflash_write-NoOS-MurataType1LD-SDIO/libraries/STM32F4xx_Peripheral_Libraries.a(misc.o)
 .debug_aranges
                0x00000780       0xa8 build/waf.sflash_write-NoOS-MurataType1LD-SDIO/libraries/STM32F4xx_Peripheral_Libraries.a(stm32f4xx_dma.o)
 .debug_aranges
                0x00000828      0x140 build/waf.sflash_write-NoOS-MurataType1LD-SDIO/libraries/STM32F4xx_Peripheral_Libraries.a(stm32f4xx_flash.o)
 .debug_aranges
                0x00000968       0x88 build/waf.sflash_write-NoOS-MurataType1LD-SDIO/libraries/STM32F4xx_Peripheral_Libraries.a(stm32f4xx_gpio.o)
 .debug_aranges
                0x000009f0       0x48 build/waf.sflash_write-NoOS-MurataType1LD-SDIO/libraries/STM32F4xx_Peripheral_Libraries.a(stm32f4xx_iwdg.o)
 .debug_aranges
                0x00000a38      0x1d0 build/waf.sflash_write-NoOS-MurataType1LD-SDIO/libraries/STM32F4xx_Peripheral_Libraries.a(stm32f4xx_rcc.o)
 .debug_aranges
                0x00000c08       0xe0 build/waf.sflash_write-NoOS-MurataType1LD-SDIO/libraries/STM32F4xx_Peripheral_Libraries.a(stm32f4xx_spi.o)
 .debug_aranges
                0x00000ce8      0x2d8 build/waf.sflash_write-NoOS-MurataType1LD-SDIO/libraries/STM32F4xx_Peripheral_Libraries.a(stm32f4xx_tim.o)
 .debug_aranges
                0x00000fc0      0x108 build/waf.sflash_write-NoOS-MurataType1LD-SDIO/libraries/STM32F4xx_Peripheral_Libraries.a(stm32f4xx_usart.o)

.debug_ranges   0x00000000     0x1190
 .debug_ranges  0x00000000       0x18 build/waf.sflash_write-NoOS-MurataType1LD-SDIO/Modules/./WICED/platform/MCU/STM32F4xx/../../ARM_CM4/crt0_GCC.o
 .debug_ranges  0x00000018       0x88 build/waf.sflash_write-NoOS-MurataType1LD-SDIO/libraries/App_SFlash_write.a(sflash_write.o)
 .debug_ranges  0x000000a0       0x88 build/waf.sflash_write-NoOS-MurataType1LD-SDIO/libraries/Platform_MurataType1LD.a(platform.o)
 .debug_ranges  0x00000128       0x58 build/waf.sflash_write-NoOS-MurataType1LD-SDIO/libraries/WWD_NoOS_Interface.a(wwd_rtos.o)
 .debug_ranges  0x00000180       0x28 build/waf.sflash_write-NoOS-MurataType1LD-SDIO/libraries/WWD_NoOS_Interface.a(noos.o)
 .debug_ranges  0x000001a8       0x88 build/waf.sflash_write-NoOS-MurataType1LD-SDIO/libraries/Lib_SPI_Flash_Library_MurataType1LD.a(spi_flash.o)
 .debug_ranges  0x00000230       0x20 build/waf.sflash_write-NoOS-MurataType1LD-SDIO/libraries/Lib_SPI_Flash_Library_MurataType1LD.a(spi_flash_wiced.o)
 .debug_ranges  0x00000250       0x28 build/waf.sflash_write-NoOS-MurataType1LD-SDIO/libraries/STM32F4xx.a(platform_stdio.o)
 .debug_ranges  0x00000278      0x1e0 build/waf.sflash_write-NoOS-MurataType1LD-SDIO/libraries/STM32F4xx.a(wiced_platform_common.o)
 .debug_ranges  0x00000458       0x50 build/waf.sflash_write-NoOS-MurataType1LD-SDIO/libraries/STM32F4xx.a(platform_init.o)
 .debug_ranges  0x000004a8       0x10 build/waf.sflash_write-NoOS-MurataType1LD-SDIO/libraries/STM32F4xx.a(platform_unhandled_isr.o)
 .debug_ranges  0x000004b8       0xb0 build/waf.sflash_write-NoOS-MurataType1LD-SDIO/libraries/STM32F4xx_Peripheral_Drivers.a(platform_gpio.o)
 .debug_ranges  0x00000568       0x28 build/waf.sflash_write-NoOS-MurataType1LD-SDIO/libraries/STM32F4xx_Peripheral_Drivers.a(platform_mcu_powersave.o)
 .debug_ranges  0x00000590      0x138 build/waf.sflash_write-NoOS-MurataType1LD-SDIO/libraries/STM32F4xx_Peripheral_Drivers.a(platform_spi.o)
 .debug_ranges  0x000006c8      0x110 build/waf.sflash_write-NoOS-MurataType1LD-SDIO/libraries/STM32F4xx_Peripheral_Drivers.a(platform_uart.o)
 .debug_ranges  0x000007d8       0x40 build/waf.sflash_write-NoOS-MurataType1LD-SDIO/libraries/STM32F4xx_Peripheral_Drivers.a(platform_watchdog.o)
 .debug_ranges  0x00000818       0x48 build/waf.sflash_write-NoOS-MurataType1LD-SDIO/libraries/Lib_Ring_Buffer.a(ring_buffer.o)
 .debug_ranges  0x00000860       0x30 build/waf.sflash_write-NoOS-MurataType1LD-SDIO/libraries/STM32F4xx_Peripheral_Libraries.a(misc.o)
 .debug_ranges  0x00000890       0x98 build/waf.sflash_write-NoOS-MurataType1LD-SDIO/libraries/STM32F4xx_Peripheral_Libraries.a(stm32f4xx_dma.o)
 .debug_ranges  0x00000928      0x130 build/waf.sflash_write-NoOS-MurataType1LD-SDIO/libraries/STM32F4xx_Peripheral_Libraries.a(stm32f4xx_flash.o)
 .debug_ranges  0x00000a58       0x78 build/waf.sflash_write-NoOS-MurataType1LD-SDIO/libraries/STM32F4xx_Peripheral_Libraries.a(stm32f4xx_gpio.o)
 .debug_ranges  0x00000ad0       0x38 build/waf.sflash_write-NoOS-MurataType1LD-SDIO/libraries/STM32F4xx_Peripheral_Libraries.a(stm32f4xx_iwdg.o)
 .debug_ranges  0x00000b08      0x1c0 build/waf.sflash_write-NoOS-MurataType1LD-SDIO/libraries/STM32F4xx_Peripheral_Libraries.a(stm32f4xx_rcc.o)
 .debug_ranges  0x00000cc8       0xd0 build/waf.sflash_write-NoOS-MurataType1LD-SDIO/libraries/STM32F4xx_Peripheral_Libraries.a(stm32f4xx_spi.o)
 .debug_ranges  0x00000d98      0x300 build/waf.sflash_write-NoOS-MurataType1LD-SDIO/libraries/STM32F4xx_Peripheral_Libraries.a(stm32f4xx_tim.o)
 .debug_ranges  0x00001098       0xf8 build/waf.sflash_write-NoOS-MurataType1LD-SDIO/libraries/STM32F4xx_Peripheral_Libraries.a(stm32f4xx_usart.o)

.debug_line     0x00000000     0x7587
 .debug_line    0x00000000      0x2bd build/waf.sflash_write-NoOS-MurataType1LD-SDIO/Modules/./WICED/platform/MCU/STM32F4xx/../../ARM_CM4/crt0_GCC.o
 .debug_line    0x000002bd      0x17b build/waf.sflash_write-NoOS-MurataType1LD-SDIO/Modules/./WICED/platform/MCU/STM32F4xx/platform_vector_table.o
 .debug_line    0x00000438      0x46a build/waf.sflash_write-NoOS-MurataType1LD-SDIO/libraries/App_SFlash_write.a(sflash_write.o)
 .debug_line    0x000008a2      0x58a build/waf.sflash_write-NoOS-MurataType1LD-SDIO/libraries/Platform_MurataType1LD.a(platform.o)
 .debug_line    0x00000e2c      0x23a build/waf.sflash_write-NoOS-MurataType1LD-SDIO/libraries/WWD_NoOS_Interface.a(wwd_rtos.o)
 .debug_line    0x00001066      0x1fc build/waf.sflash_write-NoOS-MurataType1LD-SDIO/libraries/WWD_NoOS_Interface.a(noos.o)
 .debug_line    0x00001262      0x3c7 build/waf.sflash_write-NoOS-MurataType1LD-SDIO/libraries/Lib_SPI_Flash_Library_MurataType1LD.a(spi_flash.o)
 .debug_line    0x00001629      0x355 build/waf.sflash_write-NoOS-MurataType1LD-SDIO/libraries/Lib_SPI_Flash_Library_MurataType1LD.a(spi_flash_wiced.o)
 .debug_line    0x0000197e      0x3bf build/waf.sflash_write-NoOS-MurataType1LD-SDIO/libraries/STM32F4xx.a(platform_stdio.o)
 .debug_line    0x00001d3d      0x8b6 build/waf.sflash_write-NoOS-MurataType1LD-SDIO/libraries/STM32F4xx.a(wiced_platform_common.o)
 .debug_line    0x000025f3      0x3c6 build/waf.sflash_write-NoOS-MurataType1LD-SDIO/libraries/STM32F4xx.a(platform_init.o)
 .debug_line    0x000029b9      0x202 build/waf.sflash_write-NoOS-MurataType1LD-SDIO/libraries/STM32F4xx.a(platform_unhandled_isr.o)
 .debug_line    0x00002bbb      0x5c5 build/waf.sflash_write-NoOS-MurataType1LD-SDIO/libraries/STM32F4xx_Peripheral_Drivers.a(platform_gpio.o)
 .debug_line    0x00003180      0x2d4 build/waf.sflash_write-NoOS-MurataType1LD-SDIO/libraries/STM32F4xx_Peripheral_Drivers.a(platform_mcu_powersave.o)
 .debug_line    0x00003454      0x70b build/waf.sflash_write-NoOS-MurataType1LD-SDIO/libraries/STM32F4xx_Peripheral_Drivers.a(platform_spi.o)
 .debug_line    0x00003b5f      0x77f build/waf.sflash_write-NoOS-MurataType1LD-SDIO/libraries/STM32F4xx_Peripheral_Drivers.a(platform_uart.o)
 .debug_line    0x000042de      0x3be build/waf.sflash_write-NoOS-MurataType1LD-SDIO/libraries/STM32F4xx_Peripheral_Drivers.a(platform_watchdog.o)
 .debug_line    0x0000469c      0x25b build/waf.sflash_write-NoOS-MurataType1LD-SDIO/libraries/Lib_Ring_Buffer.a(ring_buffer.o)
 .debug_line    0x000048f7      0x249 build/waf.sflash_write-NoOS-MurataType1LD-SDIO/libraries/STM32F4xx_Peripheral_Libraries.a(misc.o)
 .debug_line    0x00004b40      0x3fa build/waf.sflash_write-NoOS-MurataType1LD-SDIO/libraries/STM32F4xx_Peripheral_Libraries.a(stm32f4xx_dma.o)
 .debug_line    0x00004f3a      0x52d build/waf.sflash_write-NoOS-MurataType1LD-SDIO/libraries/STM32F4xx_Peripheral_Libraries.a(stm32f4xx_flash.o)
 .debug_line    0x00005467      0x35c build/waf.sflash_write-NoOS-MurataType1LD-SDIO/libraries/STM32F4xx_Peripheral_Libraries.a(stm32f4xx_gpio.o)
 .debug_line    0x000057c3      0x20b build/waf.sflash_write-NoOS-MurataType1LD-SDIO/libraries/STM32F4xx_Peripheral_Libraries.a(stm32f4xx_iwdg.o)
 .debug_line    0x000059ce      0x6c2 build/waf.sflash_write-NoOS-MurataType1LD-SDIO/libraries/STM32F4xx_Peripheral_Libraries.a(stm32f4xx_rcc.o)
 .debug_line    0x00006090      0x499 build/waf.sflash_write-NoOS-MurataType1LD-SDIO/libraries/STM32F4xx_Peripheral_Libraries.a(stm32f4xx_spi.o)
 .debug_line    0x00006529      0xb20 build/waf.sflash_write-NoOS-MurataType1LD-SDIO/libraries/STM32F4xx_Peripheral_Libraries.a(stm32f4xx_tim.o)
 .debug_line    0x00007049      0x53e build/waf.sflash_write-NoOS-MurataType1LD-SDIO/libraries/STM32F4xx_Peripheral_Libraries.a(stm32f4xx_usart.o)

.debug_str      0x00000000     0xabc7
 .debug_str     0x00000000      0x859 build/waf.sflash_write-NoOS-MurataType1LD-SDIO/Modules/./WICED/platform/MCU/STM32F4xx/../../ARM_CM4/crt0_GCC.o
                                0x915 (size before relaxing)
 .debug_str     0x00000859       0x5b build/waf.sflash_write-NoOS-MurataType1LD-SDIO/Modules/./WICED/platform/MCU/STM32F4xx/platform_vector_table.o
                                0x215 (size before relaxing)
 .debug_str     0x000008b4      0x76e build/waf.sflash_write-NoOS-MurataType1LD-SDIO/libraries/App_SFlash_write.a(sflash_write.o)
                                0xd03 (size before relaxing)
 .debug_str     0x00001022     0x1ad6 build/waf.sflash_write-NoOS-MurataType1LD-SDIO/libraries/Platform_MurataType1LD.a(platform.o)
                               0x25c1 (size before relaxing)
 .debug_str     0x00002af8      0x591 build/waf.sflash_write-NoOS-MurataType1LD-SDIO/libraries/WWD_NoOS_Interface.a(wwd_rtos.o)
                                0xf26 (size before relaxing)
 .debug_str     0x00003089       0x84 build/waf.sflash_write-NoOS-MurataType1LD-SDIO/libraries/WWD_NoOS_Interface.a(noos.o)
                                0x8a7 (size before relaxing)
 .debug_str     0x0000310d      0x5da build/waf.sflash_write-NoOS-MurataType1LD-SDIO/libraries/Lib_SPI_Flash_Library_MurataType1LD.a(spi_flash.o)
                                0xdb8 (size before relaxing)
 .debug_str     0x000036e7     0x2f0a build/waf.sflash_write-NoOS-MurataType1LD-SDIO/libraries/Lib_SPI_Flash_Library_MurataType1LD.a(spi_flash_wiced.o)
                               0x39a7 (size before relaxing)
 .debug_str     0x000065f1      0x150 build/waf.sflash_write-NoOS-MurataType1LD-SDIO/libraries/STM32F4xx.a(platform_stdio.o)
                               0x1482 (size before relaxing)
 .debug_str     0x00006741     0x1249 build/waf.sflash_write-NoOS-MurataType1LD-SDIO/libraries/STM32F4xx.a(wiced_platform_common.o)
                               0x6000 (size before relaxing)
 .debug_str     0x0000798a      0x1bf build/waf.sflash_write-NoOS-MurataType1LD-SDIO/libraries/STM32F4xx.a(platform_init.o)
                                0xbb0 (size before relaxing)
 .debug_str     0x00007b49       0x61 build/waf.sflash_write-NoOS-MurataType1LD-SDIO/libraries/STM32F4xx.a(platform_unhandled_isr.o)
                                0x441 (size before relaxing)
 .debug_str     0x00007baa      0x47b build/waf.sflash_write-NoOS-MurataType1LD-SDIO/libraries/STM32F4xx_Peripheral_Drivers.a(platform_gpio.o)
                               0x17cd (size before relaxing)
 .debug_str     0x00008025       0xcb build/waf.sflash_write-NoOS-MurataType1LD-SDIO/libraries/STM32F4xx_Peripheral_Drivers.a(platform_mcu_powersave.o)
                                0xa17 (size before relaxing)
 .debug_str     0x000080f0      0x4e9 build/waf.sflash_write-NoOS-MurataType1LD-SDIO/libraries/STM32F4xx_Peripheral_Drivers.a(platform_spi.o)
                               0x1d40 (size before relaxing)
 .debug_str     0x000085d9      0x33d build/waf.sflash_write-NoOS-MurataType1LD-SDIO/libraries/STM32F4xx_Peripheral_Drivers.a(platform_uart.o)
                               0x23f4 (size before relaxing)
 .debug_str     0x00008916      0x1f1 build/waf.sflash_write-NoOS-MurataType1LD-SDIO/libraries/STM32F4xx_Peripheral_Drivers.a(platform_watchdog.o)
                               0x1286 (size before relaxing)
 .debug_str     0x00008b07       0xe9 build/waf.sflash_write-NoOS-MurataType1LD-SDIO/libraries/Lib_Ring_Buffer.a(ring_buffer.o)
                               0x357d (size before relaxing)
 .debug_str     0x00008bf0      0x15a build/waf.sflash_write-NoOS-MurataType1LD-SDIO/libraries/STM32F4xx_Peripheral_Libraries.a(misc.o)
                                0x42a (size before relaxing)
 .debug_str     0x00008d4a      0x1fc build/waf.sflash_write-NoOS-MurataType1LD-SDIO/libraries/STM32F4xx_Peripheral_Libraries.a(stm32f4xx_dma.o)
                                0x59e (size before relaxing)
 .debug_str     0x00008f46      0x4a2 build/waf.sflash_write-NoOS-MurataType1LD-SDIO/libraries/STM32F4xx_Peripheral_Libraries.a(stm32f4xx_flash.o)
                                0x6fb (size before relaxing)
 .debug_str     0x000093e8      0x19d build/waf.sflash_write-NoOS-MurataType1LD-SDIO/libraries/STM32F4xx_Peripheral_Libraries.a(stm32f4xx_gpio.o)
                                0x513 (size before relaxing)
 .debug_str     0x00009585       0x92 build/waf.sflash_write-NoOS-MurataType1LD-SDIO/libraries/STM32F4xx_Peripheral_Libraries.a(stm32f4xx_iwdg.o)
                                0x2c8 (size before relaxing)
 .debug_str     0x00009617      0x5af build/waf.sflash_write-NoOS-MurataType1LD-SDIO/libraries/STM32F4xx_Peripheral_Libraries.a(stm32f4xx_rcc.o)
                                0xa7a (size before relaxing)
 .debug_str     0x00009bc6      0x27f build/waf.sflash_write-NoOS-MurataType1LD-SDIO/libraries/STM32F4xx_Peripheral_Libraries.a(stm32f4xx_spi.o)
                                0x739 (size before relaxing)
 .debug_str     0x00009e45      0xa30 build/waf.sflash_write-NoOS-MurataType1LD-SDIO/libraries/STM32F4xx_Peripheral_Libraries.a(stm32f4xx_tim.o)
                                0xe5a (size before relaxing)
 .debug_str     0x0000a875      0x352 build/waf.sflash_write-NoOS-MurataType1LD-SDIO/libraries/STM32F4xx_Peripheral_Libraries.a(stm32f4xx_usart.o)
                                0x740 (size before relaxing)

.debug_frame    0x00000000     0x284c
 .debug_frame   0x00000000       0x34 build/waf.sflash_write-NoOS-MurataType1LD-SDIO/Modules/./WICED/platform/MCU/STM32F4xx/../../ARM_CM4/crt0_GCC.o
 .debug_frame   0x00000034       0x60 build/waf.sflash_write-NoOS-MurataType1LD-SDIO/libraries/App_SFlash_write.a(sflash_write.o)
 .debug_frame   0x00000094      0x1e0 build/waf.sflash_write-NoOS-MurataType1LD-SDIO/libraries/Platform_MurataType1LD.a(platform.o)
 .debug_frame   0x00000274      0x10c build/waf.sflash_write-NoOS-MurataType1LD-SDIO/libraries/WWD_NoOS_Interface.a(wwd_rtos.o)
 .debug_frame   0x00000380       0x60 build/waf.sflash_write-NoOS-MurataType1LD-SDIO/libraries/WWD_NoOS_Interface.a(noos.o)
 .debug_frame   0x000003e0      0x1e0 build/waf.sflash_write-NoOS-MurataType1LD-SDIO/libraries/Lib_SPI_Flash_Library_MurataType1LD.a(spi_flash.o)
 .debug_frame   0x000005c0       0x58 build/waf.sflash_write-NoOS-MurataType1LD-SDIO/libraries/Lib_SPI_Flash_Library_MurataType1LD.a(spi_flash_wiced.o)
 .debug_frame   0x00000618       0x84 build/waf.sflash_write-NoOS-MurataType1LD-SDIO/libraries/STM32F4xx.a(platform_stdio.o)
 .debug_frame   0x0000069c      0x4f8 build/waf.sflash_write-NoOS-MurataType1LD-SDIO/libraries/STM32F4xx.a(wiced_platform_common.o)
 .debug_frame   0x00000b94       0x88 build/waf.sflash_write-NoOS-MurataType1LD-SDIO/libraries/STM32F4xx.a(platform_init.o)
 .debug_frame   0x00000c1c       0x2c build/waf.sflash_write-NoOS-MurataType1LD-SDIO/libraries/STM32F4xx.a(platform_unhandled_isr.o)
 .debug_frame   0x00000c48      0x168 build/waf.sflash_write-NoOS-MurataType1LD-SDIO/libraries/STM32F4xx_Peripheral_Drivers.a(platform_gpio.o)
 .debug_frame   0x00000db0       0x70 build/waf.sflash_write-NoOS-MurataType1LD-SDIO/libraries/STM32F4xx_Peripheral_Drivers.a(platform_mcu_powersave.o)
 .debug_frame   0x00000e20      0x1b4 build/waf.sflash_write-NoOS-MurataType1LD-SDIO/libraries/STM32F4xx_Peripheral_Drivers.a(platform_spi.o)
 .debug_frame   0x00000fd4      0x1c8 build/waf.sflash_write-NoOS-MurataType1LD-SDIO/libraries/STM32F4xx_Peripheral_Drivers.a(platform_uart.o)
 .debug_frame   0x0000119c       0x74 build/waf.sflash_write-NoOS-MurataType1LD-SDIO/libraries/STM32F4xx_Peripheral_Drivers.a(platform_watchdog.o)
 .debug_frame   0x00001210       0xbc build/waf.sflash_write-NoOS-MurataType1LD-SDIO/libraries/Lib_Ring_Buffer.a(ring_buffer.o)
 .debug_frame   0x000012cc       0x6c build/waf.sflash_write-NoOS-MurataType1LD-SDIO/libraries/STM32F4xx_Peripheral_Libraries.a(misc.o)
 .debug_frame   0x00001338      0x160 build/waf.sflash_write-NoOS-MurataType1LD-SDIO/libraries/STM32F4xx_Peripheral_Libraries.a(stm32f4xx_dma.o)
 .debug_frame   0x00001498      0x328 build/waf.sflash_write-NoOS-MurataType1LD-SDIO/libraries/STM32F4xx_Peripheral_Libraries.a(stm32f4xx_flash.o)
 .debug_frame   0x000017c0      0x124 build/waf.sflash_write-NoOS-MurataType1LD-SDIO/libraries/STM32F4xx_Peripheral_Libraries.a(stm32f4xx_gpio.o)
 .debug_frame   0x000018e4       0x70 build/waf.sflash_write-NoOS-MurataType1LD-SDIO/libraries/STM32F4xx_Peripheral_Libraries.a(stm32f4xx_iwdg.o)
 .debug_frame   0x00001954      0x3a0 build/waf.sflash_write-NoOS-MurataType1LD-SDIO/libraries/STM32F4xx_Peripheral_Libraries.a(stm32f4xx_rcc.o)
 .debug_frame   0x00001cf4      0x1e4 build/waf.sflash_write-NoOS-MurataType1LD-SDIO/libraries/STM32F4xx_Peripheral_Libraries.a(stm32f4xx_spi.o)
 .debug_frame   0x00001ed8      0x6bc build/waf.sflash_write-NoOS-MurataType1LD-SDIO/libraries/STM32F4xx_Peripheral_Libraries.a(stm32f4xx_tim.o)
 .debug_frame   0x00002594      0x248 build/waf.sflash_write-NoOS-MurataType1LD-SDIO/libraries/STM32F4xx_Peripheral_Libraries.a(stm32f4xx_usart.o)
 .debug_frame   0x000027dc       0x38 f:/43xxx_wi-fi/tools/arm_gnu/win32/bin/../lib/gcc/arm-none-eabi/7.2.1/../../../../arm-none-eabi/lib/thumb/v7e-m\libc.a(lib_a-memcmp.o)
 .debug_frame   0x00002814       0x38 f:/43xxx_wi-fi/tools/arm_gnu/win32/bin/../lib/gcc/arm-none-eabi/7.2.1/../../../../arm-none-eabi/lib/thumb/v7e-m\libc.a(lib_a-memset.o)

Cross Reference Table

Symbol                                            File
ADC_AnalogWatchdogCmd                             build/waf.sflash_write-NoOS-MurataType1LD-SDIO/libraries/STM32F4xx_Peripheral_Libraries.a(stm32f4xx_adc.o)
ADC_AnalogWatchdogSingleChannelConfig             build/waf.sflash_write-NoOS-MurataType1LD-SDIO/libraries/STM32F4xx_Peripheral_Libraries.a(stm32f4xx_adc.o)
ADC_AnalogWatchdogThresholdsConfig                build/waf.sflash_write-NoOS-MurataType1LD-SDIO/libraries/STM32F4xx_Peripheral_Libraries.a(stm32f4xx_adc.o)
ADC_AutoInjectedConvCmd                           build/waf.sflash_write-NoOS-MurataType1LD-SDIO/libraries/STM32F4xx_Peripheral_Libraries.a(stm32f4xx_adc.o)
ADC_ClearFlag                                     build/waf.sflash_write-NoOS-MurataType1LD-SDIO/libraries/STM32F4xx_Peripheral_Libraries.a(stm32f4xx_adc.o)
ADC_ClearITPendingBit                             build/waf.sflash_write-NoOS-MurataType1LD-SDIO/libraries/STM32F4xx_Peripheral_Libraries.a(stm32f4xx_adc.o)
ADC_Cmd                                           build/waf.sflash_write-NoOS-MurataType1LD-SDIO/libraries/STM32F4xx_Peripheral_Libraries.a(stm32f4xx_adc.o)
                                                  build/waf.sflash_write-NoOS-MurataType1LD-SDIO/libraries/STM32F4xx_Peripheral_Drivers.a(platform_adc.o)
ADC_CommonInit                                    build/waf.sflash_write-NoOS-MurataType1LD-SDIO/libraries/STM32F4xx_Peripheral_Libraries.a(stm32f4xx_adc.o)
                                                  build/waf.sflash_write-NoOS-MurataType1LD-SDIO/libraries/STM32F4xx_Peripheral_Drivers.a(platform_adc.o)
ADC_CommonStructInit                              build/waf.sflash_write-NoOS-MurataType1LD-SDIO/libraries/STM32F4xx_Peripheral_Libraries.a(stm32f4xx_adc.o)
                                                  build/waf.sflash_write-NoOS-MurataType1LD-SDIO/libraries/STM32F4xx_Peripheral_Drivers.a(platform_adc.o)
ADC_ContinuousModeCmd                             build/waf.sflash_write-NoOS-MurataType1LD-SDIO/libraries/STM32F4xx_Peripheral_Libraries.a(stm32f4xx_adc.o)
ADC_DMACmd                                        build/waf.sflash_write-NoOS-MurataType1LD-SDIO/libraries/STM32F4xx_Peripheral_Libraries.a(stm32f4xx_adc.o)
ADC_DMARequestAfterLastTransferCmd                build/waf.sflash_write-NoOS-MurataType1LD-SDIO/libraries/STM32F4xx_Peripheral_Libraries.a(stm32f4xx_adc.o)
ADC_DeInit                                        build/waf.sflash_write-NoOS-MurataType1LD-SDIO/libraries/STM32F4xx_Peripheral_Libraries.a(stm32f4xx_adc.o)
ADC_DiscModeChannelCountConfig                    build/waf.sflash_write-NoOS-MurataType1LD-SDIO/libraries/STM32F4xx_Peripheral_Libraries.a(stm32f4xx_adc.o)
ADC_DiscModeCmd                                   build/waf.sflash_write-NoOS-MurataType1LD-SDIO/libraries/STM32F4xx_Peripheral_Libraries.a(stm32f4xx_adc.o)
ADC_EOCOnEachRegularChannelCmd                    build/waf.sflash_write-NoOS-MurataType1LD-SDIO/libraries/STM32F4xx_Peripheral_Libraries.a(stm32f4xx_adc.o)
ADC_ExternalTrigInjectedConvConfig                build/waf.sflash_write-NoOS-MurataType1LD-SDIO/libraries/STM32F4xx_Peripheral_Libraries.a(stm32f4xx_adc.o)
ADC_ExternalTrigInjectedConvEdgeConfig            build/waf.sflash_write-NoOS-MurataType1LD-SDIO/libraries/STM32F4xx_Peripheral_Libraries.a(stm32f4xx_adc.o)
ADC_GetConversionValue                            build/waf.sflash_write-NoOS-MurataType1LD-SDIO/libraries/STM32F4xx_Peripheral_Libraries.a(stm32f4xx_adc.o)
                                                  build/waf.sflash_write-NoOS-MurataType1LD-SDIO/libraries/STM32F4xx_Peripheral_Drivers.a(platform_adc.o)
ADC_GetFlagStatus                                 build/waf.sflash_write-NoOS-MurataType1LD-SDIO/libraries/STM32F4xx_Peripheral_Libraries.a(stm32f4xx_adc.o)
                                                  build/waf.sflash_write-NoOS-MurataType1LD-SDIO/libraries/STM32F4xx_Peripheral_Drivers.a(platform_adc.o)
ADC_GetITStatus                                   build/waf.sflash_write-NoOS-MurataType1LD-SDIO/libraries/STM32F4xx_Peripheral_Libraries.a(stm32f4xx_adc.o)
ADC_GetInjectedConversionValue                    build/waf.sflash_write-NoOS-MurataType1LD-SDIO/libraries/STM32F4xx_Peripheral_Libraries.a(stm32f4xx_adc.o)
ADC_GetMultiModeConversionValue                   build/waf.sflash_write-NoOS-MurataType1LD-SDIO/libraries/STM32F4xx_Peripheral_Libraries.a(stm32f4xx_adc.o)
ADC_GetSoftwareStartConvStatus                    build/waf.sflash_write-NoOS-MurataType1LD-SDIO/libraries/STM32F4xx_Peripheral_Libraries.a(stm32f4xx_adc.o)
ADC_GetSoftwareStartInjectedConvCmdStatus         build/waf.sflash_write-NoOS-MurataType1LD-SDIO/libraries/STM32F4xx_Peripheral_Libraries.a(stm32f4xx_adc.o)
ADC_ITConfig                                      build/waf.sflash_write-NoOS-MurataType1LD-SDIO/libraries/STM32F4xx_Peripheral_Libraries.a(stm32f4xx_adc.o)
ADC_Init                                          build/waf.sflash_write-NoOS-MurataType1LD-SDIO/libraries/STM32F4xx_Peripheral_Libraries.a(stm32f4xx_adc.o)
                                                  build/waf.sflash_write-NoOS-MurataType1LD-SDIO/libraries/STM32F4xx_Peripheral_Drivers.a(platform_adc.o)
ADC_InjectedChannelConfig                         build/waf.sflash_write-NoOS-MurataType1LD-SDIO/libraries/STM32F4xx_Peripheral_Libraries.a(stm32f4xx_adc.o)
ADC_InjectedDiscModeCmd                           build/waf.sflash_write-NoOS-MurataType1LD-SDIO/libraries/STM32F4xx_Peripheral_Libraries.a(stm32f4xx_adc.o)
ADC_InjectedSequencerLengthConfig                 build/waf.sflash_write-NoOS-MurataType1LD-SDIO/libraries/STM32F4xx_Peripheral_Libraries.a(stm32f4xx_adc.o)
ADC_MultiModeDMARequestAfterLastTransferCmd       build/waf.sflash_write-NoOS-MurataType1LD-SDIO/libraries/STM32F4xx_Peripheral_Libraries.a(stm32f4xx_adc.o)
ADC_RegularChannelConfig                          build/waf.sflash_write-NoOS-MurataType1LD-SDIO/libraries/STM32F4xx_Peripheral_Libraries.a(stm32f4xx_adc.o)
                                                  build/waf.sflash_write-NoOS-MurataType1LD-SDIO/libraries/STM32F4xx_Peripheral_Drivers.a(platform_adc.o)
ADC_SetInjectedOffset                             build/waf.sflash_write-NoOS-MurataType1LD-SDIO/libraries/STM32F4xx_Peripheral_Libraries.a(stm32f4xx_adc.o)
ADC_SoftwareStartConv                             build/waf.sflash_write-NoOS-MurataType1LD-SDIO/libraries/STM32F4xx_Peripheral_Libraries.a(stm32f4xx_adc.o)
                                                  build/waf.sflash_write-NoOS-MurataType1LD-SDIO/libraries/STM32F4xx_Peripheral_Drivers.a(platform_adc.o)
ADC_SoftwareStartInjectedConv                     build/waf.sflash_write-NoOS-MurataType1LD-SDIO/libraries/STM32F4xx_Peripheral_Libraries.a(stm32f4xx_adc.o)
ADC_StructInit                                    build/waf.sflash_write-NoOS-MurataType1LD-SDIO/libraries/STM32F4xx_Peripheral_Libraries.a(stm32f4xx_adc.o)
                                                  build/waf.sflash_write-NoOS-MurataType1LD-SDIO/libraries/STM32F4xx_Peripheral_Drivers.a(platform_adc.o)
ADC_TempSensorVrefintCmd                          build/waf.sflash_write-NoOS-MurataType1LD-SDIO/libraries/STM32F4xx_Peripheral_Libraries.a(stm32f4xx_adc.o)
ADC_VBATCmd                                       build/waf.sflash_write-NoOS-MurataType1LD-SDIO/libraries/STM32F4xx_Peripheral_Libraries.a(stm32f4xx_adc.o)
ADC_irq                                           build/waf.sflash_write-NoOS-MurataType1LD-SDIO/libraries/STM32F4xx.a(platform_unhandled_isr.o)
                                                  build/waf.sflash_write-NoOS-MurataType1LD-SDIO/Modules/./WICED/platform/MCU/STM32F4xx/platform_vector_table.o
BusFaultException                                 build/waf.sflash_write-NoOS-MurataType1LD-SDIO/libraries/STM32F4xx.a(platform_unhandled_isr.o)
                                                  build/waf.sflash_write-NoOS-MurataType1LD-SDIO/Modules/./WICED/platform/MCU/STM32F4xx/platform_vector_table.o
CAN1_RX0_irq                                      build/waf.sflash_write-NoOS-MurataType1LD-SDIO/libraries/STM32F4xx.a(platform_unhandled_isr.o)
                                                  build/waf.sflash_write-NoOS-MurataType1LD-SDIO/Modules/./WICED/platform/MCU/STM32F4xx/platform_vector_table.o
CAN1_RX1_irq                                      build/waf.sflash_write-NoOS-MurataType1LD-SDIO/libraries/STM32F4xx.a(platform_unhandled_isr.o)
                                                  build/waf.sflash_write-NoOS-MurataType1LD-SDIO/Modules/./WICED/platform/MCU/STM32F4xx/platform_vector_table.o
CAN1_SCE_irq                                      build/waf.sflash_write-NoOS-MurataType1LD-SDIO/libraries/STM32F4xx.a(platform_unhandled_isr.o)
                                                  build/waf.sflash_write-NoOS-MurataType1LD-SDIO/Modules/./WICED/platform/MCU/STM32F4xx/platform_vector_table.o
CAN1_TX_irq                                       build/waf.sflash_write-NoOS-MurataType1LD-SDIO/libraries/STM32F4xx.a(platform_unhandled_isr.o)
                                                  build/waf.sflash_write-NoOS-MurataType1LD-SDIO/Modules/./WICED/platform/MCU/STM32F4xx/platform_vector_table.o
CAN2_RX0_irq                                      build/waf.sflash_write-NoOS-MurataType1LD-SDIO/libraries/STM32F4xx.a(platform_unhandled_isr.o)
                                                  build/waf.sflash_write-NoOS-MurataType1LD-SDIO/Modules/./WICED/platform/MCU/STM32F4xx/platform_vector_table.o
CAN2_RX1_irq                                      build/waf.sflash_write-NoOS-MurataType1LD-SDIO/libraries/STM32F4xx.a(platform_unhandled_isr.o)
                                                  build/waf.sflash_write-NoOS-MurataType1LD-SDIO/Modules/./WICED/platform/MCU/STM32F4xx/platform_vector_table.o
CAN2_SCE_irq                                      build/waf.sflash_write-NoOS-MurataType1LD-SDIO/libraries/STM32F4xx.a(platform_unhandled_isr.o)
                                                  build/waf.sflash_write-NoOS-MurataType1LD-SDIO/Modules/./WICED/platform/MCU/STM32F4xx/platform_vector_table.o
CAN2_TX_irq                                       build/waf.sflash_write-NoOS-MurataType1LD-SDIO/libraries/STM32F4xx.a(platform_unhandled_isr.o)
                                                  build/waf.sflash_write-NoOS-MurataType1LD-SDIO/Modules/./WICED/platform/MCU/STM32F4xx/platform_vector_table.o
CRYP_irq                                          build/waf.sflash_write-NoOS-MurataType1LD-SDIO/libraries/STM32F4xx.a(platform_unhandled_isr.o)
                                                  build/waf.sflash_write-NoOS-MurataType1LD-SDIO/Modules/./WICED/platform/MCU/STM32F4xx/platform_vector_table.o
DCMI_irq                                          build/waf.sflash_write-NoOS-MurataType1LD-SDIO/libraries/STM32F4xx.a(platform_unhandled_isr.o)
                                                  build/waf.sflash_write-NoOS-MurataType1LD-SDIO/Modules/./WICED/platform/MCU/STM32F4xx/platform_vector_table.o
DMA1_Stream0_irq                                  build/waf.sflash_write-NoOS-MurataType1LD-SDIO/libraries/STM32F4xx.a(platform_unhandled_isr.o)
                                                  build/waf.sflash_write-NoOS-MurataType1LD-SDIO/Modules/./WICED/platform/MCU/STM32F4xx/platform_vector_table.o
DMA1_Stream1_irq                                  build/waf.sflash_write-NoOS-MurataType1LD-SDIO/libraries/STM32F4xx.a(platform_unhandled_isr.o)
                                                  build/waf.sflash_write-NoOS-MurataType1LD-SDIO/Modules/./WICED/platform/MCU/STM32F4xx/platform_vector_table.o
DMA1_Stream2_irq                                  build/waf.sflash_write-NoOS-MurataType1LD-SDIO/libraries/STM32F4xx.a(platform_unhandled_isr.o)
                                                  build/waf.sflash_write-NoOS-MurataType1LD-SDIO/Modules/./WICED/platform/MCU/STM32F4xx/platform_vector_table.o
DMA1_Stream3_irq                                  build/waf.sflash_write-NoOS-MurataType1LD-SDIO/libraries/STM32F4xx.a(platform_unhandled_isr.o)
                                                  build/waf.sflash_write-NoOS-MurataType1LD-SDIO/Modules/./WICED/platform/MCU/STM32F4xx/platform_vector_table.o
DMA1_Stream4_irq                                  build/waf.sflash_write-NoOS-MurataType1LD-SDIO/libraries/STM32F4xx.a(platform_unhandled_isr.o)
                                                  build/waf.sflash_write-NoOS-MurataType1LD-SDIO/Modules/./WICED/platform/MCU/STM32F4xx/platform_vector_table.o
DMA1_Stream5_irq                                  build/waf.sflash_write-NoOS-MurataType1LD-SDIO/libraries/Platform_MurataType1LD.a(platform.o)
                                                  build/waf.sflash_write-NoOS-MurataType1LD-SDIO/Modules/./WICED/platform/MCU/STM32F4xx/platform_vector_table.o
DMA1_Stream6_irq                                  build/waf.sflash_write-NoOS-MurataType1LD-SDIO/libraries/Platform_MurataType1LD.a(platform.o)
                                                  build/waf.sflash_write-NoOS-MurataType1LD-SDIO/Modules/./WICED/platform/MCU/STM32F4xx/platform_vector_table.o
DMA1_Stream7_irq                                  build/waf.sflash_write-NoOS-MurataType1LD-SDIO/libraries/STM32F4xx.a(platform_unhandled_isr.o)
                                                  build/waf.sflash_write-NoOS-MurataType1LD-SDIO/Modules/./WICED/platform/MCU/STM32F4xx/platform_vector_table.o
DMA2_Stream0_irq                                  build/waf.sflash_write-NoOS-MurataType1LD-SDIO/libraries/STM32F4xx.a(platform_unhandled_isr.o)
                                                  build/waf.sflash_write-NoOS-MurataType1LD-SDIO/Modules/./WICED/platform/MCU/STM32F4xx/platform_vector_table.o
DMA2_Stream1_irq                                  build/waf.sflash_write-NoOS-MurataType1LD-SDIO/libraries/Platform_MurataType1LD.a(platform.o)
                                                  build/waf.sflash_write-NoOS-MurataType1LD-SDIO/Modules/./WICED/platform/MCU/STM32F4xx/platform_vector_table.o
DMA2_Stream2_irq                                  build/waf.sflash_write-NoOS-MurataType1LD-SDIO/libraries/Platform_MurataType1LD.a(platform.o)
                                                  build/waf.sflash_write-NoOS-MurataType1LD-SDIO/Modules/./WICED/platform/MCU/STM32F4xx/platform_vector_table.o
DMA2_Stream3_irq                                  build/waf.sflash_write-NoOS-MurataType1LD-SDIO/libraries/STM32F4xx.a(platform_unhandled_isr.o)
                                                  build/waf.sflash_write-NoOS-MurataType1LD-SDIO/Modules/./WICED/platform/MCU/STM32F4xx/platform_vector_table.o
DMA2_Stream4_irq                                  build/waf.sflash_write-NoOS-MurataType1LD-SDIO/libraries/STM32F4xx.a(platform_unhandled_isr.o)
                                                  build/waf.sflash_write-NoOS-MurataType1LD-SDIO/Modules/./WICED/platform/MCU/STM32F4xx/platform_vector_table.o